Archive member included to satisfy reference by file (symbol)

D:/Programas Permanentes/STM32CubeIDE_1.15.1/STM32CubeIDE/plugins/com.st.stm32cube.ide.mcu.externaltools.gnu-tools-for-stm32.12.3.rel1.win32_1.0.100.202403111256/tools/bin/../lib/gcc/arm-none-eabi/12.3.1/../../../../arm-none-eabi/lib/thumb/v7e-m+fp/hard\libstdc++_nano.a(del_ops.o)
                              ./Drivers/Async_Event_Loop/AsyncEventLoop.o (operator delete(void*, unsigned int))
D:/Programas Permanentes/STM32CubeIDE_1.15.1/STM32CubeIDE/plugins/com.st.stm32cube.ide.mcu.externaltools.gnu-tools-for-stm32.12.3.rel1.win32_1.0.100.202403111256/tools/bin/../lib/gcc/arm-none-eabi/12.3.1/../../../../arm-none-eabi/lib/thumb/v7e-m+fp/hard\libstdc++_nano.a(string-inst.o)
                              ./Core/Src/MainCPP.o (std::__cxx11::basic_string<char, std::char_traits<char>, std::allocator<char> >::basic_string())
D:/Programas Permanentes/STM32CubeIDE_1.15.1/STM32CubeIDE/plugins/com.st.stm32cube.ide.mcu.externaltools.gnu-tools-for-stm32.12.3.rel1.win32_1.0.100.202403111256/tools/bin/../lib/gcc/arm-none-eabi/12.3.1/../../../../arm-none-eabi/lib/thumb/v7e-m+fp/hard\libstdc++_nano.a(del_op.o)
                              D:/Programas Permanentes/STM32CubeIDE_1.15.1/STM32CubeIDE/plugins/com.st.stm32cube.ide.mcu.externaltools.gnu-tools-for-stm32.12.3.rel1.win32_1.0.100.202403111256/tools/bin/../lib/gcc/arm-none-eabi/12.3.1/../../../../arm-none-eabi/lib/thumb/v7e-m+fp/hard\libstdc++_nano.a(del_ops.o) (operator delete(void*))
D:/Programas Permanentes/STM32CubeIDE_1.15.1/STM32CubeIDE/plugins/com.st.stm32cube.ide.mcu.externaltools.gnu-tools-for-stm32.12.3.rel1.win32_1.0.100.202403111256/tools/bin/../lib/gcc/arm-none-eabi/12.3.1/../../../../arm-none-eabi/lib/thumb/v7e-m+fp/hard\libstdc++_nano.a(new_op.o)
                              D:/Programas Permanentes/STM32CubeIDE_1.15.1/STM32CubeIDE/plugins/com.st.stm32cube.ide.mcu.externaltools.gnu-tools-for-stm32.12.3.rel1.win32_1.0.100.202403111256/tools/bin/../lib/gcc/arm-none-eabi/12.3.1/../../../../arm-none-eabi/lib/thumb/v7e-m+fp/hard\libstdc++_nano.a(string-inst.o) (operator new(unsigned int))
D:/Programas Permanentes/STM32CubeIDE_1.15.1/STM32CubeIDE/plugins/com.st.stm32cube.ide.mcu.externaltools.gnu-tools-for-stm32.12.3.rel1.win32_1.0.100.202403111256/tools/bin/../lib/gcc/arm-none-eabi/12.3.1/../../../../arm-none-eabi/lib/thumb/v7e-m+fp/hard\libstdc++_nano.a(functexcept.o)
                              D:/Programas Permanentes/STM32CubeIDE_1.15.1/STM32CubeIDE/plugins/com.st.stm32cube.ide.mcu.externaltools.gnu-tools-for-stm32.12.3.rel1.win32_1.0.100.202403111256/tools/bin/../lib/gcc/arm-none-eabi/12.3.1/../../../../arm-none-eabi/lib/thumb/v7e-m+fp/hard\libstdc++_nano.a(string-inst.o) (std::__throw_bad_alloc())
D:/Programas Permanentes/STM32CubeIDE_1.15.1/STM32CubeIDE/plugins/com.st.stm32cube.ide.mcu.externaltools.gnu-tools-for-stm32.12.3.rel1.win32_1.0.100.202403111256/tools/bin/../lib/gcc/arm-none-eabi/12.3.1/../../../../arm-none-eabi/lib/thumb/v7e-m+fp/hard\libstdc++_nano.a(new_handler.o)
                              D:/Programas Permanentes/STM32CubeIDE_1.15.1/STM32CubeIDE/plugins/com.st.stm32cube.ide.mcu.externaltools.gnu-tools-for-stm32.12.3.rel1.win32_1.0.100.202403111256/tools/bin/../lib/gcc/arm-none-eabi/12.3.1/../../../../arm-none-eabi/lib/thumb/v7e-m+fp/hard\libstdc++_nano.a(new_op.o) (std::get_new_handler())
D:/Programas Permanentes/STM32CubeIDE_1.15.1/STM32CubeIDE/plugins/com.st.stm32cube.ide.mcu.externaltools.gnu-tools-for-stm32.12.3.rel1.win32_1.0.100.202403111256/tools/bin/../lib/gcc/arm-none-eabi/12.3.1/../../../../arm-none-eabi/lib/thumb/v7e-m+fp/hard\libc_nano.a(libc_a-abort.o)
                              D:/Programas Permanentes/STM32CubeIDE_1.15.1/STM32CubeIDE/plugins/com.st.stm32cube.ide.mcu.externaltools.gnu-tools-for-stm32.12.3.rel1.win32_1.0.100.202403111256/tools/bin/../lib/gcc/arm-none-eabi/12.3.1/../../../../arm-none-eabi/lib/thumb/v7e-m+fp/hard\libstdc++_nano.a(new_op.o) (abort)
D:/Programas Permanentes/STM32CubeIDE_1.15.1/STM32CubeIDE/plugins/com.st.stm32cube.ide.mcu.externaltools.gnu-tools-for-stm32.12.3.rel1.win32_1.0.100.202403111256/tools/bin/../lib/gcc/arm-none-eabi/12.3.1/../../../../arm-none-eabi/lib/thumb/v7e-m+fp/hard\libc_nano.a(libc_a-exit.o)
                              D:/Programas Permanentes/STM32CubeIDE_1.15.1/STM32CubeIDE/plugins/com.st.stm32cube.ide.mcu.externaltools.gnu-tools-for-stm32.12.3.rel1.win32_1.0.100.202403111256/tools/bin/../lib/gcc/arm-none-eabi/12.3.1/../../../../arm-none-eabi/lib/thumb/v7e-m+fp/hard/crt0.o (exit)
D:/Programas Permanentes/STM32CubeIDE_1.15.1/STM32CubeIDE/plugins/com.st.stm32cube.ide.mcu.externaltools.gnu-tools-for-stm32.12.3.rel1.win32_1.0.100.202403111256/tools/bin/../lib/gcc/arm-none-eabi/12.3.1/../../../../arm-none-eabi/lib/thumb/v7e-m+fp/hard\libc_nano.a(libc_a-malloc.o)
[...]
Memory Configuration

Name             Origin             Length             Attributes
RAM              0x20000000         0x00020000         xrw
FLASH            0x08000000         0x00080000         xr
*default*        0x00000000         0xffffffff

Linker script and memory map

LOAD D:/Programas Permanentes/STM32CubeIDE_1.15.1/STM32CubeIDE/plugins/com.st.stm32cube.ide.mcu.externaltools.gnu-tools-for-stm32.12.3.rel1.win32_1.0.100.202403111256/tools/bin/../lib/gcc/arm-none-eabi/12.3.1/thumb/v7e-m+fp/hard/crti.o
LOAD D:/Programas Permanentes/STM32CubeIDE_1.15.1/STM32CubeIDE/plugins/com.st.stm32cube.ide.mcu.externaltools.gnu-tools-for-stm32.12.3.rel1.win32_1.0.100.202403111256/tools/bin/../lib/gcc/arm-none-eabi/12.3.1/thumb/v7e-m+fp/hard/crtbegin.o
LOAD D:/Programas Permanentes/STM32CubeIDE_1.15.1/STM32CubeIDE/plugins/com.st.stm32cube.ide.mcu.externaltools.gnu-tools-for-stm32.12.3.rel1.win32_1.0.100.202403111256/tools/bin/../lib/gcc/arm-none-eabi/12.3.1/../../../../arm-none-eabi/lib/thumb/v7e-m+fp/hard/crt0.o
LOAD ./Core/Src/MainCPP.o
LOAD ./Core/Src/main.o
LOAD ./Core/Src/stm32f4xx_hal_msp.o
LOAD ./Core/Src/stm32f4xx_it.o
LOAD ./Core/Src/syscalls.o
LOAD ./Core/Src/sysmem.o
LOAD ./Core/Src/system_stm32f4xx.o
LOAD ./Core/Startup/startup_stm32f411ceux.o
LOAD ./Drivers/Async_Event_Loop/AsyncEventLoop.o
LOAD ./Drivers/Frame_Builder/FrameBuilder.o
LOAD ./Drivers/KY-040/KY040.o
LOAD ./Drivers/LCD/images.o
LOAD ./Drivers/LCD/lcd.o
LOAD ./Drivers/STM32F4xx_HAL_Driver/Src/stm32f4xx_hal.o
LOAD ./Drivers/STM32F4xx_HAL_Driver/Src/stm32f4xx_hal_cortex.o
LOAD ./Drivers/STM32F4xx_HAL_Driver/Src/stm32f4xx_hal_dma.o
LOAD ./Drivers/STM32F4xx_HAL_Driver/Src/stm32f4xx_hal_dma_ex.o
LOAD ./Drivers/STM32F4xx_HAL_Driver/Src/stm32f4xx_hal_exti.o
LOAD ./Drivers/STM32F4xx_HAL_Driver/Src/stm32f4xx_hal_flash.o
LOAD ./Drivers/STM32F4xx_HAL_Driver/Src/stm32f4xx_hal_flash_ex.o
LOAD ./Drivers/STM32F4xx_HAL_Driver/Src/stm32f4xx_hal_flash_ramfunc.o
LOAD ./Drivers/STM32F4xx_HAL_Driver/Src/stm32f4xx_hal_gpio.o
LOAD ./Drivers/STM32F4xx_HAL_Driver/Src/stm32f4xx_hal_pwr.o
LOAD ./Drivers/STM32F4xx_HAL_Driver/Src/stm32f4xx_hal_pwr_ex.o
LOAD ./Drivers/STM32F4xx_HAL_Driver/Src/stm32f4xx_hal_rcc.o
LOAD ./Drivers/STM32F4xx_HAL_Driver/Src/stm32f4xx_hal_rcc_ex.o
LOAD ./Drivers/STM32F4xx_HAL_Driver/Src/stm32f4xx_hal_spi.o
LOAD ./Drivers/STM32F4xx_HAL_Driver/Src/stm32f4xx_hal_tim.o
LOAD ./Drivers/STM32F4xx_HAL_Driver/Src/stm32f4xx_hal_tim_ex.o
LOAD ./Drivers/STM32F4xx_HAL_Driver/Src/stm32f4xx_hal_uart.o
LOAD ./Drivers/UGUI/font_6x8.o
LOAD ./Drivers/UGUI/ugui.o
LOAD ./Drivers/UGUI/ugui_button.o
LOAD ./Drivers/UGUI/ugui_checkbox.o
LOAD ./Drivers/UGUI/ugui_image.o
LOAD ./Drivers/UGUI/ugui_progress.o
LOAD ./Drivers/UGUI/ugui_textbox.o
START GROUP
LOAD D:/Programas Permanentes/STM32CubeIDE_1.15.1/STM32CubeIDE/plugins/com.st.stm32cube.ide.mcu.externaltools.gnu-tools-for-stm32.12.3.rel1.win32_1.0.100.202403111256/tools/bin/../lib/gcc/arm-none-eabi/12.3.1/../../../../arm-none-eabi/lib/thumb/v7e-m+fp/hard\libstdc++_nano.a
LOAD D:/Programas Permanentes/STM32CubeIDE_1.15.1/STM32CubeIDE/plugins/com.st.stm32cube.ide.mcu.externaltools.gnu-tools-for-stm32.12.3.rel1.win32_1.0.100.202403111256/tools/bin/../lib/gcc/arm-none-eabi/12.3.1/../../../../arm-none-eabi/lib/thumb/v7e-m+fp/hard\libsupc++_nano.a
END GROUP
LOAD D:/Programas Permanentes/STM32CubeIDE_1.15.1/STM32CubeIDE/plugins/com.st.stm32cube.ide.mcu.externaltools.gnu-tools-for-stm32.12.3.rel1.win32_1.0.100.202403111256/tools/bin/../lib/gcc/arm-none-eabi/12.3.1/../../../../arm-none-eabi/lib/thumb/v7e-m+fp/hard\libstdc++_nano.a
LOAD D:/Programas Permanentes/STM32CubeIDE_1.15.1/STM32CubeIDE/plugins/com.st.stm32cube.ide.mcu.externaltools.gnu-tools-for-stm32.12.3.rel1.win32_1.0.100.202403111256/tools/bin/../lib/gcc/arm-none-eabi/12.3.1/../../../../arm-none-eabi/lib/thumb/v7e-m+fp/hard\libm.a
LOAD D:/Programas Permanentes/STM32CubeIDE_1.15.1/STM32CubeIDE/plugins/com.st.stm32cube.ide.mcu.externaltools.gnu-tools-for-stm32.12.3.rel1.win32_1.0.100.202403111256/tools/bin/../lib/gcc/arm-none-eabi/12.3.1/../../../../arm-none-eabi/lib/thumb/v7e-m+fp/hard\libc_nano.a
START GROUP
LOAD D:/Programas Permanentes/STM32CubeIDE_1.15.1/STM32CubeIDE/plugins/com.st.stm32cube.ide.mcu.externaltools.gnu-tools-for-stm32.12.3.rel1.win32_1.0.100.202403111256/tools/bin/../lib/gcc/arm-none-eabi/12.3.1/thumb/v7e-m+fp/hard\libgcc.a
LOAD D:/Programas Permanentes/STM32CubeIDE_1.15.1/STM32CubeIDE/plugins/com.st.stm32cube.ide.mcu.externaltools.gnu-tools-for-stm32.12.3.rel1.win32_1.0.100.202403111256/tools/bin/../lib/gcc/arm-none-eabi/12.3.1/../../../../arm-none-eabi/lib/thumb/v7e-m+fp/hard\libc_nano.a
END GROUP
START GROUP
LOAD D:/Programas Permanentes/STM32CubeIDE_1.15.1/STM32CubeIDE/plugins/com.st.stm32cube.ide.mcu.externaltools.gnu-tools-for-stm32.12.3.rel1.win32_1.0.100.202403111256/tools/bin/../lib/gcc/arm-none-eabi/12.3.1/thumb/v7e-m+fp/hard\libgcc.a
LOAD D:/Programas Permanentes/STM32CubeIDE_1.15.1/STM32CubeIDE/plugins/com.st.stm32cube.ide.mcu.externaltools.gnu-tools-for-stm32.12.3.rel1.win32_1.0.100.202403111256/tools/bin/../lib/gcc/arm-none-eabi/12.3.1/../../../../arm-none-eabi/lib/thumb/v7e-m+fp/hard\libc_nano.a
LOAD D:/Programas Permanentes/STM32CubeIDE_1.15.1/STM32CubeIDE/plugins/com.st.stm32cube.ide.mcu.externaltools.gnu-tools-for-stm32.12.3.rel1.win32_1.0.100.202403111256/tools/bin/../lib/gcc/arm-none-eabi/12.3.1/../../../../arm-none-eabi/lib/thumb/v7e-m+fp/hard\libnosys.a
END GROUP
START GROUP
LOAD D:/Programas Permanentes/STM32CubeIDE_1.15.1/STM32CubeIDE/plugins/com.st.stm32cube.ide.mcu.externaltools.gnu-tools-for-stm32.12.3.rel1.win32_1.0.100.202403111256/tools/bin/../lib/gcc/arm-none-eabi/12.3.1/thumb/v7e-m+fp/hard\libgcc.a
LOAD D:/Programas Permanentes/STM32CubeIDE_1.15.1/STM32CubeIDE/plugins/com.st.stm32cube.ide.mcu.externaltools.gnu-tools-for-stm32.12.3.rel1.win32_1.0.100.202403111256/tools/bin/../lib/gcc/arm-none-eabi/12.3.1/../../../../arm-none-eabi/lib/thumb/v7e-m+fp/hard\libc_nano.a
LOAD D:/Programas Permanentes/STM32CubeIDE_1.15.1/STM32CubeIDE/plugins/com.st.stm32cube.ide.mcu.externaltools.gnu-tools-for-stm32.12.3.rel1.win32_1.0.100.202403111256/tools/bin/../lib/gcc/arm-none-eabi/12.3.1/../../../../arm-none-eabi/lib/thumb/v7e-m+fp/hard\libnosys.a
END GROUP
LOAD D:/Programas Permanentes/STM32CubeIDE_1.15.1/STM32CubeIDE/plugins/com.st.stm32cube.ide.mcu.externaltools.gnu-tools-for-stm32.12.3.rel1.win32_1.0.100.202403111256/tools/bin/../lib/gcc/arm-none-eabi/12.3.1/thumb/v7e-m+fp/hard/crtend.o
LOAD D:/Programas Permanentes/STM32CubeIDE_1.15.1/STM32CubeIDE/plugins/com.st.stm32cube.ide.mcu.externaltools.gnu-tools-for-stm32.12.3.rel1.win32_1.0.100.202403111256/tools/bin/../lib/gcc/arm-none-eabi/12.3.1/thumb/v7e-m+fp/hard/crtn.o
                0x20020000                        _estack = (ORIGIN (RAM) + LENGTH (RAM))
                0x00000200                        _Min_Heap_Size = 0x200
                0x00000400                        _Min_Stack_Size = 0x400

.isr_vector     0x08000000      0x198
                0x08000000                        . = ALIGN (0x4)
 *(.isr_vector)
 .isr_vector    0x08000000      0x198 ./Core/Startup/startup_stm32f411ceux.o
                0x08000000                g_pfnVectors
                0x08000198                        . = ALIGN (0x4)

.text           0x080001a0     0x77d4
                0x080001a0                        . = ALIGN (0x4)
 *(.text)
 .text          0x080001a0       0x40 D:/Programas Permanentes/STM32CubeIDE_1.15.1/STM32CubeIDE/plugins/com.st.stm32cube.ide.mcu.externaltools.gnu-tools-for-stm32.12.3.rel1.win32_1.0.100.202403111256/tools/bin/../lib/gcc/arm-none-eabi/12.3.1/thumb/v7e-m+fp/hard/crtbegin.o
 .text          0x080001e0       0xa0 D:/Programas Permanentes/STM32CubeIDE_1.15.1/STM32CubeIDE/plugins/com.st.stm32cube.ide.mcu.externaltools.gnu-tools-for-stm32.12.3.rel1.win32_1.0.100.202403111256/tools/bin/../lib/gcc/arm-none-eabi/12.3.1/../../../../arm-none-eabi/lib/thumb/v7e-m+fp/hard\libc_nano.a(libc_a-memchr.o)
                0x080001e0                memchr
 .text          0x08000280       0x30 D:/Programas Permanentes/STM32CubeIDE_1.15.1/STM32CubeIDE/plugins/com.st.stm32cube.ide.mcu.externaltools.gnu-tools-for-stm32.12.3.rel1.win32_1.0.100.202403111256/tools/bin/../lib/gcc/arm-none-eabi/12.3.1/thumb/v7e-m+fp/hard\libgcc.a(_aeabi_uldivmod.o)
                0x08000280                __aeabi_uldivmod
 .text          0x080002b0      0x2bc D:/Programas Permanentes/STM32CubeIDE_1.15.1/STM32CubeIDE/plugins/com.st.stm32cube.ide.mcu.externaltools.gnu-tools-for-stm32.12.3.rel1.win32_1.0.100.202403111256/tools/bin/../lib/gcc/arm-none-eabi/12.3.1/thumb/v7e-m+fp/hard\libgcc.a(_udivmoddi4.o)
                0x080002b0                __udivmoddi4
 .text          0x0800056c        0x4 D:/Programas Permanentes/STM32CubeIDE_1.15.1/STM32CubeIDE/plugins/com.st.stm32cube.ide.mcu.externaltools.gnu-tools-for-stm32.12.3.rel1.win32_1.0.100.202403111256/tools/bin/../lib/gcc/arm-none-eabi/12.3.1/thumb/v7e-m+fp/hard\libgcc.a(_dvmd_tls.o)
                0x0800056c                __aeabi_idiv0
                0x0800056c                __aeabi_ldiv0
 *(.text*)
 .text._ZN14QueueableClassC2Ev
                0x08000570       0x2c ./Core/Src/MainCPP.o
                0x08000570                QueueableClass::QueueableClass()
                0x08000570                QueueableClass::QueueableClass()
 .text._ZN14QueueableClassD2Ev
                0x0800059c       0x20 ./Core/Src/MainCPP.o
                0x0800059c                QueueableClass::~QueueableClass()
                0x0800059c                QueueableClass::~QueueableClass()
 .text._ZN14QueueableClass8getStateEv
                0x080005bc       0x18 ./Core/Src/MainCPP.o
                0x080005bc                QueueableClass::getState()
 .text._ZN14QueueableClass12setNextClassEPS_
                0x080005d4       0x1c ./Core/Src/MainCPP.o
                0x080005d4                QueueableClass::setNextClass(QueueableClass*)
 .text._ZN14QueueableClass12getNextClassEv
                0x080005f0       0x18 ./Core/Src/MainCPP.o
                0x080005f0                QueueableClass::getNextClass()
 .text._ZN14QueueableClass7requeueEv
                0x08000608       0x18 ./Core/Src/MainCPP.o
                0x08000608                QueueableClass::requeue()
 .text._ZN14QueueableClass7enqueueEv
                0x08000620       0x18 ./Core/Src/MainCPP.o
                0x08000620                QueueableClass::enqueue()
 .text._ZN14QueueableClass7EXECUTEEv
                0x08000638       0xb4 ./Core/Src/MainCPP.o
                0x08000638                QueueableClass::EXECUTE()
 .text._ZN14QueueableClass8setStateE20QueueableReturnValue
                0x080006ec       0x1e ./Core/Src/MainCPP.o
                0x080006ec                QueueableClass::setState(QueueableReturnValue)
 *fill*         0x0800070a        0x2 
 .text._ZN9flashOnce7EXECUTEEv
                0x0800070c       0xbc ./Core/Src/MainCPP.o
                0x0800070c                flashOnce::EXECUTE()
 .text._ZN9flashOnceC2Ev
                0x080007c8       0x24 ./Core/Src/MainCPP.o
                0x080007c8                flashOnce::flashOnce()
                0x080007c8                flashOnce::flashOnce()
 .text._Z17beepActionWrapperv
                0x080007ec       0x18 ./Core/Src/MainCPP.o
                0x080007ec                beepActionWrapper()
 .text.ButtonEncoderWrapper
                0x08000804       0x18 ./Core/Src/MainCPP.o
                0x08000804                ButtonEncoderWrapper
 .text._Z13floatToStringfPcii
                0x0800081c       0xcc ./Core/Src/MainCPP.o
                0x0800081c                floatToString(float, char*, int, int)
 .text._Z7MainCPPv
                0x080008e8      0x22c ./Core/Src/MainCPP.o
                0x080008e8                MainCPP()
 .text.EVENT_LOOP_WRAPPER
                0x08000b14       0x14 ./Core/Src/MainCPP.o
                0x08000b14                EVENT_LOOP_WRAPPER
 .text.RotaryEncoderWrapper
                0x08000b28       0x14 ./Core/Src/MainCPP.o
                0x08000b28                RotaryEncoderWrapper
 .text.MainC    0x08000b3c        0xc ./Core/Src/MainCPP.o
                0x08000b3c                MainC
 .text._ZN9flashOnceD2Ev
                0x08000b48       0x24 ./Core/Src/MainCPP.o
                0x08000b48                flashOnce::~flashOnce()
                0x08000b48                flashOnce::~flashOnce()
 .text._Z41__static_initialization_and_destruction_0ii
                0x08000b6c       0xa8 ./Core/Src/MainCPP.o
 .text._GLOBAL__sub_I_beep
                0x08000c14       0x10 ./Core/Src/MainCPP.o
 .text._GLOBAL__sub_D_beep
                0x08000c24       0x10 ./Core/Src/MainCPP.o
 .text.main     0x08000c34       0x34 ./Core/Src/main.o
                0x08000c34                main
 .text.SystemClock_Config
                0x08000c68       0xd0 ./Core/Src/main.o
                0x08000c68                SystemClock_Config
 .text.MX_SPI1_Init
                0x08000d38       0x70 ./Core/Src/main.o
 .text.MX_TIM11_Init
                0x08000da8       0x48 ./Core/Src/main.o
 .text.MX_USART1_UART_Init
                0x08000df0       0x54 ./Core/Src/main.o
 .text.MX_DMA_Init
                0x08000e44       0x40 ./Core/Src/main.o
 .text.MX_GPIO_Init
                0x08000e84      0x19c ./Core/Src/main.o
 .text.HAL_GPIO_EXTI_Callback
                0x08001020       0x3c ./Core/Src/main.o
                0x08001020                HAL_GPIO_EXTI_Callback
 .text.HAL_TIM_PeriodElapsedCallback
                0x0800105c       0x54 ./Core/Src/main.o
                0x0800105c                HAL_TIM_PeriodElapsedCallback
 .text.Error_Handler
                0x080010b0       0x38 ./Core/Src/main.o
                0x080010b0                Error_Handler
 .text.HAL_MspInit
                0x080010e8       0x50 ./Core/Src/stm32f4xx_hal_msp.o
                0x080010e8                HAL_MspInit
 .text.HAL_SPI_MspInit
                0x08001138       0xf4 ./Core/Src/stm32f4xx_hal_msp.o
                0x08001138                HAL_SPI_MspInit
 .text.HAL_TIM_Base_MspInit
                0x0800122c       0x50 ./Core/Src/stm32f4xx_hal_msp.o
                0x0800122c                HAL_TIM_Base_MspInit
 .text.HAL_UART_MspInit
                0x0800127c       0xa0 ./Core/Src/stm32f4xx_hal_msp.o
                0x0800127c                HAL_UART_MspInit
 .text.NMI_Handler
                0x0800131c        0x8 ./Core/Src/stm32f4xx_it.o
                0x0800131c                NMI_Handler
 .text.HardFault_Handler
                0x08001324        0x8 ./Core/Src/stm32f4xx_it.o
                0x08001324                HardFault_Handler
 .text.MemManage_Handler
                0x0800132c        0x8 ./Core/Src/stm32f4xx_it.o
                0x0800132c                MemManage_Handler
 .text.BusFault_Handler
                0x08001334        0x8 ./Core/Src/stm32f4xx_it.o
                0x08001334                BusFault_Handler
 .text.UsageFault_Handler
                0x0800133c        0x8 ./Core/Src/stm32f4xx_it.o
                0x0800133c                UsageFault_Handler
 .text.SVC_Handler
                0x08001344        0xe ./Core/Src/stm32f4xx_it.o
                0x08001344                SVC_Handler
 .text.DebugMon_Handler
                0x08001352        0xe ./Core/Src/stm32f4xx_it.o
                0x08001352                DebugMon_Handler
 .text.PendSV_Handler
                0x08001360        0xe ./Core/Src/stm32f4xx_it.o
                0x08001360                PendSV_Handler
 .text.SysTick_Handler
                0x0800136e        0xc ./Core/Src/stm32f4xx_it.o
                0x0800136e                SysTick_Handler
 .text.EXTI0_IRQHandler
                0x0800137a        0xe ./Core/Src/stm32f4xx_it.o
                0x0800137a                EXTI0_IRQHandler
 .text.EXTI1_IRQHandler
                0x08001388        0xe ./Core/Src/stm32f4xx_it.o
                0x08001388                EXTI1_IRQHandler
 .text.EXTI2_IRQHandler
                0x08001396        0xe ./Core/Src/stm32f4xx_it.o
                0x08001396                EXTI2_IRQHandler
 .text.TIM1_TRG_COM_TIM11_IRQHandler
                0x080013a4       0x14 ./Core/Src/stm32f4xx_it.o
                0x080013a4                TIM1_TRG_COM_TIM11_IRQHandler
 .text.USART1_IRQHandler
                0x080013b8       0x14 ./Core/Src/stm32f4xx_it.o
                0x080013b8                USART1_IRQHandler
 .text.DMA2_Stream2_IRQHandler
                0x080013cc       0x14 ./Core/Src/stm32f4xx_it.o
                0x080013cc                DMA2_Stream2_IRQHandler
 .text._sbrk    0x080013e0       0x6c ./Core/Src/sysmem.o
                0x080013e0                _sbrk
 .text.SystemInit
                0x0800144c       0x24 ./Core/Src/system_stm32f4xx.o
                0x0800144c                SystemInit
 .text.Reset_Handler
                0x08001470       0x50 ./Core/Startup/startup_stm32f411ceux.o
                0x08001470                Reset_Handler
 .text.Default_Handler
                0x080014c0        0x2 ./Core/Startup/startup_stm32f411ceux.o
                0x080014c0                RTC_Alarm_IRQHandler
                0x080014c0                SPI4_IRQHandler
                0x080014c0                TIM1_CC_IRQHandler
                0x080014c0                DMA2_Stream5_IRQHandler
                0x080014c0                DMA1_Stream5_IRQHandler
                0x080014c0                PVD_IRQHandler
                0x080014c0                SDIO_IRQHandler
                0x080014c0                TAMP_STAMP_IRQHandler
                0x080014c0                EXTI3_IRQHandler
                0x080014c0                TIM1_UP_TIM10_IRQHandler
                0x080014c0                I2C3_ER_IRQHandler
                0x080014c0                I2C2_EV_IRQHandler
                0x080014c0                DMA1_Stream2_IRQHandler
                0x080014c0                FPU_IRQHandler
                0x080014c0                SPI1_IRQHandler
                0x080014c0                TIM1_BRK_TIM9_IRQHandler
                0x080014c0                DMA2_Stream3_IRQHandler
                0x080014c0                USART6_IRQHandler
                0x080014c0                DMA2_Stream0_IRQHandler
                0x080014c0                TIM4_IRQHandler
                0x080014c0                I2C1_EV_IRQHandler
                0x080014c0                DMA1_Stream6_IRQHandler
                0x080014c0                DMA1_Stream1_IRQHandler
                0x080014c0                TIM3_IRQHandler
                0x080014c0                RCC_IRQHandler
                0x080014c0                Default_Handler
                0x080014c0                EXTI15_10_IRQHandler
                0x080014c0                ADC_IRQHandler
                0x080014c0                DMA1_Stream7_IRQHandler
                0x080014c0                SPI5_IRQHandler
                0x080014c0                TIM5_IRQHandler
                0x080014c0                DMA2_Stream7_IRQHandler
                0x080014c0                I2C3_EV_IRQHandler
                0x080014c0                EXTI9_5_IRQHandler
                0x080014c0                RTC_WKUP_IRQHandler
                0x080014c0                SPI2_IRQHandler
                0x080014c0                DMA1_Stream0_IRQHandler
                0x080014c0                EXTI4_IRQHandler
                0x080014c0                WWDG_IRQHandler
                0x080014c0                TIM2_IRQHandler
                0x080014c0                OTG_FS_WKUP_IRQHandler
                0x080014c0                USART2_IRQHandler
                0x080014c0                I2C2_ER_IRQHandler
                0x080014c0                DMA2_Stream1_IRQHandler
                0x080014c0                FLASH_IRQHandler
                0x080014c0                DMA2_Stream4_IRQHandler
                0x080014c0                OTG_FS_IRQHandler
                0x080014c0                SPI3_IRQHandler
                0x080014c0                DMA1_Stream4_IRQHandler
                0x080014c0                I2C1_ER_IRQHandler
                0x080014c0                DMA2_Stream6_IRQHandler
                0x080014c0                DMA1_Stream3_IRQHandler
 *fill*         0x080014c2        0x2 
 .text._ZN16Async_Event_LoopC2Ev
                0x080014c4       0x34 ./Drivers/Async_Event_Loop/AsyncEventLoop.o
                0x080014c4                Async_Event_Loop::Async_Event_Loop()
                0x080014c4                Async_Event_Loop::Async_Event_Loop()
 .text._ZN16Async_Event_LoopD2Ev
                0x080014f8       0x20 ./Drivers/Async_Event_Loop/AsyncEventLoop.o
                0x080014f8                Async_Event_Loop::~Async_Event_Loop()
                0x080014f8                Async_Event_Loop::~Async_Event_Loop()
 .text._ZN16Async_Event_LoopD0Ev
                0x08001518       0x20 ./Drivers/Async_Event_Loop/AsyncEventLoop.o
                0x08001518                Async_Event_Loop::~Async_Event_Loop()
 .text._ZN16Async_Event_Loop12setBeginningEP14QueueableClass
                0x08001538       0x1c ./Drivers/Async_Event_Loop/AsyncEventLoop.o
                0x08001538                Async_Event_Loop::setBeginning(QueueableClass*)
 .text._ZN16Async_Event_Loop12getBeginningEv
                0x08001554       0x18 ./Drivers/Async_Event_Loop/AsyncEventLoop.o
                0x08001554                Async_Event_Loop::getBeginning()
 .text._ZN16Async_Event_Loop11setPreviousEP14QueueableClass
                0x0800156c       0x1c ./Drivers/Async_Event_Loop/AsyncEventLoop.o
                0x0800156c                Async_Event_Loop::setPrevious(QueueableClass*)
 .text._ZN16Async_Event_Loop11getPreviousEv
                0x08001588       0x18 ./Drivers/Async_Event_Loop/AsyncEventLoop.o
                0x08001588                Async_Event_Loop::getPrevious()
 .text._ZN16Async_Event_Loop6setEndEP14QueueableClass
                0x080015a0       0x1c ./Drivers/Async_Event_Loop/AsyncEventLoop.o
                0x080015a0                Async_Event_Loop::setEnd(QueueableClass*)
 .text._ZN16Async_Event_Loop6getEndEv
                0x080015bc       0x18 ./Drivers/Async_Event_Loop/AsyncEventLoop.o
                0x080015bc                Async_Event_Loop::getEnd()
 .text._ZN16Async_Event_Loop7enqueueEP14QueueableClass
                0x080015d4       0xa2 ./Drivers/Async_Event_Loop/AsyncEventLoop.o
                0x080015d4                Async_Event_Loop::enqueue(QueueableClass*)
 .text._ZN16Async_Event_Loop7dequeueEP14QueueableClass
                0x08001676       0x9c ./Drivers/Async_Event_Loop/AsyncEventLoop.o
                0x08001676                Async_Event_Loop::dequeue(QueueableClass*)
 *fill*         0x08001712        0x2 
 .text._ZN16Async_Event_Loop10ASYNC_LOOPEv
                0x08001714       0xa0 ./Drivers/Async_Event_Loop/AsyncEventLoop.o
                0x08001714                Async_Event_Loop::ASYNC_LOOP()
 .text._ZN13Frame_BuilderC2Ev
                0x080017b4       0x20 ./Drivers/Frame_Builder/FrameBuilder.o
                0x080017b4                Frame_Builder::Frame_Builder()
                0x080017b4                Frame_Builder::Frame_Builder()
 .text._ZN13Frame_BuilderD2Ev
                0x080017d4       0x20 ./Drivers/Frame_Builder/FrameBuilder.o
                0x080017d4                Frame_Builder::~Frame_Builder()
                0x080017d4                Frame_Builder::~Frame_Builder()
 .text._ZN13Frame_BuilderD0Ev
                0x080017f4       0x20 ./Drivers/Frame_Builder/FrameBuilder.o
                0x080017f4                Frame_Builder::~Frame_Builder()
 .text._ZN13Frame_Builder15FB_Draw8bitTileEhhhhPKtPFvsstEPKhhb
                0x08001814      0x106 ./Drivers/Frame_Builder/FrameBuilder.o
                0x08001814                Frame_Builder::FB_Draw8bitTile(unsigned char, unsigned char, unsigned char, unsigned char, unsigned short const*, void (*)(short, short, unsigned short), unsigned char const*, unsigned char, bool)
 .text._ZN13Frame_Builder20FB_LongBGPartialDrawEtttttthhttPKtPFvsstEPKh
                0x0800191a       0xfc ./Drivers/Frame_Builder/FrameBuilder.o
                0x0800191a                Frame_Builder::FB_LongBGPartialDraw(unsigned short, unsigned short, unsigned short, unsigned short, unsigned short, unsigned short, unsigned char, unsigned char, unsigned short, unsigned short, unsigned short const*, void (*)(short, short, unsigned short), unsigned char const*)
 *fill*         0x08001a16        0x2 
 .text._ZN6KY_040C2EP12GPIO_TypeDeftS1_tllPFvvEb
                0x08001a18       0x7c ./Drivers/KY-040/KY040.o
                0x08001a18                KY_040::KY_040(GPIO_TypeDef*, unsigned short, GPIO_TypeDef*, unsigned short, long, long, void (*)(), bool)
                0x08001a18                KY_040::KY_040(GPIO_TypeDef*, unsigned short, GPIO_TypeDef*, unsigned short, long, long, void (*)(), bool)
 .text._ZN6KY_040D2Ev
                0x08001a94       0x20 ./Drivers/KY-040/KY040.o
                0x08001a94                KY_040::~KY_040()
                0x08001a94                KY_040::~KY_040()
 .text._ZN6KY_040D0Ev
                0x08001ab4       0x20 ./Drivers/KY-040/KY040.o
                0x08001ab4                KY_040::~KY_040()
 .text._ZN6KY_0408setStepsEl
                0x08001ad4       0x1c ./Drivers/KY-040/KY040.o
                0x08001ad4                KY_040::setSteps(long)
 .text._ZN6KY_0408getStepsEv
                0x08001af0       0x18 ./Drivers/KY-040/KY040.o
                0x08001af0                KY_040::getSteps()
 .text._ZN6KY_04015handleInterruptEv
                0x08001b08      0x114 ./Drivers/KY-040/KY040.o
                0x08001b08                KY_040::handleInterrupt()
 .text.setSPI_Size
                0x08001c1c       0x7c ./Drivers/LCD/lcd.o
 .text.setDMAMemMode
                0x08001c98      0x118 ./Drivers/LCD/lcd.o
 .text.LCD_WriteCommand
                0x08001db0       0x58 ./Drivers/LCD/lcd.o
 .text.LCD_WriteData
                0x08001e08       0xc4 ./Drivers/LCD/lcd.o
 .text.LCD_SetAddressWindow
                0x08001ecc       0xae ./Drivers/LCD/lcd.o
 *fill*         0x08001f7a        0x2 
 .text.LCD_DrawPixelFB
                0x08001f7c       0x60 ./Drivers/LCD/lcd.o
                0x08001f7c                LCD_DrawPixelFB
 .text.LCD_PutStr
                0x08001fdc       0x40 ./Drivers/LCD/lcd.o
                0x08001fdc                LCD_PutStr
 .text.LCD_setPower
                0x0800201c       0x2c ./Drivers/LCD/lcd.o
                0x0800201c                LCD_setPower
 .text.LCD_Update
                0x08002048       0x38 ./Drivers/LCD/lcd.o
                0x08002048                LCD_Update
 .text.LCD_init
                0x08002080       0x90 ./Drivers/LCD/lcd.o
                0x08002080                LCD_init
 .text.HAL_Init
                0x08002110       0x44 ./Drivers/STM32F4xx_HAL_Driver/Src/stm32f4xx_hal.o
                0x08002110                HAL_Init
 .text.HAL_InitTick
                0x08002154       0x60 ./Drivers/STM32F4xx_HAL_Driver/Src/stm32f4xx_hal.o
                0x08002154                HAL_InitTick
 .text.HAL_IncTick
                0x080021b4       0x28 ./Drivers/STM32F4xx_HAL_Driver/Src/stm32f4xx_hal.o
                0x080021b4                HAL_IncTick
 .text.HAL_GetTick
                0x080021dc       0x18 ./Drivers/STM32F4xx_HAL_Driver/Src/stm32f4xx_hal.o
                0x080021dc                HAL_GetTick
 .text.HAL_Delay
                0x080021f4       0x48 ./Drivers/STM32F4xx_HAL_Driver/Src/stm32f4xx_hal.o
                0x080021f4                HAL_Delay
 .text.__NVIC_SetPriorityGrouping
                0x0800223c       0x48 ./Drivers/STM32F4xx_HAL_Driver/Src/stm32f4xx_hal_cortex.o
 .text.__NVIC_GetPriorityGrouping
                0x08002284       0x1c ./Drivers/STM32F4xx_HAL_Driver/Src/stm32f4xx_hal_cortex.o
 .text.__NVIC_EnableIRQ
                0x080022a0       0x3c ./Drivers/STM32F4xx_HAL_Driver/Src/stm32f4xx_hal_cortex.o
 .text.__NVIC_DisableIRQ
                0x080022dc       0x48 ./Drivers/STM32F4xx_HAL_Driver/Src/stm32f4xx_hal_cortex.o
 .text.__NVIC_SetPriority
                0x08002324       0x54 ./Drivers/STM32F4xx_HAL_Driver/Src/stm32f4xx_hal_cortex.o
 .text.NVIC_EncodePriority
                0x08002378       0x66 ./Drivers/STM32F4xx_HAL_Driver/Src/stm32f4xx_hal_cortex.o
 *fill*         0x080023de        0x2 
 .text.SysTick_Config
                0x080023e0       0x44 ./Drivers/STM32F4xx_HAL_Driver/Src/stm32f4xx_hal_cortex.o
 .text.HAL_NVIC_SetPriorityGrouping
                0x08002424       0x16 ./Drivers/STM32F4xx_HAL_Driver/Src/stm32f4xx_hal_cortex.o
                0x08002424                HAL_NVIC_SetPriorityGrouping
 .text.HAL_NVIC_SetPriority
                0x0800243a       0x38 ./Drivers/STM32F4xx_HAL_Driver/Src/stm32f4xx_hal_cortex.o
                0x0800243a                HAL_NVIC_SetPriority
 .text.HAL_NVIC_EnableIRQ
                0x08002472       0x1c ./Drivers/STM32F4xx_HAL_Driver/Src/stm32f4xx_hal_cortex.o
                0x08002472                HAL_NVIC_EnableIRQ
 .text.HAL_NVIC_DisableIRQ
                0x0800248e       0x1c ./Drivers/STM32F4xx_HAL_Driver/Src/stm32f4xx_hal_cortex.o
                0x0800248e                HAL_NVIC_DisableIRQ
 .text.HAL_SYSTICK_Config
                0x080024aa       0x18 ./Drivers/STM32F4xx_HAL_Driver/Src/stm32f4xx_hal_cortex.o
                0x080024aa                HAL_SYSTICK_Config
 *fill*         0x080024c2        0x2 
 .text.HAL_DMA_Init
                0x080024c4      0x15c ./Drivers/STM32F4xx_HAL_Driver/Src/stm32f4xx_hal_dma.o
                0x080024c4                HAL_DMA_Init
 .text.HAL_DMA_Start_IT
                0x08002620       0xb0 ./Drivers/STM32F4xx_HAL_Driver/Src/stm32f4xx_hal_dma.o
                0x08002620                HAL_DMA_Start_IT
 .text.HAL_DMA_Abort
                0x080026d0       0xe0 ./Drivers/STM32F4xx_HAL_Driver/Src/stm32f4xx_hal_dma.o
                0x080026d0                HAL_DMA_Abort
 .text.HAL_DMA_Abort_IT
                0x080027b0       0x44 ./Drivers/STM32F4xx_HAL_Driver/Src/stm32f4xx_hal_dma.o
                0x080027b0                HAL_DMA_Abort_IT
 .text.HAL_DMA_IRQHandler
                0x080027f4      0x314 ./Drivers/STM32F4xx_HAL_Driver/Src/stm32f4xx_hal_dma.o
                0x080027f4                HAL_DMA_IRQHandler
 .text.HAL_DMA_GetState
                0x08002b08       0x1c ./Drivers/STM32F4xx_HAL_Driver/Src/stm32f4xx_hal_dma.o
                0x08002b08                HAL_DMA_GetState
 .text.DMA_SetConfig
                0x08002b24       0x5c ./Drivers/STM32F4xx_HAL_Driver/Src/stm32f4xx_hal_dma.o
 .text.DMA_CalcBaseAndBitshift
                0x08002b80       0x6c ./Drivers/STM32F4xx_HAL_Driver/Src/stm32f4xx_hal_dma.o
 .text.DMA_CheckFifoParam
                0x08002bec       0xf8 ./Drivers/STM32F4xx_HAL_Driver/Src/stm32f4xx_hal_dma.o
 .text.HAL_GPIO_Init
                0x08002ce4      0x308 ./Drivers/STM32F4xx_HAL_Driver/Src/stm32f4xx_hal_gpio.o
                0x08002ce4                HAL_GPIO_Init
 .text.HAL_GPIO_WritePin
                0x08002fec       0x32 ./Drivers/STM32F4xx_HAL_Driver/Src/stm32f4xx_hal_gpio.o
                0x08002fec                HAL_GPIO_WritePin
 *fill*         0x0800301e        0x2 
 .text.HAL_GPIO_EXTI_IRQHandler
                0x08003020       0x30 ./Drivers/STM32F4xx_HAL_Driver/Src/stm32f4xx_hal_gpio.o
                0x08003020                HAL_GPIO_EXTI_IRQHandler
 .text.HAL_RCC_OscConfig
                0x08003050      0x4f0 ./Drivers/STM32F4xx_HAL_Driver/Src/stm32f4xx_hal_rcc.o
                0x08003050                HAL_RCC_OscConfig
 .text.HAL_RCC_ClockConfig
                0x08003540      0x1cc ./Drivers/STM32F4xx_HAL_Driver/Src/stm32f4xx_hal_rcc.o
                0x08003540                HAL_RCC_ClockConfig
 .text.HAL_RCC_GetSysClockFreq
                0x0800370c      0x18c ./Drivers/STM32F4xx_HAL_Driver/Src/stm32f4xx_hal_rcc.o
                0x0800370c                HAL_RCC_GetSysClockFreq
 .text.HAL_RCC_GetHCLKFreq
                0x08003898       0x18 ./Drivers/STM32F4xx_HAL_Driver/Src/stm32f4xx_hal_rcc.o
                0x08003898                HAL_RCC_GetHCLKFreq
 .text.HAL_RCC_GetPCLK1Freq
                0x080038b0       0x28 ./Drivers/STM32F4xx_HAL_Driver/Src/stm32f4xx_hal_rcc.o
                0x080038b0                HAL_RCC_GetPCLK1Freq
 .text.HAL_RCC_GetPCLK2Freq
                0x080038d8       0x28 ./Drivers/STM32F4xx_HAL_Driver/Src/stm32f4xx_hal_rcc.o
                0x080038d8                HAL_RCC_GetPCLK2Freq
 .text.HAL_SPI_Init
                0x08003900      0x112 ./Drivers/STM32F4xx_HAL_Driver/Src/stm32f4xx_hal_spi.o
                0x08003900                HAL_SPI_Init
 .text.HAL_SPI_Transmit
                0x08003a12      0x286 ./Drivers/STM32F4xx_HAL_Driver/Src/stm32f4xx_hal_spi.o
                0x08003a12                HAL_SPI_Transmit
 .text.HAL_SPI_Transmit_DMA
                0x08003c98      0x164 ./Drivers/STM32F4xx_HAL_Driver/Src/stm32f4xx_hal_spi.o
                0x08003c98                HAL_SPI_Transmit_DMA
 .text.HAL_SPI_TxCpltCallback
                0x08003dfc       0x14 ./Drivers/STM32F4xx_HAL_Driver/Src/stm32f4xx_hal_spi.o
                0x08003dfc                HAL_SPI_TxCpltCallback
 .text.HAL_SPI_TxHalfCpltCallback
                0x08003e10       0x14 ./Drivers/STM32F4xx_HAL_Driver/Src/stm32f4xx_hal_spi.o
                0x08003e10                HAL_SPI_TxHalfCpltCallback
 .text.HAL_SPI_ErrorCallback
                0x08003e24       0x14 ./Drivers/STM32F4xx_HAL_Driver/Src/stm32f4xx_hal_spi.o
                0x08003e24                HAL_SPI_ErrorCallback
 .text.SPI_DMATransmitCplt
                0x08003e38       0xa8 ./Drivers/STM32F4xx_HAL_Driver/Src/stm32f4xx_hal_spi.o
 .text.SPI_DMAHalfTransmitCplt
                0x08003ee0       0x1c ./Drivers/STM32F4xx_HAL_Driver/Src/stm32f4xx_hal_spi.o
 .text.SPI_DMAError
                0x08003efc       0x40 ./Drivers/STM32F4xx_HAL_Driver/Src/stm32f4xx_hal_spi.o
 .text.SPI_WaitFlagStateUntilTimeout
                0x08003f3c      0x110 ./Drivers/STM32F4xx_HAL_Driver/Src/stm32f4xx_hal_spi.o
 .text.SPI_EndRxTxTransaction
                0x0800404c       0xa8 ./Drivers/STM32F4xx_HAL_Driver/Src/stm32f4xx_hal_spi.o
 .text.HAL_TIM_Base_Init
                0x080040f4       0x9e ./Drivers/STM32F4xx_HAL_Driver/Src/stm32f4xx_hal_tim.o
                0x080040f4                HAL_TIM_Base_Init
 *fill*         0x08004192        0x2 
 .text.HAL_TIM_Base_Start_IT
                0x08004194       0xc4 ./Drivers/STM32F4xx_HAL_Driver/Src/stm32f4xx_hal_tim.o
                0x08004194                HAL_TIM_Base_Start_IT
 .text.HAL_TIM_Base_Stop_IT
                0x08004258       0x5e ./Drivers/STM32F4xx_HAL_Driver/Src/stm32f4xx_hal_tim.o
                0x08004258                HAL_TIM_Base_Stop_IT
 .text.HAL_TIM_IRQHandler
                0x080042b6      0x1e0 ./Drivers/STM32F4xx_HAL_Driver/Src/stm32f4xx_hal_tim.o
                0x080042b6                HAL_TIM_IRQHandler
 .text.HAL_TIM_OC_DelayElapsedCallback
                0x08004496       0x14 ./Drivers/STM32F4xx_HAL_Driver/Src/stm32f4xx_hal_tim.o
                0x08004496                HAL_TIM_OC_DelayElapsedCallback
 .text.HAL_TIM_IC_CaptureCallback
                0x080044aa       0x14 ./Drivers/STM32F4xx_HAL_Driver/Src/stm32f4xx_hal_tim.o
                0x080044aa                HAL_TIM_IC_CaptureCallback
 .text.HAL_TIM_PWM_PulseFinishedCallback
                0x080044be       0x14 ./Drivers/STM32F4xx_HAL_Driver/Src/stm32f4xx_hal_tim.o
                0x080044be                HAL_TIM_PWM_PulseFinishedCallback
 .text.HAL_TIM_TriggerCallback
                0x080044d2       0x14 ./Drivers/STM32F4xx_HAL_Driver/Src/stm32f4xx_hal_tim.o
                0x080044d2                HAL_TIM_TriggerCallback
 *fill*         0x080044e6        0x2 
 .text.TIM_Base_SetConfig
                0x080044e8      0x118 ./Drivers/STM32F4xx_HAL_Driver/Src/stm32f4xx_hal_tim.o
                0x080044e8                TIM_Base_SetConfig
 .text.HAL_TIMEx_CommutCallback
                0x08004600       0x14 ./Drivers/STM32F4xx_HAL_Driver/Src/stm32f4xx_hal_tim_ex.o
                0x08004600                HAL_TIMEx_CommutCallback
 .text.HAL_TIMEx_BreakCallback
                0x08004614       0x14 ./Drivers/STM32F4xx_HAL_Driver/Src/stm32f4xx_hal_tim_ex.o
                0x08004614                HAL_TIMEx_BreakCallback
 .text.HAL_UART_Init
                0x08004628       0xa0 ./Drivers/STM32F4xx_HAL_Driver/Src/stm32f4xx_hal_uart.o
                0x08004628                HAL_UART_Init
 .text.HAL_UART_IRQHandler
                0x080046c8      0x524 ./Drivers/STM32F4xx_HAL_Driver/Src/stm32f4xx_hal_uart.o
                0x080046c8                HAL_UART_IRQHandler
 .text.HAL_UART_TxCpltCallback
                0x08004bec       0x14 ./Drivers/STM32F4xx_HAL_Driver/Src/stm32f4xx_hal_uart.o
                0x08004bec                HAL_UART_TxCpltCallback
 .text.HAL_UART_RxCpltCallback
                0x08004c00       0x14 ./Drivers/STM32F4xx_HAL_Driver/Src/stm32f4xx_hal_uart.o
                0x08004c00                HAL_UART_RxCpltCallback
 .text.HAL_UART_ErrorCallback
                0x08004c14       0x14 ./Drivers/STM32F4xx_HAL_Driver/Src/stm32f4xx_hal_uart.o
                0x08004c14                HAL_UART_ErrorCallback
 .text.HAL_UARTEx_RxEventCallback
                0x08004c28       0x18 ./Drivers/STM32F4xx_HAL_Driver/Src/stm32f4xx_hal_uart.o
                0x08004c28                HAL_UARTEx_RxEventCallback
 .text.UART_EndRxTransfer
                0x08004c40       0xc6 ./Drivers/STM32F4xx_HAL_Driver/Src/stm32f4xx_hal_uart.o
 .text.UART_DMAAbortOnError
                0x08004d06       0x28 ./Drivers/STM32F4xx_HAL_Driver/Src/stm32f4xx_hal_uart.o
 .text.UART_Transmit_IT
                0x08004d2e       0xa0 ./Drivers/STM32F4xx_HAL_Driver/Src/stm32f4xx_hal_uart.o
 .text.UART_EndTransmit_IT
                0x08004dce       0x30 ./Drivers/STM32F4xx_HAL_Driver/Src/stm32f4xx_hal_uart.o
 .text.UART_Receive_IT
                0x08004dfe      0x17c ./Drivers/STM32F4xx_HAL_Driver/Src/stm32f4xx_hal_uart.o
 *fill*         0x08004f7a        0x2 
 .text.UART_SetConfig
                0x08004f7c      0x4e8 ./Drivers/STM32F4xx_HAL_Driver/Src/stm32f4xx_hal_uart.o
 .text.ptr_8to16
                0x08005464       0x30 ./Drivers/UGUI/ugui.o
 .text.UG_Init  0x08005494      0x134 ./Drivers/UGUI/ugui.o
                0x08005494                UG_Init
 .text.UG_FontSelect
                0x080055c8       0x20 ./Drivers/UGUI/ugui.o
                0x080055c8                UG_FontSelect
 .text.UG_FillScreen
                0x080055e8       0x48 ./Drivers/UGUI/ugui.o
                0x080055e8                UG_FillScreen
 .text.UG_FillFrame
                0x08005630       0xe4 ./Drivers/UGUI/ugui.o
                0x08005630                UG_FillFrame
 .text.UG_DrawLine
                0x08005714      0x1c0 ./Drivers/UGUI/ugui.o
                0x08005714                UG_DrawLine
 .text.UG_PutString
                0x080058d4      0x130 ./Drivers/UGUI/ugui.o
                0x080058d4                UG_PutString
 .text.UG_SetForecolor
                0x08005a04       0x24 ./Drivers/UGUI/ugui.o
                0x08005a04                UG_SetForecolor
 .text.UG_SetBackcolor
                0x08005a28       0x24 ./Drivers/UGUI/ugui.o
                0x08005a28                UG_SetBackcolor
 .text.UG_FontSetHSpace
                0x08005a4c       0x28 ./Drivers/UGUI/ugui.o
                0x08005a4c                UG_FontSetHSpace
 .text.UG_FontSetVSpace
                0x08005a74       0x28 ./Drivers/UGUI/ugui.o
                0x08005a74                UG_FontSetVSpace
 .text._UG_DecodeUTF8
                0x08005a9c       0xee ./Drivers/UGUI/ugui.o
 *fill*         0x08005b8a        0x2 
 .text._UG_GetCharData
                0x08005b8c      0x298 ./Drivers/UGUI/ugui.o
 .text._UG_FontSelect
                0x08005e24      0x104 ./Drivers/UGUI/ugui.o
 .text._UG_PutChar
                0x08005f28      0x4c4 ./Drivers/UGUI/ugui.o
 .text._UG_ProcessTouchData
                0x080063ec      0x16c ./Drivers/UGUI/ugui.o
 .text._UG_UpdateObjects
                0x08006558       0x92 ./Drivers/UGUI/ugui.o
 *fill*         0x080065ea        0x2 
 .text._UG_HandleEvents
                0x080065ec       0x98 ./Drivers/UGUI/ugui.o
 .text._UG_PutText
                0x08006684      0x288 ./Drivers/UGUI/ugui.o
                0x08006684                _UG_PutText
 .text._UG_DrawObjectFrame
                0x0800690c      0x242 ./Drivers/UGUI/ugui.o
                0x0800690c                _UG_DrawObjectFrame
 *fill*         0x08006b4e        0x2 
 .text.UG_Update
                0x08006b50      0x184 ./Drivers/UGUI/ugui.o
                0x08006b50                UG_Update
 .text._UG_WindowDrawTitle
                0x08006cd4      0x150 ./Drivers/UGUI/ugui.o
 .text._UG_WindowUpdate
                0x08006e24      0x17c ./Drivers/UGUI/ugui.o
 .text._ZdlPvj  0x08006fa0        0x4 D:/Programas Permanentes/STM32CubeIDE_1.15.1/STM32CubeIDE/plugins/com.st.stm32cube.ide.mcu.externaltools.gnu-tools-for-stm32.12.3.rel1.win32_1.0.100.202403111256/tools/bin/../lib/gcc/arm-none-eabi/12.3.1/../../../../arm-none-eabi/lib/thumb/v7e-m+fp/hard\libstdc++_nano.a(del_ops.o)
                0x08006fa0                operator delete(void*, unsigned int)
 .text._ZNKSt7__cxx1112basic_stringIcSt11char_traitsIcESaIcEE11_M_is_localEv
                0x08006fa4        0xc D:/Programas Permanentes/STM32CubeIDE_1.15.1/STM32CubeIDE/plugins/com.st.stm32cube.ide.mcu.externaltools.gnu-tools-for-stm32.12.3.rel1.win32_1.0.100.202403111256/tools/bin/../lib/gcc/arm-none-eabi/12.3.1/../../../../arm-none-eabi/lib/thumb/v7e-m+fp/hard\libstdc++_nano.a(string-inst.o)
                0x08006fa4                std::__cxx11::basic_string<char, std::char_traits<char>, std::allocator<char> >::_M_is_local() const
 .text._ZNSt7__cxx1112basic_stringIcSt11char_traitsIcESaIcEE10_M_disposeEv
                0x08006fb0       0x16 D:/Programas Permanentes/STM32CubeIDE_1.15.1/STM32CubeIDE/plugins/com.st.stm32cube.ide.mcu.externaltools.gnu-tools-for-stm32.12.3.rel1.win32_1.0.100.202403111256/tools/bin/../lib/gcc/arm-none-eabi/12.3.1/../../../../arm-none-eabi/lib/thumb/v7e-m+fp/hard\libstdc++_nano.a(string-inst.o)
                0x08006fb0                std::__cxx11::basic_string<char, std::char_traits<char>, std::allocator<char> >::_M_dispose()
 .text._ZNSt7__cxx1112basic_stringIcSt11char_traitsIcESaIcEEC2Ev
                0x08006fc6        0xe D:/Programas Permanentes/STM32CubeIDE_1.15.1/STM32CubeIDE/plugins/com.st.stm32cube.ide.mcu.externaltools.gnu-tools-for-stm32.12.3.rel1.win32_1.0.100.202403111256/tools/bin/../lib/gcc/arm-none-eabi/12.3.1/../../../../arm-none-eabi/lib/thumb/v7e-m+fp/hard\libstdc++_nano.a(string-inst.o)
                0x08006fc6                std::__cxx11::basic_string<char, std::char_traits<char>, std::allocator<char> >::basic_string()
                0x08006fc6                std::__cxx11::basic_string<char, std::char_traits<char>, std::allocator<char> >::basic_string()
 .text._ZNSt7__cxx1112basic_stringIcSt11char_traitsIcESaIcEED2Ev
                0x08006fd4        0xc D:/Programas Permanentes/STM32CubeIDE_1.15.1/STM32CubeIDE/plugins/com.st.stm32cube.ide.mcu.externaltools.gnu-tools-for-stm32.12.3.rel1.win32_1.0.100.202403111256/tools/bin/../lib/gcc/arm-none-eabi/12.3.1/../../../../arm-none-eabi/lib/thumb/v7e-m+fp/hard\libstdc++_nano.a(string-inst.o)
                0x08006fd4                std::__cxx11::basic_string<char, std::char_traits<char>, std::allocator<char> >::~basic_string()
                0x08006fd4                std::__cxx11::basic_string<char, std::char_traits<char>, std::allocator<char> >::~basic_string()
 .text._ZdlPv   0x08006fe0        0x4 D:/Programas Permanentes/STM32CubeIDE_1.15.1/STM32CubeIDE/plugins/com.st.stm32cube.ide.mcu.externaltools.gnu-tools-for-stm32.12.3.rel1.win32_1.0.100.202403111256/tools/bin/../lib/gcc/arm-none-eabi/12.3.1/../../../../arm-none-eabi/lib/thumb/v7e-m+fp/hard\libstdc++_nano.a(del_op.o)
                0x08006fe0                operator delete(void*)
 .text.free     0x08006fe4       0x10 D:/Programas Permanentes/STM32CubeIDE_1.15.1/STM32CubeIDE/plugins/com.st.stm32cube.ide.mcu.externaltools.gnu-tools-for-stm32.12.3.rel1.win32_1.0.100.202403111256/tools/bin/../lib/gcc/arm-none-eabi/12.3.1/../../../../arm-none-eabi/lib/thumb/v7e-m+fp/hard\libc_nano.a(libc_a-malloc.o)
                0x08006fe4                free
 .text.sbrk_aligned
                0x08006ff4       0x44 D:/Programas Permanentes/STM32CubeIDE_1.15.1/STM32CubeIDE/plugins/com.st.stm32cube.ide.mcu.externaltools.gnu-tools-for-stm32.12.3.rel1.win32_1.0.100.202403111256/tools/bin/../lib/gcc/arm-none-eabi/12.3.1/../../../../arm-none-eabi/lib/thumb/v7e-m+fp/hard\libc_nano.a(libc_a-mallocr.o)
 .text._malloc_r
                0x08007038      0x100 D:/Programas Permanentes/STM32CubeIDE_1.15.1/STM32CubeIDE/plugins/com.st.stm32cube.ide.mcu.externaltools.gnu-tools-for-stm32.12.3.rel1.win32_1.0.100.202403111256/tools/bin/../lib/gcc/arm-none-eabi/12.3.1/../../../../arm-none-eabi/lib/thumb/v7e-m+fp/hard\libc_nano.a(libc_a-mallocr.o)
                0x08007038                _malloc_r
 .text.__malloc_lock
                0x08007138        0xc D:/Programas Permanentes/STM32CubeIDE_1.15.1/STM32CubeIDE/plugins/com.st.stm32cube.ide.mcu.externaltools.gnu-tools-for-stm32.12.3.rel1.win32_1.0.100.202403111256/tools/bin/../lib/gcc/arm-none-eabi/12.3.1/../../../../arm-none-eabi/lib/thumb/v7e-m+fp/hard\libc_nano.a(libc_a-mlock.o)
                0x08007138                __malloc_lock
 .text.__malloc_unlock
                0x08007144        0xc D:/Programas Permanentes/STM32CubeIDE_1.15.1/STM32CubeIDE/plugins/com.st.stm32cube.ide.mcu.externaltools.gnu-tools-for-stm32.12.3.rel1.win32_1.0.100.202403111256/tools/bin/../lib/gcc/arm-none-eabi/12.3.1/../../../../arm-none-eabi/lib/thumb/v7e-m+fp/hard\libc_nano.a(libc_a-mlock.o)
                0x08007144                __malloc_unlock
 .text.snprintf
                0x08007150       0x68 D:/Programas Permanentes/STM32CubeIDE_1.15.1/STM32CubeIDE/plugins/com.st.stm32cube.ide.mcu.externaltools.gnu-tools-for-stm32.12.3.rel1.win32_1.0.100.202403111256/tools/bin/../lib/gcc/arm-none-eabi/12.3.1/../../../../arm-none-eabi/lib/thumb/v7e-m+fp/hard\libc_nano.a(libc_a-snprintf.o)
                0x08007150                sniprintf
                0x08007150                snprintf
 .text.memmove  0x080071b8       0x34 D:/Programas Permanentes/STM32CubeIDE_1.15.1/STM32CubeIDE/plugins/com.st.stm32cube.ide.mcu.externaltools.gnu-tools-for-stm32.12.3.rel1.win32_1.0.100.202403111256/tools/bin/../lib/gcc/arm-none-eabi/12.3.1/../../../../arm-none-eabi/lib/thumb/v7e-m+fp/hard\libc_nano.a(libc_a-memmove.o)
                0x080071b8                memmove
 .text.memset   0x080071ec       0x10 D:/Programas Permanentes/STM32CubeIDE_1.15.1/STM32CubeIDE/plugins/com.st.stm32cube.ide.mcu.externaltools.gnu-tools-for-stm32.12.3.rel1.win32_1.0.100.202403111256/tools/bin/../lib/gcc/arm-none-eabi/12.3.1/../../../../arm-none-eabi/lib/thumb/v7e-m+fp/hard\libc_nano.a(libc_a-memset.o)
                0x080071ec                memset
 .text._sbrk_r  0x080071fc       0x20 D:/Programas Permanentes/STM32CubeIDE_1.15.1/STM32CubeIDE/plugins/com.st.stm32cube.ide.mcu.externaltools.gnu-tools-for-stm32.12.3.rel1.win32_1.0.100.202403111256/tools/bin/../lib/gcc/arm-none-eabi/12.3.1/../../../../arm-none-eabi/lib/thumb/v7e-m+fp/hard\libc_nano.a(libc_a-sbrkr.o)
                0x080071fc                _sbrk_r
 .text.__errno  0x0800721c        0xc D:/Programas Permanentes/STM32CubeIDE_1.15.1/STM32CubeIDE/plugins/com.st.stm32cube.ide.mcu.externaltools.gnu-tools-for-stm32.12.3.rel1.win32_1.0.100.202403111256/tools/bin/../lib/gcc/arm-none-eabi/12.3.1/../../../../arm-none-eabi/lib/thumb/v7e-m+fp/hard\libc_nano.a(libc_a-errno.o)
                0x0800721c                __errno
 .text.__libc_init_array
                0x08007228       0x48 D:/Programas Permanentes/STM32CubeIDE_1.15.1/STM32CubeIDE/plugins/com.st.stm32cube.ide.mcu.externaltools.gnu-tools-for-stm32.12.3.rel1.win32_1.0.100.202403111256/tools/bin/../lib/gcc/arm-none-eabi/12.3.1/../../../../arm-none-eabi/lib/thumb/v7e-m+fp/hard\libc_nano.a(libc_a-init.o)
                0x08007228                __libc_init_array
 .text.__retarget_lock_acquire_recursive
                0x08007270        0x2 D:/Programas Permanentes/STM32CubeIDE_1.15.1/STM32CubeIDE/plugins/com.st.stm32cube.ide.mcu.externaltools.gnu-tools-for-stm32.12.3.rel1.win32_1.0.100.202403111256/tools/bin/../lib/gcc/arm-none-eabi/12.3.1/../../../../arm-none-eabi/lib/thumb/v7e-m+fp/hard\libc_nano.a(libc_a-lock.o)
                0x08007270                __retarget_lock_acquire_recursive
 .text.__retarget_lock_release_recursive
                0x08007272        0x2 D:/Programas Permanentes/STM32CubeIDE_1.15.1/STM32CubeIDE/plugins/com.st.stm32cube.ide.mcu.externaltools.gnu-tools-for-stm32.12.3.rel1.win32_1.0.100.202403111256/tools/bin/../lib/gcc/arm-none-eabi/12.3.1/../../../../arm-none-eabi/lib/thumb/v7e-m+fp/hard\libc_nano.a(libc_a-lock.o)
                0x08007272                __retarget_lock_release_recursive
 .text.memcpy   0x08007274       0x1c D:/Programas Permanentes/STM32CubeIDE_1.15.1/STM32CubeIDE/plugins/com.st.stm32cube.ide.mcu.externaltools.gnu-tools-for-stm32.12.3.rel1.win32_1.0.100.202403111256/tools/bin/../lib/gcc/arm-none-eabi/12.3.1/../../../../arm-none-eabi/lib/thumb/v7e-m+fp/hard\libc_nano.a(libc_a-memcpy-stub.o)
                0x08007274                memcpy
 .text._free_r  0x08007290       0x94 D:/Programas Permanentes/STM32CubeIDE_1.15.1/STM32CubeIDE/plugins/com.st.stm32cube.ide.mcu.externaltools.gnu-tools-for-stm32.12.3.rel1.win32_1.0.100.202403111256/tools/bin/../lib/gcc/arm-none-eabi/12.3.1/../../../../arm-none-eabi/lib/thumb/v7e-m+fp/hard\libc_nano.a(libc_a-freer.o)
                0x08007290                _free_r
 .text.__ssputs_r
                0x08007324       0xb6 D:/Programas Permanentes/STM32CubeIDE_1.15.1/STM32CubeIDE/plugins/com.st.stm32cube.ide.mcu.externaltools.gnu-tools-for-stm32.12.3.rel1.win32_1.0.100.202403111256/tools/bin/../lib/gcc/arm-none-eabi/12.3.1/../../../../arm-none-eabi/lib/thumb/v7e-m+fp/hard\libc_nano.a(libc_a-nano-svfprintf.o)
                0x08007324                __ssputs_r
 *fill*         0x080073da        0x2 
 .text._svfprintf_r
                0x080073dc      0x1f8 D:/Programas Permanentes/STM32CubeIDE_1.15.1/STM32CubeIDE/plugins/com.st.stm32cube.ide.mcu.externaltools.gnu-tools-for-stm32.12.3.rel1.win32_1.0.100.202403111256/tools/bin/../lib/gcc/arm-none-eabi/12.3.1/../../../../arm-none-eabi/lib/thumb/v7e-m+fp/hard\libc_nano.a(libc_a-nano-svfprintf.o)
                0x080073dc                _svfiprintf_r
                0x080073dc                _svfprintf_r
 .text._printf_common
                0x080075d4       0xda D:/Programas Permanentes/STM32CubeIDE_1.15.1/STM32CubeIDE/plugins/com.st.stm32cube.ide.mcu.externaltools.gnu-tools-for-stm32.12.3.rel1.win32_1.0.100.202403111256/tools/bin/../lib/gcc/arm-none-eabi/12.3.1/../../../../arm-none-eabi/lib/thumb/v7e-m+fp/hard\libc_nano.a(libc_a-nano-vfprintf_i.o)
                0x080075d4                _printf_common
 *fill*         0x080076ae        0x2 
 .text._printf_i
                0x080076b0      0x240 D:/Programas Permanentes/STM32CubeIDE_1.15.1/STM32CubeIDE/plugins/com.st.stm32cube.ide.mcu.externaltools.gnu-tools-for-stm32.12.3.rel1.win32_1.0.100.202403111256/tools/bin/../lib/gcc/arm-none-eabi/12.3.1/../../../../arm-none-eabi/lib/thumb/v7e-m+fp/hard\libc_nano.a(libc_a-nano-vfprintf_i.o)
                0x080076b0                _printf_i
 .text._realloc_r
                0x080078f0       0x5c D:/Programas Permanentes/STM32CubeIDE_1.15.1/STM32CubeIDE/plugins/com.st.stm32cube.ide.mcu.externaltools.gnu-tools-for-stm32.12.3.rel1.win32_1.0.100.202403111256/tools/bin/../lib/gcc/arm-none-eabi/12.3.1/../../../../arm-none-eabi/lib/thumb/v7e-m+fp/hard\libc_nano.a(libc_a-reallocr.o)
                0x080078f0                _realloc_r
 .text._malloc_usable_size_r
                0x0800794c       0x10 D:/Programas Permanentes/STM32CubeIDE_1.15.1/STM32CubeIDE/plugins/com.st.stm32cube.ide.mcu.externaltools.gnu-tools-for-stm32.12.3.rel1.win32_1.0.100.202403111256/tools/bin/../lib/gcc/arm-none-eabi/12.3.1/../../../../arm-none-eabi/lib/thumb/v7e-m+fp/hard\libc_nano.a(libc_a-msizer.o)
                0x0800794c                _malloc_usable_size_r
 *(.glue_7)
 .glue_7        0x0800795c        0x0 linker stubs
 *(.glue_7t)
 .glue_7t       0x0800795c        0x0 linker stubs
 *(.eh_frame)
 .eh_frame      0x0800795c        0x0 D:/Programas Permanentes/STM32CubeIDE_1.15.1/STM32CubeIDE/plugins/com.st.stm32cube.ide.mcu.externaltools.gnu-tools-for-stm32.12.3.rel1.win32_1.0.100.202403111256/tools/bin/../lib/gcc/arm-none-eabi/12.3.1/thumb/v7e-m+fp/hard/crtbegin.o
 *(.init)
 .init          0x0800795c        0x4 D:/Programas Permanentes/STM32CubeIDE_1.15.1/STM32CubeIDE/plugins/com.st.stm32cube.ide.mcu.externaltools.gnu-tools-for-stm32.12.3.rel1.win32_1.0.100.202403111256/tools/bin/../lib/gcc/arm-none-eabi/12.3.1/thumb/v7e-m+fp/hard/crti.o
                0x0800795c                _init
 .init          0x08007960        0x8 D:/Programas Permanentes/STM32CubeIDE_1.15.1/STM32CubeIDE/plugins/com.st.stm32cube.ide.mcu.externaltools.gnu-tools-for-stm32.12.3.rel1.win32_1.0.100.202403111256/tools/bin/../lib/gcc/arm-none-eabi/12.3.1/thumb/v7e-m+fp/hard/crtn.o
 *(.fini)
 .fini          0x08007968        0x4 D:/Programas Permanentes/STM32CubeIDE_1.15.1/STM32CubeIDE/plugins/com.st.stm32cube.ide.mcu.externaltools.gnu-tools-for-stm32.12.3.rel1.win32_1.0.100.202403111256/tools/bin/../lib/gcc/arm-none-eabi/12.3.1/thumb/v7e-m+fp/hard/crti.o
                0x08007968                _fini
 .fini          0x0800796c        0x8 D:/Programas Permanentes/STM32CubeIDE_1.15.1/STM32CubeIDE/plugins/com.st.stm32cube.ide.mcu.externaltools.gnu-tools-for-stm32.12.3.rel1.win32_1.0.100.202403111256/tools/bin/../lib/gcc/arm-none-eabi/12.3.1/thumb/v7e-m+fp/hard/crtn.o
                0x08007974                        . = ALIGN (0x4)
                0x08007974                        _etext = .

.vfp11_veneer   0x08007974        0x0
 .vfp11_veneer  0x08007974        0x0 linker stubs

.v4_bx          0x08007974        0x0
 .v4_bx         0x08007974        0x0 linker stubs

.iplt           0x08007974        0x0
 .iplt          0x08007974        0x0 D:/Programas Permanentes/STM32CubeIDE_1.15.1/STM32CubeIDE/plugins/com.st.stm32cube.ide.mcu.externaltools.gnu-tools-for-stm32.12.3.rel1.win32_1.0.100.202403111256/tools/bin/../lib/gcc/arm-none-eabi/12.3.1/thumb/v7e-m+fp/hard/crtbegin.o

.rodata         0x08007974    0x2c8c0
                0x08007974                        . = ALIGN (0x4)
 *(.rodata)
 .rodata        0x08007974        0xc ./Core/Src/MainCPP.o
 *(.rodata*)
 .rodata._ZL16main8bitsPalette
                0x08007980      0x200 ./Core/Src/MainCPP.o
 .rodata._ZL7LONG_BG
                0x08007b80    0x2ad50 ./Core/Src/MainCPP.o
 .rodata._ZL4SHIP
                0x080328d0     0x1000 ./Core/Src/MainCPP.o
 .rodata._ZTV9flashOnce
                0x080338d0       0x24 ./Core/Src/MainCPP.o
                0x080338d0                vtable for flashOnce
 .rodata._ZTV14QueueableClass
                0x080338f4       0x24 ./Core/Src/MainCPP.o
                0x080338f4                vtable for QueueableClass
 .rodata.AHBPrescTable
                0x08033918       0x10 ./Core/Src/system_stm32f4xx.o
                0x08033918                AHBPrescTable
 .rodata.APBPrescTable
                0x08033928        0x8 ./Core/Src/system_stm32f4xx.o
                0x08033928                APBPrescTable
 .rodata._ZTV16Async_Event_Loop
                0x08033930       0x34 ./Drivers/Async_Event_Loop/AsyncEventLoop.o
                0x08033930                vtable for Async_Event_Loop
 .rodata._ZTV13Frame_Builder
                0x08033964       0x10 ./Drivers/Frame_Builder/FrameBuilder.o
                0x08033964                vtable for Frame_Builder
 .rodata._ZTV6KY_040
                0x08033974       0x10 ./Drivers/KY-040/KY040.o
                0x08033974                vtable for KY_040
 .rodata.init_cmd
                0x08033984       0x4c ./Drivers/LCD/lcd.o
                0x08033984                init_cmd
 .rodata.flagBitshiftOffset.0
                0x080339d0        0x8 ./Drivers/STM32F4xx_HAL_Driver/Src/stm32f4xx_hal_dma.o
 .rodata.FONT_6X8
                0x080339d8      0x80e ./Drivers/UGUI/font_6x8.o
                0x080339d8                FONT_6X8
 *fill*         0x080341e6        0x2 
 .rodata.pal_window
                0x080341e8       0x18 ./Drivers/UGUI/ugui.o
 .rodata._svfprintf_r.str1.1
                0x08034200       0x11 D:/Programas Permanentes/STM32CubeIDE_1.15.1/STM32CubeIDE/plugins/com.st.stm32cube.ide.mcu.externaltools.gnu-tools-for-stm32.12.3.rel1.win32_1.0.100.202403111256/tools/bin/../lib/gcc/arm-none-eabi/12.3.1/../../../../arm-none-eabi/lib/thumb/v7e-m+fp/hard\libc_nano.a(libc_a-nano-svfprintf.o)
 .rodata._printf_i.str1.1
                0x08034211       0x22 D:/Programas Permanentes/STM32CubeIDE_1.15.1/STM32CubeIDE/plugins/com.st.stm32cube.ide.mcu.externaltools.gnu-tools-for-stm32.12.3.rel1.win32_1.0.100.202403111256/tools/bin/../lib/gcc/arm-none-eabi/12.3.1/../../../../arm-none-eabi/lib/thumb/v7e-m+fp/hard\libc_nano.a(libc_a-nano-vfprintf_i.o)
                0x08034234                        . = ALIGN (0x4)
 *fill*         0x08034233        0x1 

.ARM.extab      0x08034234        0x0
                0x08034234                        . = ALIGN (0x4)
 *(.ARM.extab* .gnu.linkonce.armextab.*)
                0x08034234                        . = ALIGN (0x4)

.ARM            0x08034234        0x8
                0x08034234                        . = ALIGN (0x4)
                0x08034234                        __exidx_start = .
 *(.ARM.exidx*)
 .ARM.exidx     0x08034234        0x8 D:/Programas Permanentes/STM32CubeIDE_1.15.1/STM32CubeIDE/plugins/com.st.stm32cube.ide.mcu.externaltools.gnu-tools-for-stm32.12.3.rel1.win32_1.0.100.202403111256/tools/bin/../lib/gcc/arm-none-eabi/12.3.1/../../../../arm-none-eabi/lib/thumb/v7e-m+fp/hard\libc_nano.a(libc_a-memchr.o)
 .ARM.exidx     0x0803423c        0x0 D:/Programas Permanentes/STM32CubeIDE_1.15.1/STM32CubeIDE/plugins/com.st.stm32cube.ide.mcu.externaltools.gnu-tools-for-stm32.12.3.rel1.win32_1.0.100.202403111256/tools/bin/../lib/gcc/arm-none-eabi/12.3.1/thumb/v7e-m+fp/hard\libgcc.a(_udivmoddi4.o)
                                  0x8 (size before relaxing)
                0x0803423c                        __exidx_end = .
                0x0803423c                        . = ALIGN (0x4)

.preinit_array  0x0803423c        0x0
                0x0803423c                        . = ALIGN (0x4)
                0x0803423c                        PROVIDE (__preinit_array_start = .)
 *(.preinit_array*)
                0x0803423c                        PROVIDE (__preinit_array_end = .)
                0x0803423c                        . = ALIGN (0x4)

.init_array     0x0803423c        0x8
                0x0803423c                        . = ALIGN (0x4)
                0x0803423c                        PROVIDE (__init_array_start = .)
 *(SORT_BY_NAME(.init_array.*))
 *(.init_array*)
 .init_array    0x0803423c        0x4 D:/Programas Permanentes/STM32CubeIDE_1.15.1/STM32CubeIDE/plugins/com.st.stm32cube.ide.mcu.externaltools.gnu-tools-for-stm32.12.3.rel1.win32_1.0.100.202403111256/tools/bin/../lib/gcc/arm-none-eabi/12.3.1/thumb/v7e-m+fp/hard/crtbegin.o
 .init_array    0x08034240        0x4 ./Core/Src/MainCPP.o
                0x08034244                        PROVIDE (__init_array_end = .)
                0x08034244                        . = ALIGN (0x4)

.fini_array     0x08034244        0x8
                0x08034244                        . = ALIGN (0x4)
                [!provide]                        PROVIDE (__fini_array_start = .)
 *(SORT_BY_NAME(.fini_array.*))
 *(.fini_array*)
 .fini_array    0x08034244        0x4 D:/Programas Permanentes/STM32CubeIDE_1.15.1/STM32CubeIDE/plugins/com.st.stm32cube.ide.mcu.externaltools.gnu-tools-for-stm32.12.3.rel1.win32_1.0.100.202403111256/tools/bin/../lib/gcc/arm-none-eabi/12.3.1/thumb/v7e-m+fp/hard/crtbegin.o
 .fini_array    0x08034248        0x4 ./Core/Src/MainCPP.o
                [!provide]                        PROVIDE (__fini_array_end = .)
                0x0803424c                        . = ALIGN (0x4)
                0x0803424c                        _sidata = LOADADDR (.data)

.rel.dyn        0x0803424c        0x0
 .rel.iplt      0x0803424c        0x0 D:/Programas Permanentes/STM32CubeIDE_1.15.1/STM32CubeIDE/plugins/com.st.stm32cube.ide.mcu.externaltools.gnu-tools-for-stm32.12.3.rel1.win32_1.0.100.202403111256/tools/bin/../lib/gcc/arm-none-eabi/12.3.1/thumb/v7e-m+fp/hard/crtbegin.o

.data           0x20000000       0x80 load address 0x0803424c
                0x20000000                        . = ALIGN (0x4)
                0x20000000                        _sdata = .
 *(.data)
 *(.data*)
 .data.SystemCoreClock
                0x20000000        0x4 ./Core/Src/system_stm32f4xx.o
                0x20000000                SystemCoreClock
 .data._ZZN6KY_04015handleInterruptEvE5TRANS
                0x20000004       0x10 ./Drivers/KY-040/KY040.o
 .data._ZZN6KY_04015handleInterruptEvE5lrmem
                0x20000014        0x1 ./Drivers/KY-040/KY040.o
 *fill*         0x20000015        0x3 
 .data.config   0x20000018        0x3 ./Drivers/LCD/lcd.o
                0x20000018                config
 *fill*         0x2000001b        0x1 
 .data.device   0x2000001c        0xc ./Drivers/LCD/lcd.o
 .data.uwTickPrio
                0x20000028        0x4 ./Drivers/STM32F4xx_HAL_Driver/Src/stm32f4xx_hal.o
                0x20000028                uwTickPrio
 .data.uwTickFreq
                0x2000002c        0x1 ./Drivers/STM32F4xx_HAL_Driver/Src/stm32f4xx_hal.o
                0x2000002c                uwTickFreq
 *fill*         0x2000002d        0x3 
 .data._impure_ptr
                0x20000030        0x4 D:/Programas Permanentes/STM32CubeIDE_1.15.1/STM32CubeIDE/plugins/com.st.stm32cube.ide.mcu.externaltools.gnu-tools-for-stm32.12.3.rel1.win32_1.0.100.202403111256/tools/bin/../lib/gcc/arm-none-eabi/12.3.1/../../../../arm-none-eabi/lib/thumb/v7e-m+fp/hard\libc_nano.a(libc_a-impure.o)
                0x20000030                _impure_ptr
 .data._impure_data
                0x20000034       0x4c D:/Programas Permanentes/STM32CubeIDE_1.15.1/STM32CubeIDE/plugins/com.st.stm32cube.ide.mcu.externaltools.gnu-tools-for-stm32.12.3.rel1.win32_1.0.100.202403111256/tools/bin/../lib/gcc/arm-none-eabi/12.3.1/../../../../arm-none-eabi/lib/thumb/v7e-m+fp/hard\libc_nano.a(libc_a-impure.o)
                0x20000034                _impure_data
 *(.RamFunc)
 *(.RamFunc*)
                0x20000080                        . = ALIGN (0x4)
                0x20000080                        _edata = .

.igot.plt       0x20000080        0x0 load address 0x080342cc
 .igot.plt      0x20000080        0x0 D:/Programas Permanentes/STM32CubeIDE_1.15.1/STM32CubeIDE/plugins/com.st.stm32cube.ide.mcu.externaltools.gnu-tools-for-stm32.12.3.rel1.win32_1.0.100.202403111256/tools/bin/../lib/gcc/arm-none-eabi/12.3.1/thumb/v7e-m+fp/hard/crtbegin.o
                0x20000080                        . = ALIGN (0x4)

.bss            0x20000080    0x1c5b4 load address 0x080342cc
                0x20000080                        _sbss = .
                0x20000080                        __bss_start__ = _sbss
 *(.bss)
 .bss           0x20000080       0x1c D:/Programas Permanentes/STM32CubeIDE_1.15.1/STM32CubeIDE/plugins/com.st.stm32cube.ide.mcu.externaltools.gnu-tools-for-stm32.12.3.rel1.win32_1.0.100.202403111256/tools/bin/../lib/gcc/arm-none-eabi/12.3.1/thumb/v7e-m+fp/hard/crtbegin.o
 *(.bss*)
 .bss._ZZN14QueueableClass7EXECUTEEvE8prevTime
                0x2000009c        0x4 ./Core/Src/MainCPP.o
                0x2000009c                QueueableClass::EXECUTE()::prevTime
 .bss._ZZN14QueueableClass7EXECUTEEvE11currentTime
                0x200000a0        0x4 ./Core/Src/MainCPP.o
                0x200000a0                QueueableClass::EXECUTE()::currentTime
 .bss._ZZN14QueueableClass7EXECUTEEvE5state
                0x200000a4        0x1 ./Core/Src/MainCPP.o
                0x200000a4                QueueableClass::EXECUTE()::state
 *fill*         0x200000a5        0x3 
 .bss.beep      0x200000a8        0xc ./Core/Src/MainCPP.o
                0x200000a8                beep
 .bss.FB        0x200000b4        0x4 ./Core/Src/MainCPP.o
                0x200000b4                FB
 .bss._ZZN9flashOnce7EXECUTEEvE8prevTime
                0x200000b8        0x4 ./Core/Src/MainCPP.o
                0x200000b8                flashOnce::EXECUTE()::prevTime
 .bss._ZZN9flashOnce7EXECUTEEvE11currentTime
                0x200000bc        0x4 ./Core/Src/MainCPP.o
                0x200000bc                flashOnce::EXECUTE()::currentTime
 .bss._ZZN9flashOnce7EXECUTEEvE5state
                0x200000c0        0x1 ./Core/Src/MainCPP.o
                0x200000c0                flashOnce::EXECUTE()::state
 *fill*         0x200000c1        0x3 
 .bss.flashOnce
                0x200000c4        0xc ./Core/Src/MainCPP.o
                0x200000c4                flashOnce
 .bss.AsyncEventLoop
                0x200000d0       0x10 ./Core/Src/MainCPP.o
                0x200000d0                AsyncEventLoop
 .bss.encoder   0x200000e0       0x28 ./Core/Src/MainCPP.o
                0x200000e0                encoder
 .bss.hspi1     0x20000108       0x58 ./Core/Src/main.o
                0x20000108                hspi1
 .bss.hdma_spi1_tx
                0x20000160       0x60 ./Core/Src/main.o
                0x20000160                hdma_spi1_tx
 .bss.htim11    0x200001c0       0x48 ./Core/Src/main.o
                0x200001c0                htim11
 .bss.huart1    0x20000208       0x48 ./Core/Src/main.o
                0x20000208                huart1
 .bss.__sbrk_heap_end
                0x20000250        0x4 ./Core/Src/sysmem.o
 .bss._ZZN6KY_04015handleInterruptEvE5lrsum
                0x20000254        0x4 ./Drivers/KY-040/KY040.o
 .bss.fb        0x20000258    0x1c200 ./Drivers/LCD/lcd.o
 .bss.gui       0x2001c458       0x74 ./Drivers/LCD/lcd.o
 .bss.uwTick    0x2001c4cc        0x4 ./Drivers/STM32F4xx_HAL_Driver/Src/stm32f4xx_hal.o
                0x2001c4cc                uwTick
 .bss.gui       0x2001c4d0        0x4 ./Drivers/UGUI/ugui.o
 .bss.last_font.4
                0x2001c4d4        0x4 ./Drivers/UGUI/ugui.o
 .bss.last_encoding.3
                0x2001c4d8        0x2 ./Drivers/UGUI/ugui.o
 *fill*         0x2001c4da        0x2 
 .bss.last_p.2  0x2001c4dc        0x4 ./Drivers/UGUI/ugui.o
 .bss.last_width.1
                0x2001c4e0        0x2 ./Drivers/UGUI/ugui.o
 *fill*         0x2001c4e2        0x2 
 .bss.msg.0     0x2001c4e4        0x8 ./Drivers/UGUI/ugui.o
 .bss.__malloc_sbrk_start
                0x2001c4ec        0x4 D:/Programas Permanentes/STM32CubeIDE_1.15.1/STM32CubeIDE/plugins/com.st.stm32cube.ide.mcu.externaltools.gnu-tools-for-stm32.12.3.rel1.win32_1.0.100.202403111256/tools/bin/../lib/gcc/arm-none-eabi/12.3.1/../../../../arm-none-eabi/lib/thumb/v7e-m+fp/hard\libc_nano.a(libc_a-mallocr.o)
                0x2001c4ec                __malloc_sbrk_start
 .bss.__malloc_free_list
                0x2001c4f0        0x4 D:/Programas Permanentes/STM32CubeIDE_1.15.1/STM32CubeIDE/plugins/com.st.stm32cube.ide.mcu.externaltools.gnu-tools-for-stm32.12.3.rel1.win32_1.0.100.202403111256/tools/bin/../lib/gcc/arm-none-eabi/12.3.1/../../../../arm-none-eabi/lib/thumb/v7e-m+fp/hard\libc_nano.a(libc_a-mallocr.o)
                0x2001c4f0                __malloc_free_list
 .bss.__sf      0x2001c4f4      0x138 D:/Programas Permanentes/STM32CubeIDE_1.15.1/STM32CubeIDE/plugins/com.st.stm32cube.ide.mcu.externaltools.gnu-tools-for-stm32.12.3.rel1.win32_1.0.100.202403111256/tools/bin/../lib/gcc/arm-none-eabi/12.3.1/../../../../arm-none-eabi/lib/thumb/v7e-m+fp/hard\libc_nano.a(libc_a-findfp.o)
                0x2001c4f4                __sf
 .bss.errno     0x2001c62c        0x4 D:/Programas Permanentes/STM32CubeIDE_1.15.1/STM32CubeIDE/plugins/com.st.stm32cube.ide.mcu.externaltools.gnu-tools-for-stm32.12.3.rel1.win32_1.0.100.202403111256/tools/bin/../lib/gcc/arm-none-eabi/12.3.1/../../../../arm-none-eabi/lib/thumb/v7e-m+fp/hard\libc_nano.a(libc_a-reent.o)
                0x2001c62c                errno
 .bss.__lock___malloc_recursive_mutex
                0x2001c630        0x1 D:/Programas Permanentes/STM32CubeIDE_1.15.1/STM32CubeIDE/plugins/com.st.stm32cube.ide.mcu.externaltools.gnu-tools-for-stm32.12.3.rel1.win32_1.0.100.202403111256/tools/bin/../lib/gcc/arm-none-eabi/12.3.1/../../../../arm-none-eabi/lib/thumb/v7e-m+fp/hard\libc_nano.a(libc_a-lock.o)
                0x2001c630                __lock___malloc_recursive_mutex
 *(COMMON)
                0x2001c634                        . = ALIGN (0x4)
 *fill*         0x2001c631        0x3 
                0x2001c634                        _ebss = .
                0x2001c634                        __bss_end__ = _ebss

._user_heap_stack
                0x2001c634      0x604 load address 0x080342cc
                0x2001c638                        . = ALIGN (0x8)
 *fill*         0x2001c634        0x4 
                [!provide]                        PROVIDE (end = .)
                0x2001c638                        PROVIDE (_end = .)
                0x2001c838                        . = (. + _Min_Heap_Size)
 *fill*         0x2001c638      0x200 
                0x2001cc38                        . = (. + _Min_Stack_Size)
 *fill*         0x2001c838      0x400 
                0x2001cc38                        . = ALIGN (0x8)

/DISCARD/
 libc.a(*)
 libm.a(*)
 libgcc.a(*)

.ARM.attributes
                0x00000000       0x30
 *(.ARM.attributes)
 .ARM.attributes
                0x00000000       0x22 D:/Programas Permanentes/STM32CubeIDE_1.15.1/STM32CubeIDE/plugins/com.st.stm32cube.ide.mcu.externaltools.gnu-tools-for-stm32.12.3.rel1.win32_1.0.100.202403111256/tools/bin/../lib/gcc/arm-none-eabi/12.3.1/thumb/v7e-m+fp/hard/crti.o
 .ARM.attributes
                0x00000022       0x34 D:/Programas Permanentes/STM32CubeIDE_1.15.1/STM32CubeIDE/plugins/com.st.stm32cube.ide.mcu.externaltools.gnu-tools-for-stm32.12.3.rel1.win32_1.0.100.202403111256/tools/bin/../lib/gcc/arm-none-eabi/12.3.1/thumb/v7e-m+fp/hard/crtbegin.o
 .ARM.attributes
                0x00000056       0x34 ./Core/Src/MainCPP.o
 .ARM.attributes
                0x0000008a       0x34 ./Core/Src/main.o
 .ARM.attributes
                0x000000be       0x34 ./Core/Src/stm32f4xx_hal_msp.o
 .ARM.attributes
                0x000000f2       0x34 ./Core/Src/stm32f4xx_it.o
 .ARM.attributes
                0x00000126       0x34 ./Core/Src/sysmem.o
 .ARM.attributes
                0x0000015a       0x34 ./Core/Src/system_stm32f4xx.o
 .ARM.attributes
                0x0000018e       0x21 ./Core/Startup/startup_stm32f411ceux.o
 .ARM.attributes
                0x000001af       0x34 ./Drivers/Async_Event_Loop/AsyncEventLoop.o
 .ARM.attributes
                0x000001e3       0x34 ./Drivers/Frame_Builder/FrameBuilder.o
 .ARM.attributes
                0x00000217       0x34 ./Drivers/KY-040/KY040.o
 .ARM.attributes
                0x0000024b       0x34 ./Drivers/LCD/lcd.o
 .ARM.attributes
                0x0000027f       0x34 ./Drivers/STM32F4xx_HAL_Driver/Src/stm32f4xx_hal.o
 .ARM.attributes
                0x000002b3       0x34 ./Drivers/STM32F4xx_HAL_Driver/Src/stm32f4xx_hal_cortex.o
 .ARM.attributes
                0x000002e7       0x34 ./Drivers/STM32F4xx_HAL_Driver/Src/stm32f4xx_hal_dma.o
 .ARM.attributes
                0x0000031b       0x34 ./Drivers/STM32F4xx_HAL_Driver/Src/stm32f4xx_hal_gpio.o
 .ARM.attributes
                0x0000034f       0x34 ./Drivers/STM32F4xx_HAL_Driver/Src/stm32f4xx_hal_rcc.o
 .ARM.attributes
                0x00000383       0x34 ./Drivers/STM32F4xx_HAL_Driver/Src/stm32f4xx_hal_spi.o
 .ARM.attributes
                0x000003b7       0x34 ./Drivers/STM32F4xx_HAL_Driver/Src/stm32f4xx_hal_tim.o
 .ARM.attributes
                0x000003eb       0x34 ./Drivers/STM32F4xx_HAL_Driver/Src/stm32f4xx_hal_tim_ex.o
 .ARM.attributes
                0x0000041f       0x34 ./Drivers/STM32F4xx_HAL_Driver/Src/stm32f4xx_hal_uart.o
 .ARM.attributes
                0x00000453       0x34 ./Drivers/UGUI/font_6x8.o
 .ARM.attributes
                0x00000487       0x34 ./Drivers/UGUI/ugui.o
 .ARM.attributes
                0x000004bb       0x34 D:/Programas Permanentes/STM32CubeIDE_1.15.1/STM32CubeIDE/plugins/com.st.stm32cube.ide.mcu.externaltools.gnu-tools-for-stm32.12.3.rel1.win32_1.0.100.202403111256/tools/bin/../lib/gcc/arm-none-eabi/12.3.1/../../../../arm-none-eabi/lib/thumb/v7e-m+fp/hard\libstdc++_nano.a(del_ops.o)
 .ARM.attributes
                0x000004ef       0x34 D:/Programas Permanentes/STM32CubeIDE_1.15.1/STM32CubeIDE/plugins/com.st.stm32cube.ide.mcu.externaltools.gnu-tools-for-stm32.12.3.rel1.win32_1.0.100.202403111256/tools/bin/../lib/gcc/arm-none-eabi/12.3.1/../../../../arm-none-eabi/lib/thumb/v7e-m+fp/hard\libstdc++_nano.a(string-inst.o)
 .ARM.attributes
                0x00000523       0x34 D:/Programas Permanentes/STM32CubeIDE_1.15.1/STM32CubeIDE/plugins/com.st.stm32cube.ide.mcu.externaltools.gnu-tools-for-stm32.12.3.rel1.win32_1.0.100.202403111256/tools/bin/../lib/gcc/arm-none-eabi/12.3.1/../../../../arm-none-eabi/lib/thumb/v7e-m+fp/hard\libstdc++_nano.a(del_op.o)
 .ARM.attributes
                0x00000557       0x34 D:/Programas Permanentes/STM32CubeIDE_1.15.1/STM32CubeIDE/plugins/com.st.stm32cube.ide.mcu.externaltools.gnu-tools-for-stm32.12.3.rel1.win32_1.0.100.202403111256/tools/bin/../lib/gcc/arm-none-eabi/12.3.1/../../../../arm-none-eabi/lib/thumb/v7e-m+fp/hard\libc_nano.a(libc_a-malloc.o)
 .ARM.attributes
                0x0000058b       0x34 D:/Programas Permanentes/STM32CubeIDE_1.15.1/STM32CubeIDE/plugins/com.st.stm32cube.ide.mcu.externaltools.gnu-tools-for-stm32.12.3.rel1.win32_1.0.100.202403111256/tools/bin/../lib/gcc/arm-none-eabi/12.3.1/../../../../arm-none-eabi/lib/thumb/v7e-m+fp/hard\libc_nano.a(libc_a-mallocr.o)
 .ARM.attributes
                0x000005bf       0x34 D:/Programas Permanentes/STM32CubeIDE_1.15.1/STM32CubeIDE/plugins/com.st.stm32cube.ide.mcu.externaltools.gnu-tools-for-stm32.12.3.rel1.win32_1.0.100.202403111256/tools/bin/../lib/gcc/arm-none-eabi/12.3.1/../../../../arm-none-eabi/lib/thumb/v7e-m+fp/hard\libc_nano.a(libc_a-mlock.o)
 .ARM.attributes
                0x000005f3       0x34 D:/Programas Permanentes/STM32CubeIDE_1.15.1/STM32CubeIDE/plugins/com.st.stm32cube.ide.mcu.externaltools.gnu-tools-for-stm32.12.3.rel1.win32_1.0.100.202403111256/tools/bin/../lib/gcc/arm-none-eabi/12.3.1/../../../../arm-none-eabi/lib/thumb/v7e-m+fp/hard\libc_nano.a(libc_a-findfp.o)
 .ARM.attributes
                0x00000627       0x34 D:/Programas Permanentes/STM32CubeIDE_1.15.1/STM32CubeIDE/plugins/com.st.stm32cube.ide.mcu.externaltools.gnu-tools-for-stm32.12.3.rel1.win32_1.0.100.202403111256/tools/bin/../lib/gcc/arm-none-eabi/12.3.1/../../../../arm-none-eabi/lib/thumb/v7e-m+fp/hard\libc_nano.a(libc_a-snprintf.o)
 .ARM.attributes
                0x0000065b       0x34 D:/Programas Permanentes/STM32CubeIDE_1.15.1/STM32CubeIDE/plugins/com.st.stm32cube.ide.mcu.externaltools.gnu-tools-for-stm32.12.3.rel1.win32_1.0.100.202403111256/tools/bin/../lib/gcc/arm-none-eabi/12.3.1/../../../../arm-none-eabi/lib/thumb/v7e-m+fp/hard\libc_nano.a(libc_a-memmove.o)
 .ARM.attributes
                0x0000068f       0x34 D:/Programas Permanentes/STM32CubeIDE_1.15.1/STM32CubeIDE/plugins/com.st.stm32cube.ide.mcu.externaltools.gnu-tools-for-stm32.12.3.rel1.win32_1.0.100.202403111256/tools/bin/../lib/gcc/arm-none-eabi/12.3.1/../../../../arm-none-eabi/lib/thumb/v7e-m+fp/hard\libc_nano.a(libc_a-memset.o)
 .ARM.attributes
                0x000006c3       0x34 D:/Programas Permanentes/STM32CubeIDE_1.15.1/STM32CubeIDE/plugins/com.st.stm32cube.ide.mcu.externaltools.gnu-tools-for-stm32.12.3.rel1.win32_1.0.100.202403111256/tools/bin/../lib/gcc/arm-none-eabi/12.3.1/../../../../arm-none-eabi/lib/thumb/v7e-m+fp/hard\libc_nano.a(libc_a-reent.o)
 .ARM.attributes
                0x000006f7       0x34 D:/Programas Permanentes/STM32CubeIDE_1.15.1/STM32CubeIDE/plugins/com.st.stm32cube.ide.mcu.externaltools.gnu-tools-for-stm32.12.3.rel1.win32_1.0.100.202403111256/tools/bin/../lib/gcc/arm-none-eabi/12.3.1/../../../../arm-none-eabi/lib/thumb/v7e-m+fp/hard\libc_nano.a(libc_a-impure.o)
 .ARM.attributes
                0x0000072b       0x34 D:/Programas Permanentes/STM32CubeIDE_1.15.1/STM32CubeIDE/plugins/com.st.stm32cube.ide.mcu.externaltools.gnu-tools-for-stm32.12.3.rel1.win32_1.0.100.202403111256/tools/bin/../lib/gcc/arm-none-eabi/12.3.1/../../../../arm-none-eabi/lib/thumb/v7e-m+fp/hard\libc_nano.a(libc_a-sbrkr.o)
 .ARM.attributes
                0x0000075f       0x34 D:/Programas Permanentes/STM32CubeIDE_1.15.1/STM32CubeIDE/plugins/com.st.stm32cube.ide.mcu.externaltools.gnu-tools-for-stm32.12.3.rel1.win32_1.0.100.202403111256/tools/bin/../lib/gcc/arm-none-eabi/12.3.1/../../../../arm-none-eabi/lib/thumb/v7e-m+fp/hard\libc_nano.a(libc_a-errno.o)
 .ARM.attributes
                0x00000793       0x34 D:/Programas Permanentes/STM32CubeIDE_1.15.1/STM32CubeIDE/plugins/com.st.stm32cube.ide.mcu.externaltools.gnu-tools-for-stm32.12.3.rel1.win32_1.0.100.202403111256/tools/bin/../lib/gcc/arm-none-eabi/12.3.1/../../../../arm-none-eabi/lib/thumb/v7e-m+fp/hard\libc_nano.a(libc_a-init.o)
 .ARM.attributes
                0x000007c7       0x34 D:/Programas Permanentes/STM32CubeIDE_1.15.1/STM32CubeIDE/plugins/com.st.stm32cube.ide.mcu.externaltools.gnu-tools-for-stm32.12.3.rel1.win32_1.0.100.202403111256/tools/bin/../lib/gcc/arm-none-eabi/12.3.1/../../../../arm-none-eabi/lib/thumb/v7e-m+fp/hard\libc_nano.a(libc_a-lock.o)
 .ARM.attributes
                0x000007fb       0x1c D:/Programas Permanentes/STM32CubeIDE_1.15.1/STM32CubeIDE/plugins/com.st.stm32cube.ide.mcu.externaltools.gnu-tools-for-stm32.12.3.rel1.win32_1.0.100.202403111256/tools/bin/../lib/gcc/arm-none-eabi/12.3.1/../../../../arm-none-eabi/lib/thumb/v7e-m+fp/hard\libc_nano.a(libc_a-memchr.o)
 .ARM.attributes
                0x00000817       0x34 D:/Programas Permanentes/STM32CubeIDE_1.15.1/STM32CubeIDE/plugins/com.st.stm32cube.ide.mcu.externaltools.gnu-tools-for-stm32.12.3.rel1.win32_1.0.100.202403111256/tools/bin/../lib/gcc/arm-none-eabi/12.3.1/../../../../arm-none-eabi/lib/thumb/v7e-m+fp/hard\libc_nano.a(libc_a-memcpy-stub.o)
 .ARM.attributes
                0x0000084b       0x34 D:/Programas Permanentes/STM32CubeIDE_1.15.1/STM32CubeIDE/plugins/com.st.stm32cube.ide.mcu.externaltools.gnu-tools-for-stm32.12.3.rel1.win32_1.0.100.202403111256/tools/bin/../lib/gcc/arm-none-eabi/12.3.1/../../../../arm-none-eabi/lib/thumb/v7e-m+fp/hard\libc_nano.a(libc_a-freer.o)
 .ARM.attributes
                0x0000087f       0x34 D:/Programas Permanentes/STM32CubeIDE_1.15.1/STM32CubeIDE/plugins/com.st.stm32cube.ide.mcu.externaltools.gnu-tools-for-stm32.12.3.rel1.win32_1.0.100.202403111256/tools/bin/../lib/gcc/arm-none-eabi/12.3.1/../../../../arm-none-eabi/lib/thumb/v7e-m+fp/hard\libc_nano.a(libc_a-nano-svfprintf.o)
 .ARM.attributes
                0x000008b3       0x34 D:/Programas Permanentes/STM32CubeIDE_1.15.1/STM32CubeIDE/plugins/com.st.stm32cube.ide.mcu.externaltools.gnu-tools-for-stm32.12.3.rel1.win32_1.0.100.202403111256/tools/bin/../lib/gcc/arm-none-eabi/12.3.1/../../../../arm-none-eabi/lib/thumb/v7e-m+fp/hard\libc_nano.a(libc_a-nano-vfprintf_i.o)
 .ARM.attributes
                0x000008e7       0x34 D:/Programas Permanentes/STM32CubeIDE_1.15.1/STM32CubeIDE/plugins/com.st.stm32cube.ide.mcu.externaltools.gnu-tools-for-stm32.12.3.rel1.win32_1.0.100.202403111256/tools/bin/../lib/gcc/arm-none-eabi/12.3.1/../../../../arm-none-eabi/lib/thumb/v7e-m+fp/hard\libc_nano.a(libc_a-reallocr.o)
 .ARM.attributes
                0x0000091b       0x34 D:/Programas Permanentes/STM32CubeIDE_1.15.1/STM32CubeIDE/plugins/com.st.stm32cube.ide.mcu.externaltools.gnu-tools-for-stm32.12.3.rel1.win32_1.0.100.202403111256/tools/bin/../lib/gcc/arm-none-eabi/12.3.1/../../../../arm-none-eabi/lib/thumb/v7e-m+fp/hard\libc_nano.a(libc_a-msizer.o)
 .ARM.attributes
                0x0000094f       0x22 D:/Programas Permanentes/STM32CubeIDE_1.15.1/STM32CubeIDE/plugins/com.st.stm32cube.ide.mcu.externaltools.gnu-tools-for-stm32.12.3.rel1.win32_1.0.100.202403111256/tools/bin/../lib/gcc/arm-none-eabi/12.3.1/thumb/v7e-m+fp/hard\libgcc.a(_aeabi_uldivmod.o)
 .ARM.attributes
                0x00000971       0x34 D:/Programas Permanentes/STM32CubeIDE_1.15.1/STM32CubeIDE/plugins/com.st.stm32cube.ide.mcu.externaltools.gnu-tools-for-stm32.12.3.rel1.win32_1.0.100.202403111256/tools/bin/../lib/gcc/arm-none-eabi/12.3.1/thumb/v7e-m+fp/hard\libgcc.a(_udivmoddi4.o)
 .ARM.attributes
                0x000009a5       0x22 D:/Programas Permanentes/STM32CubeIDE_1.15.1/STM32CubeIDE/plugins/com.st.stm32cube.ide.mcu.externaltools.gnu-tools-for-stm32.12.3.rel1.win32_1.0.100.202403111256/tools/bin/../lib/gcc/arm-none-eabi/12.3.1/thumb/v7e-m+fp/hard\libgcc.a(_dvmd_tls.o)
 .ARM.attributes
                0x000009c7       0x22 D:/Programas Permanentes/STM32CubeIDE_1.15.1/STM32CubeIDE/plugins/com.st.stm32cube.ide.mcu.externaltools.gnu-tools-for-stm32.12.3.rel1.win32_1.0.100.202403111256/tools/bin/../lib/gcc/arm-none-eabi/12.3.1/thumb/v7e-m+fp/hard/crtn.o
OUTPUT(Concurrency training.elf elf32-littlearm)
LOAD linker stubs
LOAD D:/Programas Permanentes/STM32CubeIDE_1.15.1/STM32CubeIDE/plugins/com.st.stm32cube.ide.mcu.externaltools.gnu-tools-for-stm32.12.3.rel1.win32_1.0.100.202403111256/tools/bin/../lib/gcc/arm-none-eabi/12.3.1/../../../../arm-none-eabi/lib/thumb/v7e-m+fp/hard\libc.a
LOAD D:/Programas Permanentes/STM32CubeIDE_1.15.1/STM32CubeIDE/plugins/com.st.stm32cube.ide.mcu.externaltools.gnu-tools-for-stm32.12.3.rel1.win32_1.0.100.202403111256/tools/bin/../lib/gcc/arm-none-eabi/12.3.1/../../../../arm-none-eabi/lib/thumb/v7e-m+fp/hard\libm.a
LOAD D:/Programas Permanentes/STM32CubeIDE_1.15.1/STM32CubeIDE/plugins/com.st.stm32cube.ide.mcu.externaltools.gnu-tools-for-stm32.12.3.rel1.win32_1.0.100.202403111256/tools/bin/../lib/gcc/arm-none-eabi/12.3.1/thumb/v7e-m+fp/hard\libgcc.a

.debug_info     0x00000000    0x1d5c9
 .debug_info    0x00000000     0x7e2f ./Core/Src/MainCPP.o
 .debug_info    0x00007e2f     0x1509 ./Core/Src/main.o
 .debug_info    0x00009338     0x1233 ./Core/Src/stm32f4xx_hal_msp.o
 .debug_info    0x0000a56b      0x9f8 ./Core/Src/stm32f4xx_it.o
 .debug_info    0x0000af63      0x168 ./Core/Src/sysmem.o
 .debug_info    0x0000b0cb      0x53e ./Core/Src/system_stm32f4xx.o
 .debug_info    0x0000b609       0x30 ./Core/Startup/startup_stm32f411ceux.o
 .debug_info    0x0000b639      0x80c ./Drivers/Async_Event_Loop/AsyncEventLoop.o
 .debug_info    0x0000be45     0x1262 ./Drivers/Frame_Builder/FrameBuilder.o
 .debug_info    0x0000d0a7      0x8ce ./Drivers/KY-040/KY040.o
 .debug_info    0x0000d975     0x210e ./Drivers/LCD/lcd.o
 .debug_info    0x0000fa83      0x8c4 ./Drivers/STM32F4xx_HAL_Driver/Src/stm32f4xx_hal.o
 .debug_info    0x00010347      0xcc7 ./Drivers/STM32F4xx_HAL_Driver/Src/stm32f4xx_hal_cortex.o
 .debug_info    0x0001100e      0x8e6 ./Drivers/STM32F4xx_HAL_Driver/Src/stm32f4xx_hal_dma.o
 .debug_info    0x000118f4      0x6f9 ./Drivers/STM32F4xx_HAL_Driver/Src/stm32f4xx_hal_gpio.o
 .debug_info    0x00011fed      0x8f2 ./Drivers/STM32F4xx_HAL_Driver/Src/stm32f4xx_hal_rcc.o
 .debug_info    0x000128df     0x1606 ./Drivers/STM32F4xx_HAL_Driver/Src/stm32f4xx_hal_spi.o
 .debug_info    0x00013ee5     0x2996 ./Drivers/STM32F4xx_HAL_Driver/Src/stm32f4xx_hal_tim.o
 .debug_info    0x0001687b     0x14d4 ./Drivers/STM32F4xx_HAL_Driver/Src/stm32f4xx_hal_tim_ex.o
 .debug_info    0x00017d4f     0x2f56 ./Drivers/STM32F4xx_HAL_Driver/Src/stm32f4xx_hal_uart.o
 .debug_info    0x0001aca5       0xf0 ./Drivers/UGUI/font_6x8.o
 .debug_info    0x0001ad95     0x2834 ./Drivers/UGUI/ugui.o

.debug_abbrev   0x00000000     0x3adf
 .debug_abbrev  0x00000000      0x9ab ./Core/Src/MainCPP.o
 .debug_abbrev  0x000009ab      0x311 ./Core/Src/main.o
 .debug_abbrev  0x00000cbc      0x249 ./Core/Src/stm32f4xx_hal_msp.o
 .debug_abbrev  0x00000f05      0x1de ./Core/Src/stm32f4xx_it.o
 .debug_abbrev  0x000010e3       0xbc ./Core/Src/sysmem.o
 .debug_abbrev  0x0000119f      0x11a ./Core/Src/system_stm32f4xx.o
 .debug_abbrev  0x000012b9       0x24 ./Core/Startup/startup_stm32f411ceux.o
 .debug_abbrev  0x000012dd      0x320 ./Drivers/Async_Event_Loop/AsyncEventLoop.o
 .debug_abbrev  0x000015fd      0x3a1 ./Drivers/Frame_Builder/FrameBuilder.o
 .debug_abbrev  0x0000199e      0x29d ./Drivers/KY-040/KY040.o
 .debug_abbrev  0x00001c3b      0x3ce ./Drivers/LCD/lcd.o
 .debug_abbrev  0x00002009      0x24b ./Drivers/STM32F4xx_HAL_Driver/Src/stm32f4xx_hal.o
 .debug_abbrev  0x00002254      0x328 ./Drivers/STM32F4xx_HAL_Driver/Src/stm32f4xx_hal_cortex.o
 .debug_abbrev  0x0000257c      0x221 ./Drivers/STM32F4xx_HAL_Driver/Src/stm32f4xx_hal_dma.o
 .debug_abbrev  0x0000279d      0x1d3 ./Drivers/STM32F4xx_HAL_Driver/Src/stm32f4xx_hal_gpio.o
 .debug_abbrev  0x00002970      0x2b5 ./Drivers/STM32F4xx_HAL_Driver/Src/stm32f4xx_hal_rcc.o
 .debug_abbrev  0x00002c25      0x280 ./Drivers/STM32F4xx_HAL_Driver/Src/stm32f4xx_hal_spi.o
 .debug_abbrev  0x00002ea5      0x28b ./Drivers/STM32F4xx_HAL_Driver/Src/stm32f4xx_hal_tim.o
 .debug_abbrev  0x00003130      0x296 ./Drivers/STM32F4xx_HAL_Driver/Src/stm32f4xx_hal_tim_ex.o
 .debug_abbrev  0x000033c6      0x31b ./Drivers/STM32F4xx_HAL_Driver/Src/stm32f4xx_hal_uart.o
 .debug_abbrev  0x000036e1       0x79 ./Drivers/UGUI/font_6x8.o
 .debug_abbrev  0x0000375a      0x385 ./Drivers/UGUI/ugui.o

.debug_aranges  0x00000000     0x1488
 .debug_aranges
                0x00000000       0xd0 ./Core/Src/MainCPP.o
 .debug_aranges
                0x000000d0       0x68 ./Core/Src/main.o
 .debug_aranges
                0x00000138       0x50 ./Core/Src/stm32f4xx_hal_msp.o
 .debug_aranges
                0x00000188       0x90 ./Core/Src/stm32f4xx_it.o
 .debug_aranges
                0x00000218       0x20 ./Core/Src/sysmem.o
 .debug_aranges
                0x00000238       0x28 ./Core/Src/system_stm32f4xx.o
 .debug_aranges
                0x00000260       0x28 ./Core/Startup/startup_stm32f411ceux.o
 .debug_aranges
                0x00000288       0x90 ./Drivers/Async_Event_Loop/AsyncEventLoop.o
 .debug_aranges
                0x00000318       0x50 ./Drivers/Frame_Builder/FrameBuilder.o
 .debug_aranges
                0x00000368       0x68 ./Drivers/KY-040/KY040.o
 .debug_aranges
                0x000003d0       0xd8 ./Drivers/LCD/lcd.o
 .debug_aranges
                0x000004a8       0xf0 ./Drivers/STM32F4xx_HAL_Driver/Src/stm32f4xx_hal.o
 .debug_aranges
                0x00000598      0x120 ./Drivers/STM32F4xx_HAL_Driver/Src/stm32f4xx_hal_cortex.o
 .debug_aranges
                0x000006b8       0x90 ./Drivers/STM32F4xx_HAL_Driver/Src/stm32f4xx_hal_dma.o
 .debug_aranges
                0x00000748       0x58 ./Drivers/STM32F4xx_HAL_Driver/Src/stm32f4xx_hal_gpio.o
 .debug_aranges
                0x000007a0       0x88 ./Drivers/STM32F4xx_HAL_Driver/Src/stm32f4xx_hal_rcc.o
 .debug_aranges
                0x00000828      0x1d0 ./Drivers/STM32F4xx_HAL_Driver/Src/stm32f4xx_hal_spi.o
 .debug_aranges
                0x000009f8      0x3d0 ./Drivers/STM32F4xx_HAL_Driver/Src/stm32f4xx_hal_tim.o
 .debug_aranges
                0x00000dc8      0x168 ./Drivers/STM32F4xx_HAL_Driver/Src/stm32f4xx_hal_tim_ex.o
 .debug_aranges
                0x00000f30      0x208 ./Drivers/STM32F4xx_HAL_Driver/Src/stm32f4xx_hal_uart.o
 .debug_aranges
                0x00001138       0x18 ./Drivers/UGUI/font_6x8.o
 .debug_aranges
                0x00001150      0x338 ./Drivers/UGUI/ugui.o

.debug_rnglists
                0x00000000      0xff7
 .debug_rnglists
                0x00000000       0x9c ./Core/Src/MainCPP.o
 .debug_rnglists
                0x0000009c       0x4b ./Core/Src/main.o
 .debug_rnglists
                0x000000e7       0x39 ./Core/Src/stm32f4xx_hal_msp.o
 .debug_rnglists
                0x00000120       0x67 ./Core/Src/stm32f4xx_it.o
 .debug_rnglists
                0x00000187       0x13 ./Core/Src/sysmem.o
 .debug_rnglists
                0x0000019a       0x1a ./Core/Src/system_stm32f4xx.o
 .debug_rnglists
                0x000001b4       0x19 ./Core/Startup/startup_stm32f411ceux.o
 .debug_rnglists
                0x000001cd       0x6a ./Drivers/Async_Event_Loop/AsyncEventLoop.o
 .debug_rnglists
                0x00000237       0x3a ./Drivers/Frame_Builder/FrameBuilder.o
 .debug_rnglists
                0x00000271       0x4a ./Drivers/KY-040/KY040.o
 .debug_rnglists
                0x000002bb       0xa5 ./Drivers/LCD/lcd.o
 .debug_rnglists
                0x00000360       0xaf ./Drivers/STM32F4xx_HAL_Driver/Src/stm32f4xx_hal.o
 .debug_rnglists
                0x0000040f       0xd4 ./Drivers/STM32F4xx_HAL_Driver/Src/stm32f4xx_hal_cortex.o
 .debug_rnglists
                0x000004e3       0x70 ./Drivers/STM32F4xx_HAL_Driver/Src/stm32f4xx_hal_dma.o
 .debug_rnglists
                0x00000553       0x3f ./Drivers/STM32F4xx_HAL_Driver/Src/stm32f4xx_hal_gpio.o
 .debug_rnglists
                0x00000592       0x66 ./Drivers/STM32F4xx_HAL_Driver/Src/stm32f4xx_hal_rcc.o
 .debug_rnglists
                0x000005f8      0x16f ./Drivers/STM32F4xx_HAL_Driver/Src/stm32f4xx_hal_spi.o
 .debug_rnglists
                0x00000767      0x31a ./Drivers/STM32F4xx_HAL_Driver/Src/stm32f4xx_hal_tim.o
 .debug_rnglists
                0x00000a81      0x125 ./Drivers/STM32F4xx_HAL_Driver/Src/stm32f4xx_hal_tim_ex.o
 .debug_rnglists
                0x00000ba6      0x1bc ./Drivers/STM32F4xx_HAL_Driver/Src/stm32f4xx_hal_uart.o
 .debug_rnglists
                0x00000d62      0x295 ./Drivers/UGUI/ugui.o

.debug_macro    0x00000000    0x1c229
 .debug_macro   0x00000000      0x6e7 ./Core/Src/MainCPP.o
 .debug_macro   0x000006e7      0xb8c ./Core/Src/MainCPP.o
 .debug_macro   0x00001273      0x1d6 ./Core/Src/MainCPP.o
 .debug_macro   0x00001449       0x10 ./Core/Src/MainCPP.o
 .debug_macro   0x00001459      0x417 ./Core/Src/MainCPP.o
 .debug_macro   0x00001870       0x22 ./Core/Src/MainCPP.o
 .debug_macro   0x00001892       0x5b ./Core/Src/MainCPP.o
 .debug_macro   0x000018ed       0x2a ./Core/Src/MainCPP.o
 .debug_macro   0x00001917       0x94 ./Core/Src/MainCPP.o
 .debug_macro   0x000019ab       0x43 ./Core/Src/MainCPP.o
 .debug_macro   0x000019ee       0x34 ./Core/Src/MainCPP.o
 .debug_macro   0x00001a22      0x190 ./Core/Src/MainCPP.o
 .debug_macro   0x00001bb2       0x16 ./Core/Src/MainCPP.o
 .debug_macro   0x00001bc8       0x43 ./Core/Src/MainCPP.o
 .debug_macro   0x00001c0b       0x57 ./Core/Src/MainCPP.o
 .debug_macro   0x00001c62       0x34 ./Core/Src/MainCPP.o
 .debug_macro   0x00001c96       0x10 ./Core/Src/MainCPP.o
 .debug_macro   0x00001ca6       0x58 ./Core/Src/MainCPP.o
 .debug_macro   0x00001cfe       0x8e ./Core/Src/MainCPP.o
 .debug_macro   0x00001d8c       0x16 ./Core/Src/MainCPP.o
 .debug_macro   0x00001da2      0x177 ./Core/Src/MainCPP.o
 .debug_macro   0x00001f19       0x1c ./Core/Src/MainCPP.o
 .debug_macro   0x00001f35       0x3c ./Core/Src/MainCPP.o
 .debug_macro   0x00001f71      0x38c ./Core/Src/MainCPP.o
 .debug_macro   0x000022fd       0x10 ./Core/Src/MainCPP.o
 .debug_macro   0x0000230d       0x1c ./Core/Src/MainCPP.o
 .debug_macro   0x00002329       0x33 ./Core/Src/MainCPP.o
 .debug_macro   0x0000235c      0x173 ./Core/Src/MainCPP.o
 .debug_macro   0x000024cf       0x41 ./Core/Src/MainCPP.o
 .debug_macro   0x00002510       0x1c ./Core/Src/MainCPP.o
 .debug_macro   0x0000252c      0x103 ./Core/Src/MainCPP.o
 .debug_macro   0x0000262f       0x6a ./Core/Src/MainCPP.o
 .debug_macro   0x00002699      0x1d1 ./Core/Src/MainCPP.o
 .debug_macro   0x0000286a       0x1c ./Core/Src/MainCPP.o
 .debug_macro   0x00002886       0x1f ./Core/Src/MainCPP.o
 .debug_macro   0x000028a5       0x2c ./Core/Src/MainCPP.o
 .debug_macro   0x000028d1       0x11 ./Core/Src/MainCPP.o
 .debug_macro   0x000028e2       0x18 ./Core/Src/MainCPP.o
 .debug_macro   0x000028fa       0x10 ./Core/Src/MainCPP.o
 .debug_macro   0x0000290a       0x35 ./Core/Src/MainCPP.o
 .debug_macro   0x0000293f       0x5e ./Core/Src/MainCPP.o
 .debug_macro   0x0000299d       0x16 ./Core/Src/MainCPP.o
 .debug_macro   0x000029b3       0x52 ./Core/Src/MainCPP.o
 .debug_macro   0x00002a05       0x5e ./Core/Src/MainCPP.o
 .debug_macro   0x00002a63       0x28 ./Core/Src/MainCPP.o
 .debug_macro   0x00002a8b       0x2e ./Core/Src/MainCPP.o
 .debug_macro   0x00002ab9       0x19 ./Core/Src/MainCPP.o
 .debug_macro   0x00002ad2       0x11 ./Core/Src/MainCPP.o
 .debug_macro   0x00002ae3       0x4f ./Core/Src/MainCPP.o
 .debug_macro   0x00002b32       0x18 ./Core/Src/MainCPP.o
 .debug_macro   0x00002b4a       0x19 ./Core/Src/MainCPP.o
 .debug_macro   0x00002b63       0x88 ./Core/Src/MainCPP.o
 .debug_macro   0x00002beb       0x19 ./Core/Src/MainCPP.o
 .debug_macro   0x00002c04       0x1c ./Core/Src/MainCPP.o
 .debug_macro   0x00002c20       0x10 ./Core/Src/MainCPP.o
 .debug_macro   0x00002c30       0x16 ./Core/Src/MainCPP.o
 .debug_macro   0x00002c46       0x16 ./Core/Src/MainCPP.o
 .debug_macro   0x00002c5c       0x29 ./Core/Src/MainCPP.o
 .debug_macro   0x00002c85       0x1c ./Core/Src/MainCPP.o
 .debug_macro   0x00002ca1       0xde ./Core/Src/MainCPP.o
 .debug_macro   0x00002d7f       0x1c ./Core/Src/MainCPP.o
 .debug_macro   0x00002d9b       0x10 ./Core/Src/MainCPP.o
 .debug_macro   0x00002dab       0x16 ./Core/Src/MainCPP.o
 .debug_macro   0x00002dc1      0x131 ./Core/Src/MainCPP.o
 .debug_macro   0x00002ef2      0x11d ./Core/Src/MainCPP.o
 .debug_macro   0x0000300f       0x10 ./Core/Src/MainCPP.o
 .debug_macro   0x0000301f      0x242 ./Core/Src/MainCPP.o
 .debug_macro   0x00003261       0x11 ./Core/Src/MainCPP.o
 .debug_macro   0x00003272       0x19 ./Core/Src/MainCPP.o
 .debug_macro   0x0000328b       0x18 ./Core/Src/MainCPP.o
 .debug_macro   0x000032a3      0x2a1 ./Core/Src/MainCPP.o
 .debug_macro   0x00003544       0x2e ./Core/Src/MainCPP.o
 .debug_macro   0x00003572       0x28 ./Core/Src/MainCPP.o
 .debug_macro   0x0000359a       0x1c ./Core/Src/MainCPP.o
 .debug_macro   0x000035b6       0x22 ./Core/Src/MainCPP.o