Archive member included to satisfy reference by file (symbol)

D:/Programas Permanentes/STM32CubeIDE_1.15.1/STM32CubeIDE/plugins/com.st.stm32cube.ide.mcu.externaltools.gnu-tools-for-stm32.12.3.rel1.win32_1.0.100.202403111256/tools/bin/../lib/gcc/arm-none-eabi/12.3.1/../../../../arm-none-eabi/lib/thumb/v7e-m+fp/hard\libstdc++_nano.a(del_ops.o)
                              ./Drivers/Async_Event_Loop/AsyncEventLoop.o (operator delete(void*, unsigned int))
D:/Programas Permanentes/STM32CubeIDE_1.15.1/STM32CubeIDE/plugins/com.st.stm32cube.ide.mcu.externaltools.gnu-tools-for-stm32.12.3.rel1.win32_1.0.100.202403111256/tools/bin/../lib/gcc/arm-none-eabi/12.3.1/../../../../arm-none-eabi/lib/thumb/v7e-m+fp/hard\libstdc++_nano.a(del_op.o)
                              D:/Programas Permanentes/STM32CubeIDE_1.15.1/STM32CubeIDE/plugins/com.st.stm32cube.ide.mcu.externaltools.gnu-tools-for-stm32.12.3.rel1.win32_1.0.100.202403111256/tools/bin/../lib/gcc/arm-none-eabi/12.3.1/../../../../arm-none-eabi/lib/thumb/v7e-m+fp/hard\libstdc++_nano.a(del_ops.o) (operator delete(void*))
D:/Programas Permanentes/STM32CubeIDE_1.15.1/STM32CubeIDE/plugins/com.st.stm32cube.ide.mcu.externaltools.gnu-tools-for-stm32.12.3.rel1.win32_1.0.100.202403111256/tools/bin/../lib/gcc/arm-none-eabi/12.3.1/../../../../arm-none-eabi/lib/thumb/v7e-m+fp/hard\libc_nano.a(libc_a-exit.o)
                              D:/Programas Permanentes/STM32CubeIDE_1.15.1/STM32CubeIDE/plugins/com.st.stm32cube.ide.mcu.externaltools.gnu-tools-for-stm32.12.3.rel1.win32_1.0.100.202403111256/tools/bin/../lib/gcc/arm-none-eabi/12.3.1/../../../../arm-none-eabi/lib/thumb/v7e-m+fp/hard/crt0.o (exit)
D:/Programas Permanentes/STM32CubeIDE_1.15.1/STM32CubeIDE/plugins/com.st.stm32cube.ide.mcu.externaltools.gnu-tools-for-stm32.12.3.rel1.win32_1.0.100.202403111256/tools/bin/../lib/gcc/arm-none-eabi/12.3.1/../../../../arm-none-eabi/lib/thumb/v7e-m+fp/hard\libc_nano.a(libc_a-malloc.o)
                              D:/Programas Permanentes/STM32CubeIDE_1.15.1/STM32CubeIDE/plugins/com.st.stm32cube.ide.mcu.externaltools.gnu-tools-for-stm32.12.3.rel1.win32_1.0.100.202403111256/tools/bin/../lib/gcc/arm-none-eabi/12.3.1/../../../../arm-none-eabi/lib/thumb/v7e-m+fp/hard\libstdc++_nano.a(del_op.o) (free)
D:/Programas Permanentes/STM32CubeIDE_1.15.1/STM32CubeIDE/plugins/com.st.stm32cube.ide.mcu.externaltools.gnu-tools-for-stm32.12.3.rel1.win32_1.0.100.202403111256/tools/bin/../lib/gcc/arm-none-eabi/12.3.1/../../../../arm-none-eabi/lib/thumb/v7e-m+fp/hard\libc_nano.a(libc_a-mallocr.o)
                              D:/Programas Permanentes/STM32CubeIDE_1.15.1/STM32CubeIDE/plugins/com.st.stm32cube.ide.mcu.externaltools.gnu-tools-for-stm32.12.3.rel1.win32_1.0.100.202403111256/tools/bin/../lib/gcc/arm-none-eabi/12.3.1/../../../../arm-none-eabi/lib/thumb/v7e-m+fp/hard\libc_nano.a(libc_a-malloc.o) (_malloc_r)
D:/Programas Permanentes/STM32CubeIDE_1.15.1/STM32CubeIDE/plugins/com.st.stm32cube.ide.mcu.externaltools.gnu-tools-for-stm32.12.3.rel1.win32_1.0.100.202403111256/tools/bin/../lib/gcc/arm-none-eabi/12.3.1/../../../../arm-none-eabi/lib/thumb/v7e-m+fp/hard\libc_nano.a(libc_a-mlock.o)
                              D:/Programas Permanentes/STM32CubeIDE_1.15.1/STM32CubeIDE/plugins/com.st.stm32cube.ide.mcu.externaltools.gnu-tools-for-stm32.12.3.rel1.win32_1.0.100.202403111256/tools/bin/../lib/gcc/arm-none-eabi/12.3.1/../../../../arm-none-eabi/lib/thumb/v7e-m+fp/hard\libc_nano.a(libc_a-mallocr.o) (__malloc_lock)
D:/Programas Permanentes/STM32CubeIDE_1.15.1/STM32CubeIDE/plugins/com.st.stm32cube.ide.mcu.externaltools.gnu-tools-for-stm32.12.3.rel1.win32_1.0.100.202403111256/tools/bin/../lib/gcc/arm-none-eabi/12.3.1/../../../../arm-none-eabi/lib/thumb/v7e-m+fp/hard\libc_nano.a(libc_a-findfp.o)
                              D:/Programas Permanentes/STM32CubeIDE_1.15.1/STM32CubeIDE/plugins/com.st.stm32cube.ide.mcu.externaltools.gnu-tools-for-stm32.12.3.rel1.win32_1.0.100.202403111256/tools/bin/../lib/gcc/arm-none-eabi/12.3.1/../../../../arm-none-eabi/lib/thumb/v7e-m+fp/hard\libc_nano.a(libc_a-exit.o) (__stdio_exit_handler)
D:/Programas Permanentes/STM32CubeIDE_1.15.1/STM32CubeIDE/plugins/com.st.stm32cube.ide.mcu.externaltools.gnu-tools-for-stm32.12.3.rel1.win32_1.0.100.202403111256/tools/bin/../lib/gcc/arm-none-eabi/12.3.1/../../../../arm-none-eabi/lib/thumb/v7e-m+fp/hard\libc_nano.a(libc_a-fwalk.o)
                              D:/Programas Permanentes/STM32CubeIDE_1.15.1/STM32CubeIDE/plugins/com.st.stm32cube.ide.mcu.externaltools.gnu-tools-for-stm32.12.3.rel1.win32_1.0.100.202403111256/tools/bin/../lib/gcc/arm-none-eabi/12.3.1/../../../../arm-none-eabi/lib/thumb/v7e-m+fp/hard\libc_nano.a(libc_a-findfp.o) (_fwalk_sglue)
D:/Programas Permanentes/STM32CubeIDE_1.15.1/STM32CubeIDE/plugins/com.st.stm32cube.ide.mcu.externaltools.gnu-tools-for-stm32.12.3.rel1.win32_1.0.100.202403111256/tools/bin/../lib/gcc/arm-none-eabi/12.3.1/../../../../arm-none-eabi/lib/thumb/v7e-m+fp/hard\libc_nano.a(libc_a-stdio.o)
[...]
Memory Configuration

Name             Origin             Length             Attributes
RAM              0x20000000         0x00020000         xrw
FLASH            0x08000000         0x00080000         xr
*default*        0x00000000         0xffffffff

Linker script and memory map

LOAD D:/Programas Permanentes/STM32CubeIDE_1.15.1/STM32CubeIDE/plugins/com.st.stm32cube.ide.mcu.externaltools.gnu-tools-for-stm32.12.3.rel1.win32_1.0.100.202403111256/tools/bin/../lib/gcc/arm-none-eabi/12.3.1/thumb/v7e-m+fp/hard/crti.o
LOAD D:/Programas Permanentes/STM32CubeIDE_1.15.1/STM32CubeIDE/plugins/com.st.stm32cube.ide.mcu.externaltools.gnu-tools-for-stm32.12.3.rel1.win32_1.0.100.202403111256/tools/bin/../lib/gcc/arm-none-eabi/12.3.1/thumb/v7e-m+fp/hard/crtbegin.o
LOAD D:/Programas Permanentes/STM32CubeIDE_1.15.1/STM32CubeIDE/plugins/com.st.stm32cube.ide.mcu.externaltools.gnu-tools-for-stm32.12.3.rel1.win32_1.0.100.202403111256/tools/bin/../lib/gcc/arm-none-eabi/12.3.1/../../../../arm-none-eabi/lib/thumb/v7e-m+fp/hard/crt0.o
LOAD ./Core/Src/MainCPP.o
LOAD ./Core/Src/main.o
LOAD ./Core/Src/stm32f4xx_hal_msp.o
LOAD ./Core/Src/stm32f4xx_it.o
LOAD ./Core/Src/syscalls.o
LOAD ./Core/Src/sysmem.o
LOAD ./Core/Src/system_stm32f4xx.o
LOAD ./Core/Startup/startup_stm32f411ceux.o
LOAD ./Drivers/Async_Event_Loop/AsyncEventLoop.o
LOAD ./Drivers/KY-040/KY040.o
LOAD ./Drivers/STM32F4xx_HAL_Driver/Src/stm32f4xx_hal.o
LOAD ./Drivers/STM32F4xx_HAL_Driver/Src/stm32f4xx_hal_cortex.o
LOAD ./Drivers/STM32F4xx_HAL_Driver/Src/stm32f4xx_hal_dma.o
LOAD ./Drivers/STM32F4xx_HAL_Driver/Src/stm32f4xx_hal_dma_ex.o
LOAD ./Drivers/STM32F4xx_HAL_Driver/Src/stm32f4xx_hal_exti.o
LOAD ./Drivers/STM32F4xx_HAL_Driver/Src/stm32f4xx_hal_flash.o
LOAD ./Drivers/STM32F4xx_HAL_Driver/Src/stm32f4xx_hal_flash_ex.o
LOAD ./Drivers/STM32F4xx_HAL_Driver/Src/stm32f4xx_hal_flash_ramfunc.o
LOAD ./Drivers/STM32F4xx_HAL_Driver/Src/stm32f4xx_hal_gpio.o
LOAD ./Drivers/STM32F4xx_HAL_Driver/Src/stm32f4xx_hal_pwr.o
LOAD ./Drivers/STM32F4xx_HAL_Driver/Src/stm32f4xx_hal_pwr_ex.o
LOAD ./Drivers/STM32F4xx_HAL_Driver/Src/stm32f4xx_hal_rcc.o
LOAD ./Drivers/STM32F4xx_HAL_Driver/Src/stm32f4xx_hal_rcc_ex.o
LOAD ./Drivers/STM32F4xx_HAL_Driver/Src/stm32f4xx_hal_spi.o
LOAD ./Drivers/STM32F4xx_HAL_Driver/Src/stm32f4xx_hal_tim.o
LOAD ./Drivers/STM32F4xx_HAL_Driver/Src/stm32f4xx_hal_tim_ex.o
LOAD ./Drivers/STM32F4xx_HAL_Driver/Src/stm32f4xx_hal_uart.o
START GROUP
LOAD D:/Programas Permanentes/STM32CubeIDE_1.15.1/STM32CubeIDE/plugins/com.st.stm32cube.ide.mcu.externaltools.gnu-tools-for-stm32.12.3.rel1.win32_1.0.100.202403111256/tools/bin/../lib/gcc/arm-none-eabi/12.3.1/../../../../arm-none-eabi/lib/thumb/v7e-m+fp/hard\libstdc++_nano.a
LOAD D:/Programas Permanentes/STM32CubeIDE_1.15.1/STM32CubeIDE/plugins/com.st.stm32cube.ide.mcu.externaltools.gnu-tools-for-stm32.12.3.rel1.win32_1.0.100.202403111256/tools/bin/../lib/gcc/arm-none-eabi/12.3.1/../../../../arm-none-eabi/lib/thumb/v7e-m+fp/hard\libsupc++_nano.a
END GROUP
LOAD D:/Programas Permanentes/STM32CubeIDE_1.15.1/STM32CubeIDE/plugins/com.st.stm32cube.ide.mcu.externaltools.gnu-tools-for-stm32.12.3.rel1.win32_1.0.100.202403111256/tools/bin/../lib/gcc/arm-none-eabi/12.3.1/../../../../arm-none-eabi/lib/thumb/v7e-m+fp/hard\libstdc++_nano.a
LOAD D:/Programas Permanentes/STM32CubeIDE_1.15.1/STM32CubeIDE/plugins/com.st.stm32cube.ide.mcu.externaltools.gnu-tools-for-stm32.12.3.rel1.win32_1.0.100.202403111256/tools/bin/../lib/gcc/arm-none-eabi/12.3.1/../../../../arm-none-eabi/lib/thumb/v7e-m+fp/hard\libm.a
LOAD D:/Programas Permanentes/STM32CubeIDE_1.15.1/STM32CubeIDE/plugins/com.st.stm32cube.ide.mcu.externaltools.gnu-tools-for-stm32.12.3.rel1.win32_1.0.100.202403111256/tools/bin/../lib/gcc/arm-none-eabi/12.3.1/../../../../arm-none-eabi/lib/thumb/v7e-m+fp/hard\libc_nano.a
START GROUP
LOAD D:/Programas Permanentes/STM32CubeIDE_1.15.1/STM32CubeIDE/plugins/com.st.stm32cube.ide.mcu.externaltools.gnu-tools-for-stm32.12.3.rel1.win32_1.0.100.202403111256/tools/bin/../lib/gcc/arm-none-eabi/12.3.1/thumb/v7e-m+fp/hard\libgcc.a
LOAD D:/Programas Permanentes/STM32CubeIDE_1.15.1/STM32CubeIDE/plugins/com.st.stm32cube.ide.mcu.externaltools.gnu-tools-for-stm32.12.3.rel1.win32_1.0.100.202403111256/tools/bin/../lib/gcc/arm-none-eabi/12.3.1/../../../../arm-none-eabi/lib/thumb/v7e-m+fp/hard\libc_nano.a
END GROUP
START GROUP
LOAD D:/Programas Permanentes/STM32CubeIDE_1.15.1/STM32CubeIDE/plugins/com.st.stm32cube.ide.mcu.externaltools.gnu-tools-for-stm32.12.3.rel1.win32_1.0.100.202403111256/tools/bin/../lib/gcc/arm-none-eabi/12.3.1/thumb/v7e-m+fp/hard\libgcc.a
LOAD D:/Programas Permanentes/STM32CubeIDE_1.15.1/STM32CubeIDE/plugins/com.st.stm32cube.ide.mcu.externaltools.gnu-tools-for-stm32.12.3.rel1.win32_1.0.100.202403111256/tools/bin/../lib/gcc/arm-none-eabi/12.3.1/../../../../arm-none-eabi/lib/thumb/v7e-m+fp/hard\libc_nano.a
LOAD D:/Programas Permanentes/STM32CubeIDE_1.15.1/STM32CubeIDE/plugins/com.st.stm32cube.ide.mcu.externaltools.gnu-tools-for-stm32.12.3.rel1.win32_1.0.100.202403111256/tools/bin/../lib/gcc/arm-none-eabi/12.3.1/../../../../arm-none-eabi/lib/thumb/v7e-m+fp/hard\libnosys.a
END GROUP
START GROUP
LOAD D:/Programas Permanentes/STM32CubeIDE_1.15.1/STM32CubeIDE/plugins/com.st.stm32cube.ide.mcu.externaltools.gnu-tools-for-stm32.12.3.rel1.win32_1.0.100.202403111256/tools/bin/../lib/gcc/arm-none-eabi/12.3.1/thumb/v7e-m+fp/hard\libgcc.a
LOAD D:/Programas Permanentes/STM32CubeIDE_1.15.1/STM32CubeIDE/plugins/com.st.stm32cube.ide.mcu.externaltools.gnu-tools-for-stm32.12.3.rel1.win32_1.0.100.202403111256/tools/bin/../lib/gcc/arm-none-eabi/12.3.1/../../../../arm-none-eabi/lib/thumb/v7e-m+fp/hard\libc_nano.a
LOAD D:/Programas Permanentes/STM32CubeIDE_1.15.1/STM32CubeIDE/plugins/com.st.stm32cube.ide.mcu.externaltools.gnu-tools-for-stm32.12.3.rel1.win32_1.0.100.202403111256/tools/bin/../lib/gcc/arm-none-eabi/12.3.1/../../../../arm-none-eabi/lib/thumb/v7e-m+fp/hard\libnosys.a
END GROUP
LOAD D:/Programas Permanentes/STM32CubeIDE_1.15.1/STM32CubeIDE/plugins/com.st.stm32cube.ide.mcu.externaltools.gnu-tools-for-stm32.12.3.rel1.win32_1.0.100.202403111256/tools/bin/../lib/gcc/arm-none-eabi/12.3.1/thumb/v7e-m+fp/hard/crtend.o
LOAD D:/Programas Permanentes/STM32CubeIDE_1.15.1/STM32CubeIDE/plugins/com.st.stm32cube.ide.mcu.externaltools.gnu-tools-for-stm32.12.3.rel1.win32_1.0.100.202403111256/tools/bin/../lib/gcc/arm-none-eabi/12.3.1/thumb/v7e-m+fp/hard/crtn.o
                0x20020000                        _estack = (ORIGIN (RAM) + LENGTH (RAM))
                0x00000200                        _Min_Heap_Size = 0x200
                0x00000400                        _Min_Stack_Size = 0x400

.isr_vector     0x08000000      0x198
                0x08000000                        . = ALIGN (0x4)
 *(.isr_vector)
 .isr_vector    0x08000000      0x198 ./Core/Startup/startup_stm32f411ceux.o
                0x08000000                g_pfnVectors
                0x08000198                        . = ALIGN (0x4)

.text           0x08000198     0x3db8
                0x08000198                        . = ALIGN (0x4)
 *(.text)
 .text          0x08000198       0x40 D:/Programas Permanentes/STM32CubeIDE_1.15.1/STM32CubeIDE/plugins/com.st.stm32cube.ide.mcu.externaltools.gnu-tools-for-stm32.12.3.rel1.win32_1.0.100.202403111256/tools/bin/../lib/gcc/arm-none-eabi/12.3.1/thumb/v7e-m+fp/hard/crtbegin.o
 .text          0x080001d8       0x30 D:/Programas Permanentes/STM32CubeIDE_1.15.1/STM32CubeIDE/plugins/com.st.stm32cube.ide.mcu.externaltools.gnu-tools-for-stm32.12.3.rel1.win32_1.0.100.202403111256/tools/bin/../lib/gcc/arm-none-eabi/12.3.1/thumb/v7e-m+fp/hard\libgcc.a(_aeabi_uldivmod.o)
                0x080001d8                __aeabi_uldivmod
 .text          0x08000208      0x2bc D:/Programas Permanentes/STM32CubeIDE_1.15.1/STM32CubeIDE/plugins/com.st.stm32cube.ide.mcu.externaltools.gnu-tools-for-stm32.12.3.rel1.win32_1.0.100.202403111256/tools/bin/../lib/gcc/arm-none-eabi/12.3.1/thumb/v7e-m+fp/hard\libgcc.a(_udivmoddi4.o)
                0x08000208                __udivmoddi4
 .text          0x080004c4        0x4 D:/Programas Permanentes/STM32CubeIDE_1.15.1/STM32CubeIDE/plugins/com.st.stm32cube.ide.mcu.externaltools.gnu-tools-for-stm32.12.3.rel1.win32_1.0.100.202403111256/tools/bin/../lib/gcc/arm-none-eabi/12.3.1/thumb/v7e-m+fp/hard\libgcc.a(_dvmd_tls.o)
                0x080004c4                __aeabi_idiv0
                0x080004c4                __aeabi_ldiv0
 *(.text*)
 .text._ZN14QueueableClassC2Ev
                0x080004c8       0x2c ./Core/Src/MainCPP.o
                0x080004c8                QueueableClass::QueueableClass()
                0x080004c8                QueueableClass::QueueableClass()
 .text._ZN14QueueableClass8getStateEv
                0x080004f4       0x18 ./Core/Src/MainCPP.o
                0x080004f4                QueueableClass::getState()
 .text._ZN14QueueableClass12setNextClassEPS_
                0x0800050c       0x1c ./Core/Src/MainCPP.o
                0x0800050c                QueueableClass::setNextClass(QueueableClass*)
 .text._ZN14QueueableClass12getNextClassEv
                0x08000528       0x18 ./Core/Src/MainCPP.o
                0x08000528                QueueableClass::getNextClass()
 .text._ZN14QueueableClass7requeueEv
                0x08000540       0x18 ./Core/Src/MainCPP.o
                0x08000540                QueueableClass::requeue()
 .text._ZN14QueueableClass7enqueueEv
                0x08000558       0x18 ./Core/Src/MainCPP.o
                0x08000558                QueueableClass::enqueue()
 .text._ZN14QueueableClass7EXECUTEEv
                0x08000570       0xa4 ./Core/Src/MainCPP.o
                0x08000570                QueueableClass::EXECUTE()
 .text._ZN14QueueableClass8setStateE20QueueableReturnValue
                0x08000614       0x1e ./Core/Src/MainCPP.o
                0x08000614                QueueableClass::setState(QueueableReturnValue)
 *fill*         0x08000632        0x2 
 .text._Z17beepActionWrapperv
                0x08000634       0x18 ./Core/Src/MainCPP.o
                0x08000634                beepActionWrapper()
 .text._Z7MainCPPv
                0x0800064c       0x30 ./Core/Src/MainCPP.o
                0x0800064c                MainCPP()
 .text.EVENT_LOOP_WRAPPER
                0x0800067c       0x14 ./Core/Src/MainCPP.o
                0x0800067c                EVENT_LOOP_WRAPPER
 .text.RotaryEncoderWrapper
                0x08000690       0x14 ./Core/Src/MainCPP.o
                0x08000690                RotaryEncoderWrapper
 .text.MainC    0x080006a4        0xc ./Core/Src/MainCPP.o
                0x080006a4                MainC
 .text._Z41__static_initialization_and_destruction_0ii
                0x080006b0       0x80 ./Core/Src/MainCPP.o
 .text._GLOBAL__sub_I_beep
                0x08000730       0x10 ./Core/Src/MainCPP.o
 .text._GLOBAL__sub_D_beep
                0x08000740       0x10 ./Core/Src/MainCPP.o
 .text.main     0x08000750       0x34 ./Core/Src/main.o
                0x08000750                main
 .text.SystemClock_Config
                0x08000784       0xd0 ./Core/Src/main.o
                0x08000784                SystemClock_Config
 .text.MX_SPI1_Init
                0x08000854       0x70 ./Core/Src/main.o
 .text.MX_TIM11_Init
                0x080008c4       0x44 ./Core/Src/main.o
 .text.MX_USART1_UART_Init
                0x08000908       0x54 ./Core/Src/main.o
 .text.MX_DMA_Init
                0x0800095c       0x40 ./Core/Src/main.o
 .text.MX_GPIO_Init
                0x0800099c      0x18c ./Core/Src/main.o
 .text.HAL_GPIO_EXTI_Callback
                0x08000b28       0x16 ./Core/Src/main.o
                0x08000b28                HAL_GPIO_EXTI_Callback
 *fill*         0x08000b3e        0x2 
 .text.HAL_TIM_PeriodElapsedCallback
                0x08000b40       0x30 ./Core/Src/main.o
                0x08000b40                HAL_TIM_PeriodElapsedCallback
 .text.Error_Handler
                0x08000b70       0x24 ./Core/Src/main.o
                0x08000b70                Error_Handler
 .text.HAL_MspInit
                0x08000b94       0x50 ./Core/Src/stm32f4xx_hal_msp.o
                0x08000b94                HAL_MspInit
 .text.HAL_SPI_MspInit
                0x08000be4       0xf4 ./Core/Src/stm32f4xx_hal_msp.o
                0x08000be4                HAL_SPI_MspInit
 .text.HAL_TIM_Base_MspInit
                0x08000cd8       0x50 ./Core/Src/stm32f4xx_hal_msp.o
                0x08000cd8                HAL_TIM_Base_MspInit
 .text.HAL_UART_MspInit
                0x08000d28       0xa0 ./Core/Src/stm32f4xx_hal_msp.o
                0x08000d28                HAL_UART_MspInit
 .text.NMI_Handler
                0x08000dc8        0x8 ./Core/Src/stm32f4xx_it.o
                0x08000dc8                NMI_Handler
 .text.HardFault_Handler
                0x08000dd0        0x8 ./Core/Src/stm32f4xx_it.o
                0x08000dd0                HardFault_Handler
 .text.MemManage_Handler
                0x08000dd8        0x8 ./Core/Src/stm32f4xx_it.o
                0x08000dd8                MemManage_Handler
 .text.BusFault_Handler
                0x08000de0        0x8 ./Core/Src/stm32f4xx_it.o
                0x08000de0                BusFault_Handler
 .text.UsageFault_Handler
                0x08000de8        0x8 ./Core/Src/stm32f4xx_it.o
                0x08000de8                UsageFault_Handler
 .text.SVC_Handler
                0x08000df0        0xe ./Core/Src/stm32f4xx_it.o
                0x08000df0                SVC_Handler
 .text.DebugMon_Handler
                0x08000dfe        0xe ./Core/Src/stm32f4xx_it.o
                0x08000dfe                DebugMon_Handler
 .text.PendSV_Handler
                0x08000e0c        0xe ./Core/Src/stm32f4xx_it.o
                0x08000e0c                PendSV_Handler
 .text.SysTick_Handler
                0x08000e1a        0xc ./Core/Src/stm32f4xx_it.o
                0x08000e1a                SysTick_Handler
 .text.EXTI1_IRQHandler
                0x08000e26        0xe ./Core/Src/stm32f4xx_it.o
                0x08000e26                EXTI1_IRQHandler
 .text.EXTI2_IRQHandler
                0x08000e34        0xe ./Core/Src/stm32f4xx_it.o
                0x08000e34                EXTI2_IRQHandler
 *fill*         0x08000e42        0x2 
 .text.TIM1_TRG_COM_TIM11_IRQHandler
                0x08000e44       0x14 ./Core/Src/stm32f4xx_it.o
                0x08000e44                TIM1_TRG_COM_TIM11_IRQHandler
 .text.USART1_IRQHandler
                0x08000e58       0x14 ./Core/Src/stm32f4xx_it.o
                0x08000e58                USART1_IRQHandler
 .text.DMA2_Stream2_IRQHandler
                0x08000e6c       0x14 ./Core/Src/stm32f4xx_it.o
                0x08000e6c                DMA2_Stream2_IRQHandler
 .text.SystemInit
                0x08000e80       0x24 ./Core/Src/system_stm32f4xx.o
                0x08000e80                SystemInit
 .text.Reset_Handler
                0x08000ea4       0x50 ./Core/Startup/startup_stm32f411ceux.o
                0x08000ea4                Reset_Handler
 .text.Default_Handler
                0x08000ef4        0x2 ./Core/Startup/startup_stm32f411ceux.o
                0x08000ef4                RTC_Alarm_IRQHandler
                0x08000ef4                SPI4_IRQHandler
                0x08000ef4                TIM1_CC_IRQHandler
                0x08000ef4                DMA2_Stream5_IRQHandler
                0x08000ef4                DMA1_Stream5_IRQHandler
                0x08000ef4                PVD_IRQHandler
                0x08000ef4                SDIO_IRQHandler
                0x08000ef4                TAMP_STAMP_IRQHandler
                0x08000ef4                EXTI3_IRQHandler
                0x08000ef4                TIM1_UP_TIM10_IRQHandler
                0x08000ef4                I2C3_ER_IRQHandler
                0x08000ef4                EXTI0_IRQHandler
                0x08000ef4                I2C2_EV_IRQHandler
                0x08000ef4                DMA1_Stream2_IRQHandler
                0x08000ef4                FPU_IRQHandler
                0x08000ef4                SPI1_IRQHandler
                0x08000ef4                TIM1_BRK_TIM9_IRQHandler
                0x08000ef4                DMA2_Stream3_IRQHandler
                0x08000ef4                USART6_IRQHandler
                0x08000ef4                DMA2_Stream0_IRQHandler
                0x08000ef4                TIM4_IRQHandler
                0x08000ef4                I2C1_EV_IRQHandler
                0x08000ef4                DMA1_Stream6_IRQHandler
                0x08000ef4                DMA1_Stream1_IRQHandler
                0x08000ef4                TIM3_IRQHandler
                0x08000ef4                RCC_IRQHandler
                0x08000ef4                Default_Handler
                0x08000ef4                EXTI15_10_IRQHandler
                0x08000ef4                ADC_IRQHandler
                0x08000ef4                DMA1_Stream7_IRQHandler
                0x08000ef4                SPI5_IRQHandler
                0x08000ef4                TIM5_IRQHandler
                0x08000ef4                DMA2_Stream7_IRQHandler
                0x08000ef4                I2C3_EV_IRQHandler
                0x08000ef4                EXTI9_5_IRQHandler
                0x08000ef4                RTC_WKUP_IRQHandler
                0x08000ef4                SPI2_IRQHandler
                0x08000ef4                DMA1_Stream0_IRQHandler
                0x08000ef4                EXTI4_IRQHandler
                0x08000ef4                WWDG_IRQHandler
                0x08000ef4                TIM2_IRQHandler
                0x08000ef4                OTG_FS_WKUP_IRQHandler
                0x08000ef4                USART2_IRQHandler
                0x08000ef4                I2C2_ER_IRQHandler
                0x08000ef4                DMA2_Stream1_IRQHandler
                0x08000ef4                FLASH_IRQHandler
                0x08000ef4                DMA2_Stream4_IRQHandler
                0x08000ef4                OTG_FS_IRQHandler
                0x08000ef4                SPI3_IRQHandler
                0x08000ef4                DMA1_Stream4_IRQHandler
                0x08000ef4                I2C1_ER_IRQHandler
                0x08000ef4                DMA2_Stream6_IRQHandler
                0x08000ef4                DMA1_Stream3_IRQHandler
 *fill*         0x08000ef6        0x2 
 .text._ZN16Async_Event_LoopC2Ev
                0x08000ef8       0x34 ./Drivers/Async_Event_Loop/AsyncEventLoop.o
                0x08000ef8                Async_Event_Loop::Async_Event_Loop()
                0x08000ef8                Async_Event_Loop::Async_Event_Loop()
 .text._ZN16Async_Event_Loop12setBeginningEP14QueueableClass
                0x08000f2c       0x1c ./Drivers/Async_Event_Loop/AsyncEventLoop.o
                0x08000f2c                Async_Event_Loop::setBeginning(QueueableClass*)
 .text._ZN16Async_Event_Loop12getBeginningEv
                0x08000f48       0x18 ./Drivers/Async_Event_Loop/AsyncEventLoop.o
                0x08000f48                Async_Event_Loop::getBeginning()
 .text._ZN16Async_Event_Loop11setPreviousEP14QueueableClass
                0x08000f60       0x1c ./Drivers/Async_Event_Loop/AsyncEventLoop.o
                0x08000f60                Async_Event_Loop::setPrevious(QueueableClass*)
 .text._ZN16Async_Event_Loop11getPreviousEv
                0x08000f7c       0x18 ./Drivers/Async_Event_Loop/AsyncEventLoop.o
                0x08000f7c                Async_Event_Loop::getPrevious()
 .text._ZN16Async_Event_Loop6setEndEP14QueueableClass
                0x08000f94       0x1c ./Drivers/Async_Event_Loop/AsyncEventLoop.o
                0x08000f94                Async_Event_Loop::setEnd(QueueableClass*)
 .text._ZN16Async_Event_Loop6getEndEv
                0x08000fb0       0x18 ./Drivers/Async_Event_Loop/AsyncEventLoop.o
                0x08000fb0                Async_Event_Loop::getEnd()
 .text._ZN16Async_Event_Loop7enqueueEP14QueueableClass
                0x08000fc8       0x92 ./Drivers/Async_Event_Loop/AsyncEventLoop.o
                0x08000fc8                Async_Event_Loop::enqueue(QueueableClass*)
 .text._ZN16Async_Event_Loop7dequeueEP14QueueableClass
                0x0800105a       0x86 ./Drivers/Async_Event_Loop/AsyncEventLoop.o
                0x0800105a                Async_Event_Loop::dequeue(QueueableClass*)
 .text._ZN16Async_Event_Loop10ASYNC_LOOPEv
                0x080010e0       0xa4 ./Drivers/Async_Event_Loop/AsyncEventLoop.o
                0x080010e0                Async_Event_Loop::ASYNC_LOOP()
 .text._ZN16Async_Event_LoopD2Ev
                0x08001184       0x20 ./Drivers/Async_Event_Loop/AsyncEventLoop.o
                0x08001184                Async_Event_Loop::~Async_Event_Loop()
                0x08001184                Async_Event_Loop::~Async_Event_Loop()
 .text._ZN16Async_Event_LoopD0Ev
                0x080011a4       0x20 ./Drivers/Async_Event_Loop/AsyncEventLoop.o
                0x080011a4                Async_Event_Loop::~Async_Event_Loop()
 .text._ZN6KY_040C2EP12GPIO_TypeDeftS1_tllPFvvEb
                0x080011c4       0x7c ./Drivers/KY-040/KY040.o
                0x080011c4                KY_040::KY_040(GPIO_TypeDef*, unsigned short, GPIO_TypeDef*, unsigned short, long, long, void (*)(), bool)
                0x080011c4                KY_040::KY_040(GPIO_TypeDef*, unsigned short, GPIO_TypeDef*, unsigned short, long, long, void (*)(), bool)
 .text._ZN6KY_040D2Ev
                0x08001240       0x20 ./Drivers/KY-040/KY040.o
                0x08001240                KY_040::~KY_040()
                0x08001240                KY_040::~KY_040()
 .text._ZN6KY_040D0Ev
                0x08001260       0x20 ./Drivers/KY-040/KY040.o
                0x08001260                KY_040::~KY_040()
 .text._ZN6KY_04015handleInterruptEv
                0x08001280      0x114 ./Drivers/KY-040/KY040.o
                0x08001280                KY_040::handleInterrupt()
 .text.HAL_Init
                0x08001394       0x44 ./Drivers/STM32F4xx_HAL_Driver/Src/stm32f4xx_hal.o
                0x08001394                HAL_Init
 .text.HAL_InitTick
                0x080013d8       0x60 ./Drivers/STM32F4xx_HAL_Driver/Src/stm32f4xx_hal.o
                0x080013d8                HAL_InitTick
 .text.HAL_IncTick
                0x08001438       0x28 ./Drivers/STM32F4xx_HAL_Driver/Src/stm32f4xx_hal.o
                0x08001438                HAL_IncTick
 .text.HAL_GetTick
                0x08001460       0x18 ./Drivers/STM32F4xx_HAL_Driver/Src/stm32f4xx_hal.o
                0x08001460                HAL_GetTick
 .text.HAL_Delay
                0x08001478       0x48 ./Drivers/STM32F4xx_HAL_Driver/Src/stm32f4xx_hal.o
                0x08001478                HAL_Delay
 .text.__NVIC_SetPriorityGrouping
                0x080014c0       0x48 ./Drivers/STM32F4xx_HAL_Driver/Src/stm32f4xx_hal_cortex.o
 .text.__NVIC_GetPriorityGrouping
                0x08001508       0x1c ./Drivers/STM32F4xx_HAL_Driver/Src/stm32f4xx_hal_cortex.o
 .text.__NVIC_EnableIRQ
                0x08001524       0x3c ./Drivers/STM32F4xx_HAL_Driver/Src/stm32f4xx_hal_cortex.o
 .text.__NVIC_SetPriority
                0x08001560       0x54 ./Drivers/STM32F4xx_HAL_Driver/Src/stm32f4xx_hal_cortex.o
 .text.NVIC_EncodePriority
                0x080015b4       0x66 ./Drivers/STM32F4xx_HAL_Driver/Src/stm32f4xx_hal_cortex.o
 *fill*         0x0800161a        0x2 
 .text.SysTick_Config
                0x0800161c       0x44 ./Drivers/STM32F4xx_HAL_Driver/Src/stm32f4xx_hal_cortex.o
 .text.HAL_NVIC_SetPriorityGrouping
                0x08001660       0x16 ./Drivers/STM32F4xx_HAL_Driver/Src/stm32f4xx_hal_cortex.o
                0x08001660                HAL_NVIC_SetPriorityGrouping
 .text.HAL_NVIC_SetPriority
                0x08001676       0x38 ./Drivers/STM32F4xx_HAL_Driver/Src/stm32f4xx_hal_cortex.o
                0x08001676                HAL_NVIC_SetPriority
 .text.HAL_NVIC_EnableIRQ
                0x080016ae       0x1c ./Drivers/STM32F4xx_HAL_Driver/Src/stm32f4xx_hal_cortex.o
                0x080016ae                HAL_NVIC_EnableIRQ
 .text.HAL_SYSTICK_Config
                0x080016ca       0x18 ./Drivers/STM32F4xx_HAL_Driver/Src/stm32f4xx_hal_cortex.o
                0x080016ca                HAL_SYSTICK_Config
 *fill*         0x080016e2        0x2 
 .text.HAL_DMA_Init
                0x080016e4      0x15c ./Drivers/STM32F4xx_HAL_Driver/Src/stm32f4xx_hal_dma.o
                0x080016e4                HAL_DMA_Init
 .text.HAL_DMA_Abort
                0x08001840       0xe0 ./Drivers/STM32F4xx_HAL_Driver/Src/stm32f4xx_hal_dma.o
                0x08001840                HAL_DMA_Abort
 .text.HAL_DMA_Abort_IT
                0x08001920       0x44 ./Drivers/STM32F4xx_HAL_Driver/Src/stm32f4xx_hal_dma.o
                0x08001920                HAL_DMA_Abort_IT
 .text.HAL_DMA_IRQHandler
                0x08001964      0x314 ./Drivers/STM32F4xx_HAL_Driver/Src/stm32f4xx_hal_dma.o
                0x08001964                HAL_DMA_IRQHandler
 .text.DMA_CalcBaseAndBitshift
                0x08001c78       0x6c ./Drivers/STM32F4xx_HAL_Driver/Src/stm32f4xx_hal_dma.o
 .text.DMA_CheckFifoParam
                0x08001ce4       0xf8 ./Drivers/STM32F4xx_HAL_Driver/Src/stm32f4xx_hal_dma.o
 .text.HAL_GPIO_Init
                0x08001ddc      0x308 ./Drivers/STM32F4xx_HAL_Driver/Src/stm32f4xx_hal_gpio.o
                0x08001ddc                HAL_GPIO_Init
 .text.HAL_GPIO_WritePin
                0x080020e4       0x32 ./Drivers/STM32F4xx_HAL_Driver/Src/stm32f4xx_hal_gpio.o
                0x080020e4                HAL_GPIO_WritePin
 *fill*         0x08002116        0x2 
 .text.HAL_GPIO_EXTI_IRQHandler
                0x08002118       0x30 ./Drivers/STM32F4xx_HAL_Driver/Src/stm32f4xx_hal_gpio.o
                0x08002118                HAL_GPIO_EXTI_IRQHandler
 .text.HAL_RCC_OscConfig
                0x08002148      0x4f0 ./Drivers/STM32F4xx_HAL_Driver/Src/stm32f4xx_hal_rcc.o
                0x08002148                HAL_RCC_OscConfig
 .text.HAL_RCC_ClockConfig
                0x08002638      0x1cc ./Drivers/STM32F4xx_HAL_Driver/Src/stm32f4xx_hal_rcc.o
                0x08002638                HAL_RCC_ClockConfig
 .text.HAL_RCC_GetSysClockFreq
                0x08002804      0x18c ./Drivers/STM32F4xx_HAL_Driver/Src/stm32f4xx_hal_rcc.o
                0x08002804                HAL_RCC_GetSysClockFreq
 .text.HAL_RCC_GetHCLKFreq
                0x08002990       0x18 ./Drivers/STM32F4xx_HAL_Driver/Src/stm32f4xx_hal_rcc.o
                0x08002990                HAL_RCC_GetHCLKFreq
 .text.HAL_RCC_GetPCLK1Freq
                0x080029a8       0x28 ./Drivers/STM32F4xx_HAL_Driver/Src/stm32f4xx_hal_rcc.o
                0x080029a8                HAL_RCC_GetPCLK1Freq
 .text.HAL_RCC_GetPCLK2Freq
                0x080029d0       0x28 ./Drivers/STM32F4xx_HAL_Driver/Src/stm32f4xx_hal_rcc.o
                0x080029d0                HAL_RCC_GetPCLK2Freq
 .text.HAL_SPI_Init
                0x080029f8      0x112 ./Drivers/STM32F4xx_HAL_Driver/Src/stm32f4xx_hal_spi.o
                0x080029f8                HAL_SPI_Init
 .text.HAL_TIM_Base_Init
                0x08002b0a       0x9e ./Drivers/STM32F4xx_HAL_Driver/Src/stm32f4xx_hal_tim.o
                0x08002b0a                HAL_TIM_Base_Init
 .text.HAL_TIM_Base_Start_IT
                0x08002ba8       0xc4 ./Drivers/STM32F4xx_HAL_Driver/Src/stm32f4xx_hal_tim.o
                0x08002ba8                HAL_TIM_Base_Start_IT
 .text.HAL_TIM_IRQHandler
                0x08002c6c      0x1e0 ./Drivers/STM32F4xx_HAL_Driver/Src/stm32f4xx_hal_tim.o
                0x08002c6c                HAL_TIM_IRQHandler
 .text.HAL_TIM_OC_DelayElapsedCallback
                0x08002e4c       0x14 ./Drivers/STM32F4xx_HAL_Driver/Src/stm32f4xx_hal_tim.o
                0x08002e4c                HAL_TIM_OC_DelayElapsedCallback
 .text.HAL_TIM_IC_CaptureCallback
                0x08002e60       0x14 ./Drivers/STM32F4xx_HAL_Driver/Src/stm32f4xx_hal_tim.o
                0x08002e60                HAL_TIM_IC_CaptureCallback
 .text.HAL_TIM_PWM_PulseFinishedCallback
                0x08002e74       0x14 ./Drivers/STM32F4xx_HAL_Driver/Src/stm32f4xx_hal_tim.o
                0x08002e74                HAL_TIM_PWM_PulseFinishedCallback
 .text.HAL_TIM_TriggerCallback
                0x08002e88       0x14 ./Drivers/STM32F4xx_HAL_Driver/Src/stm32f4xx_hal_tim.o
                0x08002e88                HAL_TIM_TriggerCallback
 .text.TIM_Base_SetConfig
                0x08002e9c      0x118 ./Drivers/STM32F4xx_HAL_Driver/Src/stm32f4xx_hal_tim.o
                0x08002e9c                TIM_Base_SetConfig
 .text.HAL_TIMEx_CommutCallback
                0x08002fb4       0x14 ./Drivers/STM32F4xx_HAL_Driver/Src/stm32f4xx_hal_tim_ex.o
                0x08002fb4                HAL_TIMEx_CommutCallback
 .text.HAL_TIMEx_BreakCallback
                0x08002fc8       0x14 ./Drivers/STM32F4xx_HAL_Driver/Src/stm32f4xx_hal_tim_ex.o
                0x08002fc8                HAL_TIMEx_BreakCallback
 .text.HAL_UART_Init
                0x08002fdc       0xa0 ./Drivers/STM32F4xx_HAL_Driver/Src/stm32f4xx_hal_uart.o
                0x08002fdc                HAL_UART_Init
 .text.HAL_UART_IRQHandler
                0x0800307c      0x524 ./Drivers/STM32F4xx_HAL_Driver/Src/stm32f4xx_hal_uart.o
                0x0800307c                HAL_UART_IRQHandler
 .text.HAL_UART_TxCpltCallback
                0x080035a0       0x14 ./Drivers/STM32F4xx_HAL_Driver/Src/stm32f4xx_hal_uart.o
                0x080035a0                HAL_UART_TxCpltCallback
 .text.HAL_UART_RxCpltCallback
                0x080035b4       0x14 ./Drivers/STM32F4xx_HAL_Driver/Src/stm32f4xx_hal_uart.o
                0x080035b4                HAL_UART_RxCpltCallback
 .text.HAL_UART_ErrorCallback
                0x080035c8       0x14 ./Drivers/STM32F4xx_HAL_Driver/Src/stm32f4xx_hal_uart.o
                0x080035c8                HAL_UART_ErrorCallback
 .text.HAL_UARTEx_RxEventCallback
                0x080035dc       0x18 ./Drivers/STM32F4xx_HAL_Driver/Src/stm32f4xx_hal_uart.o
                0x080035dc                HAL_UARTEx_RxEventCallback
 .text.UART_EndRxTransfer
                0x080035f4       0xc6 ./Drivers/STM32F4xx_HAL_Driver/Src/stm32f4xx_hal_uart.o
 .text.UART_DMAAbortOnError
                0x080036ba       0x28 ./Drivers/STM32F4xx_HAL_Driver/Src/stm32f4xx_hal_uart.o
 .text.UART_Transmit_IT
                0x080036e2       0xa0 ./Drivers/STM32F4xx_HAL_Driver/Src/stm32f4xx_hal_uart.o
 .text.UART_EndTransmit_IT
                0x08003782       0x30 ./Drivers/STM32F4xx_HAL_Driver/Src/stm32f4xx_hal_uart.o
 .text.UART_Receive_IT
                0x080037b2      0x17c ./Drivers/STM32F4xx_HAL_Driver/Src/stm32f4xx_hal_uart.o
 *fill*         0x0800392e        0x2 
 .text.UART_SetConfig
                0x08003930      0x4e8 ./Drivers/STM32F4xx_HAL_Driver/Src/stm32f4xx_hal_uart.o
 .text._ZdlPvj  0x08003e18        0x4 D:/Programas Permanentes/STM32CubeIDE_1.15.1/STM32CubeIDE/plugins/com.st.stm32cube.ide.mcu.externaltools.gnu-tools-for-stm32.12.3.rel1.win32_1.0.100.202403111256/tools/bin/../lib/gcc/arm-none-eabi/12.3.1/../../../../arm-none-eabi/lib/thumb/v7e-m+fp/hard\libstdc++_nano.a(del_ops.o)
                0x08003e18                operator delete(void*, unsigned int)
 .text._ZdlPv   0x08003e1c        0x4 D:/Programas Permanentes/STM32CubeIDE_1.15.1/STM32CubeIDE/plugins/com.st.stm32cube.ide.mcu.externaltools.gnu-tools-for-stm32.12.3.rel1.win32_1.0.100.202403111256/tools/bin/../lib/gcc/arm-none-eabi/12.3.1/../../../../arm-none-eabi/lib/thumb/v7e-m+fp/hard\libstdc++_nano.a(del_op.o)
                0x08003e1c                operator delete(void*)
 .text.free     0x08003e20       0x10 D:/Programas Permanentes/STM32CubeIDE_1.15.1/STM32CubeIDE/plugins/com.st.stm32cube.ide.mcu.externaltools.gnu-tools-for-stm32.12.3.rel1.win32_1.0.100.202403111256/tools/bin/../lib/gcc/arm-none-eabi/12.3.1/../../../../arm-none-eabi/lib/thumb/v7e-m+fp/hard\libc_nano.a(libc_a-malloc.o)
                0x08003e20                free
 .text.__malloc_lock
                0x08003e30        0xc D:/Programas Permanentes/STM32CubeIDE_1.15.1/STM32CubeIDE/plugins/com.st.stm32cube.ide.mcu.externaltools.gnu-tools-for-stm32.12.3.rel1.win32_1.0.100.202403111256/tools/bin/../lib/gcc/arm-none-eabi/12.3.1/../../../../arm-none-eabi/lib/thumb/v7e-m+fp/hard\libc_nano.a(libc_a-mlock.o)
                0x08003e30                __malloc_lock
 .text.__malloc_unlock
                0x08003e3c        0xc D:/Programas Permanentes/STM32CubeIDE_1.15.1/STM32CubeIDE/plugins/com.st.stm32cube.ide.mcu.externaltools.gnu-tools-for-stm32.12.3.rel1.win32_1.0.100.202403111256/tools/bin/../lib/gcc/arm-none-eabi/12.3.1/../../../../arm-none-eabi/lib/thumb/v7e-m+fp/hard\libc_nano.a(libc_a-mlock.o)
                0x08003e3c                __malloc_unlock
 .text.memset   0x08003e48       0x10 D:/Programas Permanentes/STM32CubeIDE_1.15.1/STM32CubeIDE/plugins/com.st.stm32cube.ide.mcu.externaltools.gnu-tools-for-stm32.12.3.rel1.win32_1.0.100.202403111256/tools/bin/../lib/gcc/arm-none-eabi/12.3.1/../../../../arm-none-eabi/lib/thumb/v7e-m+fp/hard\libc_nano.a(libc_a-memset.o)
                0x08003e48                memset
 .text.__libc_init_array
                0x08003e58       0x48 D:/Programas Permanentes/STM32CubeIDE_1.15.1/STM32CubeIDE/plugins/com.st.stm32cube.ide.mcu.externaltools.gnu-tools-for-stm32.12.3.rel1.win32_1.0.100.202403111256/tools/bin/../lib/gcc/arm-none-eabi/12.3.1/../../../../arm-none-eabi/lib/thumb/v7e-m+fp/hard\libc_nano.a(libc_a-init.o)
                0x08003e58                __libc_init_array
 .text.__retarget_lock_acquire_recursive
                0x08003ea0        0x2 D:/Programas Permanentes/STM32CubeIDE_1.15.1/STM32CubeIDE/plugins/com.st.stm32cube.ide.mcu.externaltools.gnu-tools-for-stm32.12.3.rel1.win32_1.0.100.202403111256/tools/bin/../lib/gcc/arm-none-eabi/12.3.1/../../../../arm-none-eabi/lib/thumb/v7e-m+fp/hard\libc_nano.a(libc_a-lock.o)
                0x08003ea0                __retarget_lock_acquire_recursive
 .text.__retarget_lock_release_recursive
                0x08003ea2        0x2 D:/Programas Permanentes/STM32CubeIDE_1.15.1/STM32CubeIDE/plugins/com.st.stm32cube.ide.mcu.externaltools.gnu-tools-for-stm32.12.3.rel1.win32_1.0.100.202403111256/tools/bin/../lib/gcc/arm-none-eabi/12.3.1/../../../../arm-none-eabi/lib/thumb/v7e-m+fp/hard\libc_nano.a(libc_a-lock.o)
                0x08003ea2                __retarget_lock_release_recursive
 .text._free_r  0x08003ea4       0x94 D:/Programas Permanentes/STM32CubeIDE_1.15.1/STM32CubeIDE/plugins/com.st.stm32cube.ide.mcu.externaltools.gnu-tools-for-stm32.12.3.rel1.win32_1.0.100.202403111256/tools/bin/../lib/gcc/arm-none-eabi/12.3.1/../../../../arm-none-eabi/lib/thumb/v7e-m+fp/hard\libc_nano.a(libc_a-freer.o)
                0x08003ea4                _free_r
 *(.glue_7)
 .glue_7        0x08003f38        0x0 linker stubs
 *(.glue_7t)
 .glue_7t       0x08003f38        0x0 linker stubs
 *(.eh_frame)
 .eh_frame      0x08003f38        0x0 D:/Programas Permanentes/STM32CubeIDE_1.15.1/STM32CubeIDE/plugins/com.st.stm32cube.ide.mcu.externaltools.gnu-tools-for-stm32.12.3.rel1.win32_1.0.100.202403111256/tools/bin/../lib/gcc/arm-none-eabi/12.3.1/thumb/v7e-m+fp/hard/crtbegin.o
 *(.init)
 .init          0x08003f38        0x4 D:/Programas Permanentes/STM32CubeIDE_1.15.1/STM32CubeIDE/plugins/com.st.stm32cube.ide.mcu.externaltools.gnu-tools-for-stm32.12.3.rel1.win32_1.0.100.202403111256/tools/bin/../lib/gcc/arm-none-eabi/12.3.1/thumb/v7e-m+fp/hard/crti.o
                0x08003f38                _init
 .init          0x08003f3c        0x8 D:/Programas Permanentes/STM32CubeIDE_1.15.1/STM32CubeIDE/plugins/com.st.stm32cube.ide.mcu.externaltools.gnu-tools-for-stm32.12.3.rel1.win32_1.0.100.202403111256/tools/bin/../lib/gcc/arm-none-eabi/12.3.1/thumb/v7e-m+fp/hard/crtn.o
 *(.fini)
 .fini          0x08003f44        0x4 D:/Programas Permanentes/STM32CubeIDE_1.15.1/STM32CubeIDE/plugins/com.st.stm32cube.ide.mcu.externaltools.gnu-tools-for-stm32.12.3.rel1.win32_1.0.100.202403111256/tools/bin/../lib/gcc/arm-none-eabi/12.3.1/thumb/v7e-m+fp/hard/crti.o
                0x08003f44                _fini
 .fini          0x08003f48        0x8 D:/Programas Permanentes/STM32CubeIDE_1.15.1/STM32CubeIDE/plugins/com.st.stm32cube.ide.mcu.externaltools.gnu-tools-for-stm32.12.3.rel1.win32_1.0.100.202403111256/tools/bin/../lib/gcc/arm-none-eabi/12.3.1/thumb/v7e-m+fp/hard/crtn.o
                0x08003f50                        . = ALIGN (0x4)
                0x08003f50                        _etext = .

.vfp11_veneer   0x08003f50        0x0
 .vfp11_veneer  0x08003f50        0x0 linker stubs

.v4_bx          0x08003f50        0x0
 .v4_bx         0x08003f50        0x0 linker stubs

.iplt           0x08003f50        0x0
 .iplt          0x08003f50        0x0 D:/Programas Permanentes/STM32CubeIDE_1.15.1/STM32CubeIDE/plugins/com.st.stm32cube.ide.mcu.externaltools.gnu-tools-for-stm32.12.3.rel1.win32_1.0.100.202403111256/tools/bin/../lib/gcc/arm-none-eabi/12.3.1/thumb/v7e-m+fp/hard/crtbegin.o

.rodata         0x08003f50       0x88
                0x08003f50                        . = ALIGN (0x4)
 *(.rodata)
 *(.rodata*)
 .rodata._ZTV14QueueableClass
                0x08003f50       0x24 ./Core/Src/MainCPP.o
                0x08003f50                vtable for QueueableClass
 .rodata.AHBPrescTable
                0x08003f74       0x10 ./Core/Src/system_stm32f4xx.o
                0x08003f74                AHBPrescTable
 .rodata.APBPrescTable
                0x08003f84        0x8 ./Core/Src/system_stm32f4xx.o
                0x08003f84                APBPrescTable
 .rodata._ZTV16Async_Event_Loop
                0x08003f8c       0x34 ./Drivers/Async_Event_Loop/AsyncEventLoop.o
                0x08003f8c                vtable for Async_Event_Loop
 .rodata._ZTV6KY_040
                0x08003fc0       0x10 ./Drivers/KY-040/KY040.o
                0x08003fc0                vtable for KY_040
 .rodata.flagBitshiftOffset.0
                0x08003fd0        0x8 ./Drivers/STM32F4xx_HAL_Driver/Src/stm32f4xx_hal_dma.o
                0x08003fd8                        . = ALIGN (0x4)

.ARM.extab      0x08003fd8        0x0
                0x08003fd8                        . = ALIGN (0x4)
 *(.ARM.extab* .gnu.linkonce.armextab.*)
                0x08003fd8                        . = ALIGN (0x4)

.ARM            0x08003fd8        0x8
                0x08003fd8                        . = ALIGN (0x4)
                0x08003fd8                        __exidx_start = .
 *(.ARM.exidx*)
 .ARM.exidx     0x08003fd8        0x8 D:/Programas Permanentes/STM32CubeIDE_1.15.1/STM32CubeIDE/plugins/com.st.stm32cube.ide.mcu.externaltools.gnu-tools-for-stm32.12.3.rel1.win32_1.0.100.202403111256/tools/bin/../lib/gcc/arm-none-eabi/12.3.1/thumb/v7e-m+fp/hard\libgcc.a(_udivmoddi4.o)
                0x08003fe0                        __exidx_end = .
                0x08003fe0                        . = ALIGN (0x4)

.preinit_array  0x08003fe0        0x0
                0x08003fe0                        . = ALIGN (0x4)
                0x08003fe0                        PROVIDE (__preinit_array_start = .)
 *(.preinit_array*)
                0x08003fe0                        PROVIDE (__preinit_array_end = .)
                0x08003fe0                        . = ALIGN (0x4)

.init_array     0x08003fe0        0x8
                0x08003fe0                        . = ALIGN (0x4)
                0x08003fe0                        PROVIDE (__init_array_start = .)
 *(SORT_BY_NAME(.init_array.*))
 *(.init_array*)
 .init_array    0x08003fe0        0x4 D:/Programas Permanentes/STM32CubeIDE_1.15.1/STM32CubeIDE/plugins/com.st.stm32cube.ide.mcu.externaltools.gnu-tools-for-stm32.12.3.rel1.win32_1.0.100.202403111256/tools/bin/../lib/gcc/arm-none-eabi/12.3.1/thumb/v7e-m+fp/hard/crtbegin.o
 .init_array    0x08003fe4        0x4 ./Core/Src/MainCPP.o
                0x08003fe8                        PROVIDE (__init_array_end = .)
                0x08003fe8                        . = ALIGN (0x4)

.fini_array     0x08003fe8        0x8
                0x08003fe8                        . = ALIGN (0x4)
                [!provide]                        PROVIDE (__fini_array_start = .)
 *(SORT_BY_NAME(.fini_array.*))
 *(.fini_array*)
 .fini_array    0x08003fe8        0x4 D:/Programas Permanentes/STM32CubeIDE_1.15.1/STM32CubeIDE/plugins/com.st.stm32cube.ide.mcu.externaltools.gnu-tools-for-stm32.12.3.rel1.win32_1.0.100.202403111256/tools/bin/../lib/gcc/arm-none-eabi/12.3.1/thumb/v7e-m+fp/hard/crtbegin.o
 .fini_array    0x08003fec        0x4 ./Core/Src/MainCPP.o
                [!provide]                        PROVIDE (__fini_array_end = .)
                0x08003ff0                        . = ALIGN (0x4)
                0x08003ff0                        _sidata = LOADADDR (.data)

.rel.dyn        0x08003ff0        0x0
 .rel.iplt      0x08003ff0        0x0 D:/Programas Permanentes/STM32CubeIDE_1.15.1/STM32CubeIDE/plugins/com.st.stm32cube.ide.mcu.externaltools.gnu-tools-for-stm32.12.3.rel1.win32_1.0.100.202403111256/tools/bin/../lib/gcc/arm-none-eabi/12.3.1/thumb/v7e-m+fp/hard/crtbegin.o

.data           0x20000000       0x70 load address 0x08003ff0
                0x20000000                        . = ALIGN (0x4)
                0x20000000                        _sdata = .
 *(.data)
 *(.data*)
 .data.SystemCoreClock
                0x20000000        0x4 ./Core/Src/system_stm32f4xx.o
                0x20000000                SystemCoreClock
 .data._ZZN6KY_04015handleInterruptEvE5TRANS
                0x20000004       0x10 ./Drivers/KY-040/KY040.o
 .data._ZZN6KY_04015handleInterruptEvE5lrmem
                0x20000014        0x1 ./Drivers/KY-040/KY040.o
 *fill*         0x20000015        0x3 
 .data.uwTickPrio
                0x20000018        0x4 ./Drivers/STM32F4xx_HAL_Driver/Src/stm32f4xx_hal.o
                0x20000018                uwTickPrio
 .data.uwTickFreq
                0x2000001c        0x1 ./Drivers/STM32F4xx_HAL_Driver/Src/stm32f4xx_hal.o
                0x2000001c                uwTickFreq
 *fill*         0x2000001d        0x3 
 .data._impure_ptr
                0x20000020        0x4 D:/Programas Permanentes/STM32CubeIDE_1.15.1/STM32CubeIDE/plugins/com.st.stm32cube.ide.mcu.externaltools.gnu-tools-for-stm32.12.3.rel1.win32_1.0.100.202403111256/tools/bin/../lib/gcc/arm-none-eabi/12.3.1/../../../../arm-none-eabi/lib/thumb/v7e-m+fp/hard\libc_nano.a(libc_a-impure.o)
                0x20000020                _impure_ptr
 .data._impure_data
                0x20000024       0x4c D:/Programas Permanentes/STM32CubeIDE_1.15.1/STM32CubeIDE/plugins/com.st.stm32cube.ide.mcu.externaltools.gnu-tools-for-stm32.12.3.rel1.win32_1.0.100.202403111256/tools/bin/../lib/gcc/arm-none-eabi/12.3.1/../../../../arm-none-eabi/lib/thumb/v7e-m+fp/hard\libc_nano.a(libc_a-impure.o)
                0x20000024                _impure_data
 *(.RamFunc)
 *(.RamFunc*)
                0x20000070                        . = ALIGN (0x4)
                0x20000070                        _edata = .

.igot.plt       0x20000070        0x0 load address 0x08004060
 .igot.plt      0x20000070        0x0 D:/Programas Permanentes/STM32CubeIDE_1.15.1/STM32CubeIDE/plugins/com.st.stm32cube.ide.mcu.externaltools.gnu-tools-for-stm32.12.3.rel1.win32_1.0.100.202403111256/tools/bin/../lib/gcc/arm-none-eabi/12.3.1/thumb/v7e-m+fp/hard/crtbegin.o
                0x20000070                        . = ALIGN (0x4)

.bss            0x20000070      0x2fc load address 0x08004060
                0x20000070                        _sbss = .
                0x20000070                        __bss_start__ = _sbss
 *(.bss)
 .bss           0x20000070       0x1c D:/Programas Permanentes/STM32CubeIDE_1.15.1/STM32CubeIDE/plugins/com.st.stm32cube.ide.mcu.externaltools.gnu-tools-for-stm32.12.3.rel1.win32_1.0.100.202403111256/tools/bin/../lib/gcc/arm-none-eabi/12.3.1/thumb/v7e-m+fp/hard/crtbegin.o
 *(.bss*)
 .bss._ZZN14QueueableClass7EXECUTEEvE8prevTime
                0x2000008c        0x4 ./Core/Src/MainCPP.o
                0x2000008c                QueueableClass::EXECUTE()::prevTime
 .bss._ZZN14QueueableClass7EXECUTEEvE11currentTime
                0x20000090        0x4 ./Core/Src/MainCPP.o
                0x20000090                QueueableClass::EXECUTE()::currentTime
 .bss._ZZN14QueueableClass7EXECUTEEvE5state
                0x20000094        0x1 ./Core/Src/MainCPP.o
                0x20000094                QueueableClass::EXECUTE()::state
 *fill*         0x20000095        0x3 
 .bss.beep      0x20000098        0xc ./Core/Src/MainCPP.o
                0x20000098                beep
 .bss.AsyncEventLoop
                0x200000a4       0x10 ./Core/Src/MainCPP.o
                0x200000a4                AsyncEventLoop
 .bss.encoder   0x200000b4       0x28 ./Core/Src/MainCPP.o
                0x200000b4                encoder
 .bss.hspi1     0x200000dc       0x58 ./Core/Src/main.o
                0x200000dc                hspi1
 .bss.hdma_spi1_tx
                0x20000134       0x60 ./Core/Src/main.o
                0x20000134                hdma_spi1_tx
 .bss.htim11    0x20000194       0x48 ./Core/Src/main.o
                0x20000194                htim11
 .bss.huart1    0x200001dc       0x48 ./Core/Src/main.o
                0x200001dc                huart1
 .bss._ZZN6KY_04015handleInterruptEvE5lrsum
                0x20000224        0x4 ./Drivers/KY-040/KY040.o
 .bss.uwTick    0x20000228        0x4 ./Drivers/STM32F4xx_HAL_Driver/Src/stm32f4xx_hal.o
                0x20000228                uwTick
 .bss.__malloc_free_list
                0x2000022c        0x4 D:/Programas Permanentes/STM32CubeIDE_1.15.1/STM32CubeIDE/plugins/com.st.stm32cube.ide.mcu.externaltools.gnu-tools-for-stm32.12.3.rel1.win32_1.0.100.202403111256/tools/bin/../lib/gcc/arm-none-eabi/12.3.1/../../../../arm-none-eabi/lib/thumb/v7e-m+fp/hard\libc_nano.a(libc_a-mallocr.o)
                0x2000022c                __malloc_free_list
 .bss.__sf      0x20000230      0x138 D:/Programas Permanentes/STM32CubeIDE_1.15.1/STM32CubeIDE/plugins/com.st.stm32cube.ide.mcu.externaltools.gnu-tools-for-stm32.12.3.rel1.win32_1.0.100.202403111256/tools/bin/../lib/gcc/arm-none-eabi/12.3.1/../../../../arm-none-eabi/lib/thumb/v7e-m+fp/hard\libc_nano.a(libc_a-findfp.o)
                0x20000230                __sf
 .bss.__lock___malloc_recursive_mutex
                0x20000368        0x1 D:/Programas Permanentes/STM32CubeIDE_1.15.1/STM32CubeIDE/plugins/com.st.stm32cube.ide.mcu.externaltools.gnu-tools-for-stm32.12.3.rel1.win32_1.0.100.202403111256/tools/bin/../lib/gcc/arm-none-eabi/12.3.1/../../../../arm-none-eabi/lib/thumb/v7e-m+fp/hard\libc_nano.a(libc_a-lock.o)
                0x20000368                __lock___malloc_recursive_mutex
 *(COMMON)
                0x2000036c                        . = ALIGN (0x4)
 *fill*         0x20000369        0x3 
                0x2000036c                        _ebss = .
                0x2000036c                        __bss_end__ = _ebss

._user_heap_stack
                0x2000036c      0x604 load address 0x08004060
                0x20000370                        . = ALIGN (0x8)
 *fill*         0x2000036c        0x4 
                [!provide]                        PROVIDE (end = .)
                0x20000370                        PROVIDE (_end = .)
                0x20000570                        . = (. + _Min_Heap_Size)
 *fill*         0x20000370      0x200 
                0x20000970                        . = (. + _Min_Stack_Size)
 *fill*         0x20000570      0x400 
                0x20000970                        . = ALIGN (0x8)

/DISCARD/
 libc.a(*)
 libm.a(*)
 libgcc.a(*)

.ARM.attributes
                0x00000000       0x30
 *(.ARM.attributes)
 .ARM.attributes
                0x00000000       0x22 D:/Programas Permanentes/STM32CubeIDE_1.15.1/STM32CubeIDE/plugins/com.st.stm32cube.ide.mcu.externaltools.gnu-tools-for-stm32.12.3.rel1.win32_1.0.100.202403111256/tools/bin/../lib/gcc/arm-none-eabi/12.3.1/thumb/v7e-m+fp/hard/crti.o
 .ARM.attributes
                0x00000022       0x34 D:/Programas Permanentes/STM32CubeIDE_1.15.1/STM32CubeIDE/plugins/com.st.stm32cube.ide.mcu.externaltools.gnu-tools-for-stm32.12.3.rel1.win32_1.0.100.202403111256/tools/bin/../lib/gcc/arm-none-eabi/12.3.1/thumb/v7e-m+fp/hard/crtbegin.o
 .ARM.attributes
                0x00000056       0x34 ./Core/Src/MainCPP.o
 .ARM.attributes
                0x0000008a       0x34 ./Core/Src/main.o
 .ARM.attributes
                0x000000be       0x34 ./Core/Src/stm32f4xx_hal_msp.o
 .ARM.attributes
                0x000000f2       0x34 ./Core/Src/stm32f4xx_it.o
 .ARM.attributes
                0x00000126       0x34 ./Core/Src/system_stm32f4xx.o
 .ARM.attributes
                0x0000015a       0x21 ./Core/Startup/startup_stm32f411ceux.o
 .ARM.attributes
                0x0000017b       0x34 ./Drivers/Async_Event_Loop/AsyncEventLoop.o
 .ARM.attributes
                0x000001af       0x34 ./Drivers/KY-040/KY040.o
 .ARM.attributes
                0x000001e3       0x34 ./Drivers/STM32F4xx_HAL_Driver/Src/stm32f4xx_hal.o
 .ARM.attributes
                0x00000217       0x34 ./Drivers/STM32F4xx_HAL_Driver/Src/stm32f4xx_hal_cortex.o
 .ARM.attributes
                0x0000024b       0x34 ./Drivers/STM32F4xx_HAL_Driver/Src/stm32f4xx_hal_dma.o
 .ARM.attributes
                0x0000027f       0x34 ./Drivers/STM32F4xx_HAL_Driver/Src/stm32f4xx_hal_gpio.o
 .ARM.attributes
                0x000002b3       0x34 ./Drivers/STM32F4xx_HAL_Driver/Src/stm32f4xx_hal_rcc.o
 .ARM.attributes
                0x000002e7       0x34 ./Drivers/STM32F4xx_HAL_Driver/Src/stm32f4xx_hal_spi.o
 .ARM.attributes
                0x0000031b       0x34 ./Drivers/STM32F4xx_HAL_Driver/Src/stm32f4xx_hal_tim.o
 .ARM.attributes
                0x0000034f       0x34 ./Drivers/STM32F4xx_HAL_Driver/Src/stm32f4xx_hal_tim_ex.o
 .ARM.attributes
                0x00000383       0x34 ./Drivers/STM32F4xx_HAL_Driver/Src/stm32f4xx_hal_uart.o
 .ARM.attributes
                0x000003b7       0x34 D:/Programas Permanentes/STM32CubeIDE_1.15.1/STM32CubeIDE/plugins/com.st.stm32cube.ide.mcu.externaltools.gnu-tools-for-stm32.12.3.rel1.win32_1.0.100.202403111256/tools/bin/../lib/gcc/arm-none-eabi/12.3.1/../../../../arm-none-eabi/lib/thumb/v7e-m+fp/hard\libstdc++_nano.a(del_ops.o)
 .ARM.attributes
                0x000003eb       0x34 D:/Programas Permanentes/STM32CubeIDE_1.15.1/STM32CubeIDE/plugins/com.st.stm32cube.ide.mcu.externaltools.gnu-tools-for-stm32.12.3.rel1.win32_1.0.100.202403111256/tools/bin/../lib/gcc/arm-none-eabi/12.3.1/../../../../arm-none-eabi/lib/thumb/v7e-m+fp/hard\libstdc++_nano.a(del_op.o)
 .ARM.attributes
                0x0000041f       0x34 D:/Programas Permanentes/STM32CubeIDE_1.15.1/STM32CubeIDE/plugins/com.st.stm32cube.ide.mcu.externaltools.gnu-tools-for-stm32.12.3.rel1.win32_1.0.100.202403111256/tools/bin/../lib/gcc/arm-none-eabi/12.3.1/../../../../arm-none-eabi/lib/thumb/v7e-m+fp/hard\libc_nano.a(libc_a-malloc.o)
 .ARM.attributes
                0x00000453       0x34 D:/Programas Permanentes/STM32CubeIDE_1.15.1/STM32CubeIDE/plugins/com.st.stm32cube.ide.mcu.externaltools.gnu-tools-for-stm32.12.3.rel1.win32_1.0.100.202403111256/tools/bin/../lib/gcc/arm-none-eabi/12.3.1/../../../../arm-none-eabi/lib/thumb/v7e-m+fp/hard\libc_nano.a(libc_a-mallocr.o)
 .ARM.attributes
                0x00000487       0x34 D:/Programas Permanentes/STM32CubeIDE_1.15.1/STM32CubeIDE/plugins/com.st.stm32cube.ide.mcu.externaltools.gnu-tools-for-stm32.12.3.rel1.win32_1.0.100.202403111256/tools/bin/../lib/gcc/arm-none-eabi/12.3.1/../../../../arm-none-eabi/lib/thumb/v7e-m+fp/hard\libc_nano.a(libc_a-mlock.o)
 .ARM.attributes
                0x000004bb       0x34 D:/Programas Permanentes/STM32CubeIDE_1.15.1/STM32CubeIDE/plugins/com.st.stm32cube.ide.mcu.externaltools.gnu-tools-for-stm32.12.3.rel1.win32_1.0.100.202403111256/tools/bin/../lib/gcc/arm-none-eabi/12.3.1/../../../../arm-none-eabi/lib/thumb/v7e-m+fp/hard\libc_nano.a(libc_a-findfp.o)
 .ARM.attributes
                0x000004ef       0x34 D:/Programas Permanentes/STM32CubeIDE_1.15.1/STM32CubeIDE/plugins/com.st.stm32cube.ide.mcu.externaltools.gnu-tools-for-stm32.12.3.rel1.win32_1.0.100.202403111256/tools/bin/../lib/gcc/arm-none-eabi/12.3.1/../../../../arm-none-eabi/lib/thumb/v7e-m+fp/hard\libc_nano.a(libc_a-memset.o)
 .ARM.attributes
                0x00000523       0x34 D:/Programas Permanentes/STM32CubeIDE_1.15.1/STM32CubeIDE/plugins/com.st.stm32cube.ide.mcu.externaltools.gnu-tools-for-stm32.12.3.rel1.win32_1.0.100.202403111256/tools/bin/../lib/gcc/arm-none-eabi/12.3.1/../../../../arm-none-eabi/lib/thumb/v7e-m+fp/hard\libc_nano.a(libc_a-impure.o)
 .ARM.attributes
                0x00000557       0x34 D:/Programas Permanentes/STM32CubeIDE_1.15.1/STM32CubeIDE/plugins/com.st.stm32cube.ide.mcu.externaltools.gnu-tools-for-stm32.12.3.rel1.win32_1.0.100.202403111256/tools/bin/../lib/gcc/arm-none-eabi/12.3.1/../../../../arm-none-eabi/lib/thumb/v7e-m+fp/hard\libc_nano.a(libc_a-init.o)
 .ARM.attributes
                0x0000058b       0x34 D:/Programas Permanentes/STM32CubeIDE_1.15.1/STM32CubeIDE/plugins/com.st.stm32cube.ide.mcu.externaltools.gnu-tools-for-stm32.12.3.rel1.win32_1.0.100.202403111256/tools/bin/../lib/gcc/arm-none-eabi/12.3.1/../../../../arm-none-eabi/lib/thumb/v7e-m+fp/hard\libc_nano.a(libc_a-lock.o)
 .ARM.attributes
                0x000005bf       0x34 D:/Programas Permanentes/STM32CubeIDE_1.15.1/STM32CubeIDE/plugins/com.st.stm32cube.ide.mcu.externaltools.gnu-tools-for-stm32.12.3.rel1.win32_1.0.100.202403111256/tools/bin/../lib/gcc/arm-none-eabi/12.3.1/../../../../arm-none-eabi/lib/thumb/v7e-m+fp/hard\libc_nano.a(libc_a-freer.o)
 .ARM.attributes
                0x000005f3       0x22 D:/Programas Permanentes/STM32CubeIDE_1.15.1/STM32CubeIDE/plugins/com.st.stm32cube.ide.mcu.externaltools.gnu-tools-for-stm32.12.3.rel1.win32_1.0.100.202403111256/tools/bin/../lib/gcc/arm-none-eabi/12.3.1/thumb/v7e-m+fp/hard\libgcc.a(_aeabi_uldivmod.o)
 .ARM.attributes
                0x00000615       0x34 D:/Programas Permanentes/STM32CubeIDE_1.15.1/STM32CubeIDE/plugins/com.st.stm32cube.ide.mcu.externaltools.gnu-tools-for-stm32.12.3.rel1.win32_1.0.100.202403111256/tools/bin/../lib/gcc/arm-none-eabi/12.3.1/thumb/v7e-m+fp/hard\libgcc.a(_udivmoddi4.o)
 .ARM.attributes
                0x00000649       0x22 D:/Programas Permanentes/STM32CubeIDE_1.15.1/STM32CubeIDE/plugins/com.st.stm32cube.ide.mcu.externaltools.gnu-tools-for-stm32.12.3.rel1.win32_1.0.100.202403111256/tools/bin/../lib/gcc/arm-none-eabi/12.3.1/thumb/v7e-m+fp/hard\libgcc.a(_dvmd_tls.o)
 .ARM.attributes
                0x0000066b       0x22 D:/Programas Permanentes/STM32CubeIDE_1.15.1/STM32CubeIDE/plugins/com.st.stm32cube.ide.mcu.externaltools.gnu-tools-for-stm32.12.3.rel1.win32_1.0.100.202403111256/tools/bin/../lib/gcc/arm-none-eabi/12.3.1/thumb/v7e-m+fp/hard/crtn.o
OUTPUT(Concurrency training.elf elf32-littlearm)
LOAD linker stubs
LOAD D:/Programas Permanentes/STM32CubeIDE_1.15.1/STM32CubeIDE/plugins/com.st.stm32cube.ide.mcu.externaltools.gnu-tools-for-stm32.12.3.rel1.win32_1.0.100.202403111256/tools/bin/../lib/gcc/arm-none-eabi/12.3.1/../../../../arm-none-eabi/lib/thumb/v7e-m+fp/hard\libc.a
LOAD D:/Programas Permanentes/STM32CubeIDE_1.15.1/STM32CubeIDE/plugins/com.st.stm32cube.ide.mcu.externaltools.gnu-tools-for-stm32.12.3.rel1.win32_1.0.100.202403111256/tools/bin/../lib/gcc/arm-none-eabi/12.3.1/../../../../arm-none-eabi/lib/thumb/v7e-m+fp/hard\libm.a
LOAD D:/Programas Permanentes/STM32CubeIDE_1.15.1/STM32CubeIDE/plugins/com.st.stm32cube.ide.mcu.externaltools.gnu-tools-for-stm32.12.3.rel1.win32_1.0.100.202403111256/tools/bin/../lib/gcc/arm-none-eabi/12.3.1/thumb/v7e-m+fp/hard\libgcc.a

.debug_info     0x00000000    0x10211
 .debug_info    0x00000000      0x8f8 ./Core/Src/MainCPP.o
 .debug_info    0x000008f8     0x14cc ./Core/Src/main.o
 .debug_info    0x00001dc4     0x1233 ./Core/Src/stm32f4xx_hal_msp.o
 .debug_info    0x00002ff7      0x9e9 ./Core/Src/stm32f4xx_it.o
 .debug_info    0x000039e0      0x53e ./Core/Src/system_stm32f4xx.o
 .debug_info    0x00003f1e       0x30 ./Core/Startup/startup_stm32f411ceux.o
 .debug_info    0x00003f4e      0x7d3 ./Drivers/Async_Event_Loop/AsyncEventLoop.o
 .debug_info    0x00004721      0x8ce ./Drivers/KY-040/KY040.o
 .debug_info    0x00004fef      0x8c4 ./Drivers/STM32F4xx_HAL_Driver/Src/stm32f4xx_hal.o
 .debug_info    0x000058b3      0xcc7 ./Drivers/STM32F4xx_HAL_Driver/Src/stm32f4xx_hal_cortex.o
 .debug_info    0x0000657a      0x8e6 ./Drivers/STM32F4xx_HAL_Driver/Src/stm32f4xx_hal_dma.o
 .debug_info    0x00006e60      0x6f9 ./Drivers/STM32F4xx_HAL_Driver/Src/stm32f4xx_hal_gpio.o
 .debug_info    0x00007559      0x8f2 ./Drivers/STM32F4xx_HAL_Driver/Src/stm32f4xx_hal_rcc.o
 .debug_info    0x00007e4b     0x1606 ./Drivers/STM32F4xx_HAL_Driver/Src/stm32f4xx_hal_spi.o
 .debug_info    0x00009451     0x2996 ./Drivers/STM32F4xx_HAL_Driver/Src/stm32f4xx_hal_tim.o
 .debug_info    0x0000bde7     0x14d4 ./Drivers/STM32F4xx_HAL_Driver/Src/stm32f4xx_hal_tim_ex.o
 .debug_info    0x0000d2bb     0x2f56 ./Drivers/STM32F4xx_HAL_Driver/Src/stm32f4xx_hal_uart.o

.debug_abbrev   0x00000000     0x28e2
 .debug_abbrev  0x00000000      0x3eb ./Core/Src/MainCPP.o
 .debug_abbrev  0x000003eb      0x2e4 ./Core/Src/main.o
 .debug_abbrev  0x000006cf      0x249 ./Core/Src/stm32f4xx_hal_msp.o
 .debug_abbrev  0x00000918      0x1dc ./Core/Src/stm32f4xx_it.o
 .debug_abbrev  0x00000af4      0x11a ./Core/Src/system_stm32f4xx.o
 .debug_abbrev  0x00000c0e       0x24 ./Core/Startup/startup_stm32f411ceux.o
 .debug_abbrev  0x00000c32      0x33b ./Drivers/Async_Event_Loop/AsyncEventLoop.o
 .debug_abbrev  0x00000f6d      0x29d ./Drivers/KY-040/KY040.o
 .debug_abbrev  0x0000120a      0x24b ./Drivers/STM32F4xx_HAL_Driver/Src/stm32f4xx_hal.o
 .debug_abbrev  0x00001455      0x328 ./Drivers/STM32F4xx_HAL_Driver/Src/stm32f4xx_hal_cortex.o
 .debug_abbrev  0x0000177d      0x221 ./Drivers/STM32F4xx_HAL_Driver/Src/stm32f4xx_hal_dma.o
 .debug_abbrev  0x0000199e      0x1d3 ./Drivers/STM32F4xx_HAL_Driver/Src/stm32f4xx_hal_gpio.o
 .debug_abbrev  0x00001b71      0x2b5 ./Drivers/STM32F4xx_HAL_Driver/Src/stm32f4xx_hal_rcc.o
 .debug_abbrev  0x00001e26      0x280 ./Drivers/STM32F4xx_HAL_Driver/Src/stm32f4xx_hal_spi.o
 .debug_abbrev  0x000020a6      0x28b ./Drivers/STM32F4xx_HAL_Driver/Src/stm32f4xx_hal_tim.o
 .debug_abbrev  0x00002331      0x296 ./Drivers/STM32F4xx_HAL_Driver/Src/stm32f4xx_hal_tim_ex.o
 .debug_abbrev  0x000025c7      0x31b ./Drivers/STM32F4xx_HAL_Driver/Src/stm32f4xx_hal_uart.o

.debug_aranges  0x00000000      0xfb8
 .debug_aranges
                0x00000000       0xa0 ./Core/Src/MainCPP.o
 .debug_aranges
                0x000000a0       0x68 ./Core/Src/main.o
 .debug_aranges
                0x00000108       0x50 ./Core/Src/stm32f4xx_hal_msp.o
 .debug_aranges
                0x00000158       0x88 ./Core/Src/stm32f4xx_it.o
 .debug_aranges
                0x000001e0       0x28 ./Core/Src/system_stm32f4xx.o
 .debug_aranges
                0x00000208       0x28 ./Core/Startup/startup_stm32f411ceux.o
 .debug_aranges
                0x00000230       0x90 ./Drivers/Async_Event_Loop/AsyncEventLoop.o
 .debug_aranges
                0x000002c0       0x68 ./Drivers/KY-040/KY040.o
 .debug_aranges
                0x00000328       0xf0 ./Drivers/STM32F4xx_HAL_Driver/Src/stm32f4xx_hal.o
 .debug_aranges
                0x00000418      0x120 ./Drivers/STM32F4xx_HAL_Driver/Src/stm32f4xx_hal_cortex.o
 .debug_aranges
                0x00000538       0x90 ./Drivers/STM32F4xx_HAL_Driver/Src/stm32f4xx_hal_dma.o
 .debug_aranges
                0x000005c8       0x58 ./Drivers/STM32F4xx_HAL_Driver/Src/stm32f4xx_hal_gpio.o
 .debug_aranges
                0x00000620       0x88 ./Drivers/STM32F4xx_HAL_Driver/Src/stm32f4xx_hal_rcc.o
 .debug_aranges
                0x000006a8      0x1d0 ./Drivers/STM32F4xx_HAL_Driver/Src/stm32f4xx_hal_spi.o
 .debug_aranges
                0x00000878      0x3d0 ./Drivers/STM32F4xx_HAL_Driver/Src/stm32f4xx_hal_tim.o
 .debug_aranges
                0x00000c48      0x168 ./Drivers/STM32F4xx_HAL_Driver/Src/stm32f4xx_hal_tim_ex.o
 .debug_aranges
                0x00000db0      0x208 ./Drivers/STM32F4xx_HAL_Driver/Src/stm32f4xx_hal_uart.o

.debug_rnglists
                0x00000000      0xc43
 .debug_rnglists
                0x00000000       0x75 ./Core/Src/MainCPP.o
 .debug_rnglists
                0x00000075       0x4b ./Core/Src/main.o
 .debug_rnglists
                0x000000c0       0x39 ./Core/Src/stm32f4xx_hal_msp.o
 .debug_rnglists
                0x000000f9       0x61 ./Core/Src/stm32f4xx_it.o
 .debug_rnglists
                0x0000015a       0x1a ./Core/Src/system_stm32f4xx.o
 .debug_rnglists
                0x00000174       0x19 ./Core/Startup/startup_stm32f411ceux.o
 .debug_rnglists
                0x0000018d       0x6a ./Drivers/Async_Event_Loop/AsyncEventLoop.o
 .debug_rnglists
                0x000001f7       0x4a ./Drivers/KY-040/KY040.o
 .debug_rnglists
                0x00000241       0xaf ./Drivers/STM32F4xx_HAL_Driver/Src/stm32f4xx_hal.o
 .debug_rnglists
                0x000002f0       0xd4 ./Drivers/STM32F4xx_HAL_Driver/Src/stm32f4xx_hal_cortex.o
 .debug_rnglists
                0x000003c4       0x70 ./Drivers/STM32F4xx_HAL_Driver/Src/stm32f4xx_hal_dma.o
 .debug_rnglists
                0x00000434       0x3f ./Drivers/STM32F4xx_HAL_Driver/Src/stm32f4xx_hal_gpio.o
 .debug_rnglists
                0x00000473       0x66 ./Drivers/STM32F4xx_HAL_Driver/Src/stm32f4xx_hal_rcc.o
 .debug_rnglists
                0x000004d9      0x16f ./Drivers/STM32F4xx_HAL_Driver/Src/stm32f4xx_hal_spi.o
 .debug_rnglists
                0x00000648      0x31a ./Drivers/STM32F4xx_HAL_Driver/Src/stm32f4xx_hal_tim.o
 .debug_rnglists
                0x00000962      0x125 ./Drivers/STM32F4xx_HAL_Driver/Src/stm32f4xx_hal_tim_ex.o
 .debug_rnglists
                0x00000a87      0x1bc ./Drivers/STM32F4xx_HAL_Driver/Src/stm32f4xx_hal_uart.o

.debug_macro    0x00000000    0x186ec
 .debug_macro   0x00000000      0x21b ./Core/Src/MainCPP.o
 .debug_macro   0x0000021b      0xb8c ./Core/Src/MainCPP.o
 .debug_macro   0x00000da7      0x2a1 ./Core/Src/MainCPP.o
 .debug_macro   0x00001048       0x2e ./Core/Src/MainCPP.o
 .debug_macro   0x00001076       0x28 ./Core/Src/MainCPP.o
 .debug_macro   0x0000109e       0x1c ./Core/Src/MainCPP.o
 .debug_macro   0x000010ba       0x22 ./Core/Src/MainCPP.o
 .debug_macro   0x000010dc       0x8e ./Core/Src/MainCPP.o
 .debug_macro   0x0000116a       0x51 ./Core/Src/MainCPP.o
 .debug_macro   0x000011bb      0x103 ./Core/Src/MainCPP.o
 .debug_macro   0x000012be       0x6a ./Core/Src/MainCPP.o
 .debug_macro   0x00001328      0x1df ./Core/Src/MainCPP.o
 .debug_macro   0x00001507       0x1c ./Core/Src/MainCPP.o
 .debug_macro   0x00001523       0x22 ./Core/Src/MainCPP.o
 .debug_macro   0x00001545       0xfb ./Core/Src/MainCPP.o
 .debug_macro   0x00001640     0x1011 ./Core/Src/MainCPP.o
 .debug_macro   0x00002651      0x11f ./Core/Src/MainCPP.o
 .debug_macro   0x00002770     0xb953 ./Core/Src/MainCPP.o
 .debug_macro   0x0000e0c3       0x6d ./Core/Src/MainCPP.o
 .debug_macro   0x0000e130     0x368c ./Core/Src/MainCPP.o
 .debug_macro   0x000117bc      0x190 ./Core/Src/MainCPP.o
 .debug_macro   0x0001194c       0x5c ./Core/Src/MainCPP.o
 .debug_macro   0x000119a8      0x45c ./Core/Src/MainCPP.o
 .debug_macro   0x00011e04      0x9e9 ./Core/Src/MainCPP.o
 .debug_macro   0x000127ed      0x115 ./Core/Src/MainCPP.o
 .debug_macro   0x00012902      0x11b ./Core/Src/MainCPP.o
 .debug_macro   0x00012a1d       0xa5 ./Core/Src/MainCPP.o
 .debug_macro   0x00012ac2      0x15f ./Core/Src/MainCPP.o
 .debug_macro   0x00012c21      0x287 ./Core/Src/MainCPP.o
 .debug_macro   0x00012ea8       0x5f ./Core/Src/MainCPP.o
 .debug_macro   0x00012f07      0x236 ./Core/Src/MainCPP.o
 .debug_macro   0x0001313d      0x132 ./Core/Src/MainCPP.o
 .debug_macro   0x0001326f      0x264 ./Core/Src/MainCPP.o
 .debug_macro   0x000134d3       0x2e ./Core/Src/MainCPP.o
 .debug_macro   0x00013501      0x127 ./Core/Src/MainCPP.o
 .debug_macro   0x00013628       0x85 ./Core/Src/MainCPP.o
 .debug_macro   0x000136ad       0x89 ./Core/Src/MainCPP.o
 .debug_macro   0x00013736      0x225 ./Core/Src/MainCPP.o
 .debug_macro   0x0001395b      0x8ed ./Core/Src/MainCPP.o
 .debug_macro   0x00014248       0x47 ./Core/Src/MainCPP.o
 .debug_macro   0x0001428f      0x2aa ./Core/Src/MainCPP.o
 .debug_macro   0x00014539      0x126 ./Core/Src/MainCPP.o
 .debug_macro   0x0001465f       0x10 ./Core/Src/MainCPP.o
 .debug_macro   0x0001466f       0xa6 ./Core/Src/MainCPP.o
 .debug_macro   0x00014715      0x1f1 ./Core/Src/main.o
 .debug_macro   0x00014906      0xab4 ./Core/Src/main.o
 .debug_macro   0x000153ba     0x1011 ./Core/Src/main.o
 .debug_macro   0x000163cb      0x189 ./Core/Src/main.o
 .debug_macro   0x00016554       0xa0 ./Core/Src/main.o
 .debug_macro   0x000165f4      0x1e7 ./Core/Src/stm32f4xx_hal_msp.o
 .debug_macro   0x000167db      0x1f1 ./Core/Src/stm32f4xx_it.o
 .debug_macro   0x000169cc      0x1d8 ./Core/Src/system_stm32f4xx.o
 .debug_macro   0x00016ba4      0x1f4 ./Drivers/Async_Event_Loop/AsyncEventLoop.o
 .debug_macro   0x00016d98      0x21e ./Drivers/KY-040/KY040.o
 .debug_macro   0x00016fb6      0x1d6 ./Drivers/KY-040/KY040.o
 .debug_macro   0x0001718c       0x10 ./Drivers/KY-040/KY040.o
 .debug_macro   0x0001719c      0x417 ./Drivers/KY-040/KY040.o
 .debug_macro   0x000175b3      0x238 ./Drivers/STM32F4xx_HAL_Driver/Src/stm32f4xx_hal.o
 .debug_macro   0x000177eb      0x1d8 ./Drivers/STM32F4xx_HAL_Driver/Src/stm32f4xx_hal_cortex.o
 .debug_macro   0x000179c3      0x1de ./Drivers/STM32F4xx_HAL_Driver/Src/stm32f4xx_hal_dma.o
 .debug_macro   0x00017ba1      0x1de ./Drivers/STM32F4xx_HAL_Driver/Src/stm32f4xx_hal_gpio.o
 .debug_macro   0x00017d7f      0x1fc ./Drivers/STM32F4xx_HAL_Driver/Src/stm32f4xx_hal_rcc.o
 .debug_macro   0x00017f7b      0x1e7 ./Drivers/STM32F4xx_HAL_Driver/Src/stm32f4xx_hal_spi.o
 .debug_macro   0x00018162      0x1d9 ./Drivers/STM32F4xx_HAL_Driver/Src/stm32f4xx_hal_tim.o
 .debug_macro   0x0001833b      0x1d8 ./Drivers/STM32F4xx_HAL_Driver/Src/stm32f4xx_hal_tim_ex.o
 .debug_macro   0x00018513      0x1d9 ./Drivers/STM32F4xx_HAL_Driver/Src/stm32f4xx_hal_uart.o

.debug_line     0x00000000    0x123a3
 .debug_line    0x00000000      0xab8 ./Core/Src/MainCPP.o
 .debug_line    0x00000ab8      0xa20 ./Core/Src/main.o
 .debug_line    0x000014d8      0x90f ./Core/Src/stm32f4xx_hal_msp.o
 .debug_line    0x00001de7      0x94a ./Core/Src/stm32f4xx_it.o
 .debug_line    0x00002731      0x894 ./Core/Src/system_stm32f4xx.o
 .debug_line    0x00002fc5       0x7a ./Core/Startup/startup_stm32f411ceux.o
 .debug_line    0x0000303f      0xa5e ./Drivers/Async_Event_Loop/AsyncEventLoop.o
 .debug_line    0x00003a9d      0xc4c ./Drivers/KY-040/KY040.o
 .debug_line    0x000046e9      0xafd ./Drivers/STM32F4xx_HAL_Driver/Src/stm32f4xx_hal.o
 .debug_line    0x000051e6      0xdc5 ./Drivers/STM32F4xx_HAL_Driver/Src/stm32f4xx_hal_cortex.o
 .debug_line    0x00005fab     0x106d ./Drivers/STM32F4xx_HAL_Driver/Src/stm32f4xx_hal_dma.o
 .debug_line    0x00007018      0xc4d ./Drivers/STM32F4xx_HAL_Driver/Src/stm32f4xx_hal_gpio.o
 .debug_line    0x00007c65      0xe6e ./Drivers/STM32F4xx_HAL_Driver/Src/stm32f4xx_hal_rcc.o
 .debug_line    0x00008ad3     0x1df8 ./Drivers/STM32F4xx_HAL_Driver/Src/stm32f4xx_hal_spi.o
 .debug_line    0x0000a8cb     0x367b ./Drivers/STM32F4xx_HAL_Driver/Src/stm32f4xx_hal_tim.o
 .debug_line    0x0000df46     0x1a8e ./Drivers/STM32F4xx_HAL_Driver/Src/stm32f4xx_hal_tim_ex.o
 .debug_line    0x0000f9d4     0x29cf ./Drivers/STM32F4xx_HAL_Driver/Src/stm32f4xx_hal_uart.o

.debug_str      0x00000000    0x8f088
 .debug_str     0x00000000    0x88f54 ./Core/Src/MainCPP.o
                              0x89294 (size before relaxing)
 .debug_str     0x00088f54     0x11a3 ./Core/Src/main.o
                              0x89760 (size before relaxing)
 .debug_str     0x0008a0f7       0xf3 ./Core/Src/stm32f4xx_hal_msp.o
                              0x89569 (size before relaxing)
 .debug_str     0x0008a1ea      0x186 ./Core/Src/stm32f4xx_it.o
                              0x88ee7 (size before relaxing)
 .debug_str     0x0008a370       0xdb ./Core/Src/system_stm32f4xx.o
                              0x88576 (size before relaxing)
 .debug_str     0x0008a44b       0x44 ./Core/Startup/startup_stm32f411ceux.o
                                 0x78 (size before relaxing)
 .debug_str     0x0008a48f      0x25c ./Drivers/Async_Event_Loop/AsyncEventLoop.o
                              0x88d9e (size before relaxing)
 .debug_str     0x0008a6eb     0x1c8a ./Drivers/KY-040/KY040.o
                              0x8a745 (size before relaxing)
 .debug_str     0x0008c375      0x593 ./Drivers/STM32F4xx_HAL_Driver/Src/stm32f4xx_hal.o
                              0x88fa2 (size before relaxing)
 .debug_str     0x0008c908      0x327 ./Drivers/STM32F4xx_HAL_Driver/Src/stm32f4xx_hal_cortex.o
                              0x88cda (size before relaxing)
 .debug_str     0x0008cc2f      0x2e6 ./Drivers/STM32F4xx_HAL_Driver/Src/stm32f4xx_hal_dma.o
                              0x8897e (size before relaxing)
 .debug_str     0x0008cf15       0xe8 ./Drivers/STM32F4xx_HAL_Driver/Src/stm32f4xx_hal_gpio.o
                              0x886f1 (size before relaxing)
 .debug_str     0x0008cffd      0x21d ./Drivers/STM32F4xx_HAL_Driver/Src/stm32f4xx_hal_rcc.o
                              0x889aa (size before relaxing)
 .debug_str     0x0008d21a      0x56d ./Drivers/STM32F4xx_HAL_Driver/Src/stm32f4xx_hal_spi.o
                              0x88e28 (size before relaxing)
 .debug_str     0x0008d787      0xe0a ./Drivers/STM32F4xx_HAL_Driver/Src/stm32f4xx_hal_tim.o
                              0x898ee (size before relaxing)
 .debug_str     0x0008e591      0x503 ./Drivers/STM32F4xx_HAL_Driver/Src/stm32f4xx_hal_tim_ex.o
                              0x890fa (size before relaxing)
 .debug_str     0x0008ea94      0x5f4 ./Drivers/STM32F4xx_HAL_Driver/Src/stm32f4xx_hal_uart.o
                              0x88f79 (size before relaxing)

.comment        0x00000000       0x43
 .comment       0x00000000       0x43 ./Core/Src/MainCPP.o
                                 0x44 (size before relaxing)
 .comment       0x00000043       0x44 ./Core/Src/main.o
 .comment       0x00000043       0x44 ./Core/Src/stm32f4xx_hal_msp.o
 .comment       0x00000043       0x44 ./Core/Src/stm32f4xx_it.o
 .comment       0x00000043       0x44 ./Core/Src/system_stm32f4xx.o
 .comment       0x00000043       0x44 ./Drivers/Async_Event_Loop/AsyncEventLoop.o
 .comment       0x00000043       0x44 ./Drivers/KY-040/KY040.o
 .comment       0x00000043       0x44 ./Drivers/STM32F4xx_HAL_Driver/Src/stm32f4xx_hal.o
 .comment       0x00000043       0x44 ./Drivers/STM32F4xx_HAL_Driver/Src/stm32f4xx_hal_cortex.o
 .comment       0x00000043       0x44 ./Drivers/STM32F4xx_HAL_Driver/Src/stm32f4xx_hal_dma.o
 .comment       0x00000043       0x44 ./Drivers/STM32F4xx_HAL_Driver/Src/stm32f4xx_hal_gpio.o
 .comment       0x00000043       0x44 ./Drivers/STM32F4xx_HAL_Driver/Src/stm32f4xx_hal_rcc.o
 .comment       0x00000043       0x44 ./Drivers/STM32F4xx_HAL_Driver/Src/stm32f4xx_hal_spi.o
 .comment       0x00000043       0x44 ./Drivers/STM32F4xx_HAL_Driver/Src/stm32f4xx_hal_tim.o
 .comment       0x00000043       0x44 ./Drivers/STM32F4xx_HAL_Driver/Src/stm32f4xx_hal_tim_ex.o
 .comment       0x00000043       0x44 ./Drivers/STM32F4xx_HAL_Driver/Src/stm32f4xx_hal_uart.o

.debug_frame    0x00000000     0x4570
 .debug_frame   0x00000000      0x24c ./Core/Src/MainCPP.o
 .debug_frame   0x0000024c      0x150 ./Core/Src/main.o
 .debug_frame   0x0000039c      0x110 ./Core/Src/stm32f4xx_hal_msp.o
 .debug_frame   0x000004ac      0x190 ./Core/Src/stm32f4xx_it.o
 .debug_frame   0x0000063c       0x58 ./Core/Src/system_stm32f4xx.o
 .debug_frame   0x00000694      0x25c ./Drivers/Async_Event_Loop/AsyncEventLoop.o
 .debug_frame   0x000008f0      0x190 ./Drivers/KY-040/KY040.o
 .debug_frame   0x00000a80      0x374 ./Drivers/STM32F4xx_HAL_Driver/Src/stm32f4xx_hal.o
 .debug_frame   0x00000df4      0x4b8 ./Drivers/STM32F4xx_HAL_Driver/Src/stm32f4xx_hal_cortex.o
 .debug_frame   0x000012ac      0x250 ./Drivers/STM32F4xx_HAL_Driver/Src/stm32f4xx_hal_dma.o
 .debug_frame   0x000014fc      0x14c ./Drivers/STM32F4xx_HAL_Driver/Src/stm32f4xx_hal_gpio.o
 .debug_frame   0x00001648      0x1f4 ./Drivers/STM32F4xx_HAL_Driver/Src/stm32f4xx_hal_rcc.o
 .debug_frame   0x0000183c      0x828 ./Drivers/STM32F4xx_HAL_Driver/Src/stm32f4xx_hal_spi.o
 .debug_frame   0x00002064     0x11b8 ./Drivers/STM32F4xx_HAL_Driver/Src/stm32f4xx_hal_tim.o
 .debug_frame   0x0000321c      0x638 ./Drivers/STM32F4xx_HAL_Driver/Src/stm32f4xx_hal_tim_ex.o
 .debug_frame   0x00003854      0x954 ./Drivers/STM32F4xx_HAL_Driver/Src/stm32f4xx_hal_uart.o
 .debug_frame   0x000041a8       0x20 D:/Programas Permanentes/STM32CubeIDE_1.15.1/STM32CubeIDE/plugins/com.st.stm32cube.ide.mcu.externaltools.gnu-tools-for-stm32.12.3.rel1.win32_1.0.100.202403111256/tools/bin/../lib/gcc/arm-none-eabi/12.3.1/../../../../arm-none-eabi/lib/thumb/v7e-m+fp/hard\libstdc++_nano.a(del_ops.o)
 .debug_frame   0x000041c8       0x20 D:/Programas Permanentes/STM32CubeIDE_1.15.1/STM32CubeIDE/plugins/com.st.stm32cube.ide.mcu.externaltools.gnu-tools-for-stm32.12.3.rel1.win32_1.0.100.202403111256/tools/bin/../lib/gcc/arm-none-eabi/12.3.1/../../../../arm-none-eabi/lib/thumb/v7e-m+fp/hard\libstdc++_nano.a(del_op.o)
 .debug_frame   0x000041e8       0x30 D:/Programas Permanentes/STM32CubeIDE_1.15.1/STM32CubeIDE/plugins/com.st.stm32cube.ide.mcu.externaltools.gnu-tools-for-stm32.12.3.rel1.win32_1.0.100.202403111256/tools/bin/../lib/gcc/arm-none-eabi/12.3.1/../../../../arm-none-eabi/lib/thumb/v7e-m+fp/hard\libc_nano.a(libc_a-malloc.o)
 .debug_frame   0x00004218       0x50 D:/Programas Permanentes/STM32CubeIDE_1.15.1/STM32CubeIDE/plugins/com.st.stm32cube.ide.mcu.externaltools.gnu-tools-for-stm32.12.3.rel1.win32_1.0.100.202403111256/tools/bin/../lib/gcc/arm-none-eabi/12.3.1/../../../../arm-none-eabi/lib/thumb/v7e-m+fp/hard\libc_nano.a(libc_a-mallocr.o)
 .debug_frame   0x00004268       0x30 D:/Programas Permanentes/STM32CubeIDE_1.15.1/STM32CubeIDE/plugins/com.st.stm32cube.ide.mcu.externaltools.gnu-tools-for-stm32.12.3.rel1.win32_1.0.100.202403111256/tools/bin/../lib/gcc/arm-none-eabi/12.3.1/../../../../arm-none-eabi/lib/thumb/v7e-m+fp/hard\libc_nano.a(libc_a-mlock.o)
 .debug_frame   0x00004298      0x144 D:/Programas Permanentes/STM32CubeIDE_1.15.1/STM32CubeIDE/plugins/com.st.stm32cube.ide.mcu.externaltools.gnu-tools-for-stm32.12.3.rel1.win32_1.0.100.202403111256/tools/bin/../lib/gcc/arm-none-eabi/12.3.1/../../../../arm-none-eabi/lib/thumb/v7e-m+fp/hard\libc_nano.a(libc_a-findfp.o)
 .debug_frame   0x000043dc       0x20 D:/Programas Permanentes/STM32CubeIDE_1.15.1/STM32CubeIDE/plugins/com.st.stm32cube.ide.mcu.externaltools.gnu-tools-for-stm32.12.3.rel1.win32_1.0.100.202403111256/tools/bin/../lib/gcc/arm-none-eabi/12.3.1/../../../../arm-none-eabi/lib/thumb/v7e-m+fp/hard\libc_nano.a(libc_a-memset.o)
 .debug_frame   0x000043fc       0x2c D:/Programas Permanentes/STM32CubeIDE_1.15.1/STM32CubeIDE/plugins/com.st.stm32cube.ide.mcu.externaltools.gnu-tools-for-stm32.12.3.rel1.win32_1.0.100.202403111256/tools/bin/../lib/gcc/arm-none-eabi/12.3.1/../../../../arm-none-eabi/lib/thumb/v7e-m+fp/hard\libc_nano.a(libc_a-init.o)
 .debug_frame   0x00004428       0xb0 D:/Programas Permanentes/STM32CubeIDE_1.15.1/STM32CubeIDE/plugins/com.st.stm32cube.ide.mcu.externaltools.gnu-tools-for-stm32.12.3.rel1.win32_1.0.100.202403111256/tools/bin/../lib/gcc/arm-none-eabi/12.3.1/../../../../arm-none-eabi/lib/thumb/v7e-m+fp/hard\libc_nano.a(libc_a-lock.o)
 .debug_frame   0x000044d8       0x38 D:/Programas Permanentes/STM32CubeIDE_1.15.1/STM32CubeIDE/plugins/com.st.stm32cube.ide.mcu.externaltools.gnu-tools-for-stm32.12.3.rel1.win32_1.0.100.202403111256/tools/bin/../lib/gcc/arm-none-eabi/12.3.1/../../../../arm-none-eabi/lib/thumb/v7e-m+fp/hard\libc_nano.a(libc_a-freer.o)
 .debug_frame   0x00004510       0x2c D:/Programas Permanentes/STM32CubeIDE_1.15.1/STM32CubeIDE/plugins/com.st.stm32cube.ide.mcu.externaltools.gnu-tools-for-stm32.12.3.rel1.win32_1.0.100.202403111256/tools/bin/../lib/gcc/arm-none-eabi/12.3.1/thumb/v7e-m+fp/hard\libgcc.a(_aeabi_uldivmod.o)
 .debug_frame   0x0000453c       0x34 D:/Programas Permanentes/STM32CubeIDE_1.15.1/STM32CubeIDE/plugins/com.st.stm32cube.ide.mcu.externaltools.gnu-tools-for-stm32.12.3.rel1.win32_1.0.100.202403111256/tools/bin/../lib/gcc/arm-none-eabi/12.3.1/thumb/v7e-m+fp/hard\libgcc.a(_udivmoddi4.o)

.debug_line_str
                0x00000000       0x5c
 .debug_line_str
                0x00000000       0x5c ./Core/Startup/startup_stm32f411ceux.o
