../Drivers/LCD/lcd.c:82:13:setSPI_Size	16	static
../Drivers/LCD/lcd.c:109:13:setDMAMemMode	16	static
../Drivers/LCD/lcd.c:168:13:LCD_WriteCommand	16	static
../Drivers/LCD/lcd.c:191:13:LCD_WriteData	24	static
../Drivers/LCD/lcd.c:253:6:LCD_SetRotation	24	static
../Drivers/LCD/lcd.c:299:13:LCD_SetAddressWindow	56	static
../Drivers/LCD/lcd.c:328:6:LCD_DrawPixel	24	static
../Drivers/LCD/lcd.c:349:6:LCD_DrawPixelFB	16	static
../Drivers/LCD/lcd.c:358:6:LCD_FillPixels	152	static
../Drivers/LCD/lcd.c:387:8:LCD_Fill	32	static
../Drivers/LCD/lcd.c:411:6:LCD_InvertColors	24	static
../Drivers/LCD/lcd.c:422:6:LCD_TearEffect	24	static
../Drivers/LCD/lcd.c:428:6:LCD_setPower	24	static
../Drivers/LCD/lcd.c:434:6:LCD_Update	8	static
../Drivers/LCD/lcd.c:458:6:LCD_init	24	static
