../Core/Src/main.c:77:5:main	8	static
../Core/Src/main.c:133:6:SystemClock_Config	88	static
../Core/Src/main.c:180:13:MX_SPI1_Init	8	static
../Core/Src/main.c:218:13:MX_TIM11_Init	8	static
../Core/Src/main.c:249:13:MX_USART1_UART_Init	8	static
../Core/Src/main.c:280:13:MX_DMA_Init	16	static
../Core/Src/main.c:298:13:MX_GPIO_Init	48	static
../Core/Src/main.c:380:6:HAL_GPIO_EXTI_Callback	16	static
../Core/Src/main.c:386:6:HAL_TIM_PeriodElapsedCallback	16	static
../Core/Src/main.c:398:6:Error_Handler	4	static,ignoring_inline_asm
