../Core/Src/../../Drivers/KY-040/KY040.hpp:20:13:void toPerformPlaceholder()	4	static,ignoring_inline_asm
../Core/Src/../../Drivers/Async_Event_Loop/Types.hpp:29:3:QueueableClass::QueueableClass()	16	static
../Core/Src/../../Drivers/Async_Event_Loop/Types.hpp:34:32:virtual QueueableReturnValue QueueableClass::getState()	16	static
../Core/Src/../../Drivers/Async_Event_Loop/Types.hpp:38:16:virtual void QueueableClass::setNextClass(QueueableClass*)	16	static
../Core/Src/../../Drivers/Async_Event_Loop/Types.hpp:42:27:virtual QueueableClass* QueueableClass::getNextClass()	16	static
../Core/Src/../../Drivers/Async_Event_Loop/Types.hpp:49:16:virtual void QueueableClass::requeue()	16	static
../Core/Src/../../Drivers/Async_Event_Loop/Types.hpp:56:16:virtual void QueueableClass::enqueue()	16	static
../Core/Src/../../Drivers/Async_Event_Loop/Types.hpp:61:16:virtual void QueueableClass::EXECUTE()	24	static
../Core/Src/../../Drivers/Async_Event_Loop/Types.hpp:97:16:virtual void QueueableClass::setState(QueueableReturnValue)	16	static
../Core/Src/MainCPP.cpp:22:7:void beepActionWrapper()	8	static
../Core/Src/MainCPP.cpp:36:6:void MainCPP()	8	static
../Core/Src/MainCPP.cpp:60:7:void EVENT_LOOP_WRAPPER()	8	static
../Core/Src/MainCPP.cpp:63:7:void RotaryEncoderWrapper()	8	static
../Core/Src/MainCPP.cpp:66:7:void MainC()	8	static
../Core/Src/MainCPP.cpp:69:1:void __static_initialization_and_destruction_0(int, int)	40	static
../Core/Src/MainCPP.cpp:69:1:cpp)	8	static
../Core/Src/MainCPP.cpp:69:1:cpp)	8	static
