../Drivers/STM32F4xx_HAL_Driver/Inc/../../KY-040/KY040.hpp:15:13:void toPerformPlaceholder()	4	static,ignoring_inline_asm
../Core/Src/MainCPP.cpp:25:6:void MainCPP()	8	static
../Core/Src/MainCPP.cpp:40:6:void beep()	16	static,ignoring_inline_asm
../Core/Src/MainCPP.cpp:54:7:void RotaryEncoderWrapper()	8	static
../Core/Src/MainCPP.cpp:57:7:void MainC()	8	static
../Core/Src/MainCPP.cpp:60:1:void __static_initialization_and_destruction_0(int, int)	40	static
../Core/Src/MainCPP.cpp:60:1:cpp)	8	static
../Core/Src/MainCPP.cpp:60:1:cpp)	8	static
