../Drivers/Async_Event_Loop/../Async_Event_Loop/Types.hpp:36:32:virtual QueueableReturnValue QueueableClass::getState()	16	static
../Drivers/Async_Event_Loop/../Async_Event_Loop/Types.hpp:40:16:virtual void QueueableClass::setNextClass(QueueableClass*)	16	static
../Drivers/Async_Event_Loop/../Async_Event_Loop/Types.hpp:44:27:virtual QueueableClass* QueueableClass::getNextClass()	16	static
../Drivers/Async_Event_Loop/AsyncEventLoop.cpp:11:1:Async_Event_Loop::Async_Event_Loop()	16	static
../Drivers/Async_Event_Loop/AsyncEventLoop.cpp:17:1:Async_Event_Loop::~Async_Event_Loop()	16	static
../Drivers/Async_Event_Loop/AsyncEventLoop.cpp:17:1:virtual Async_Event_Loop::~Async_Event_Loop()	16	static
../Drivers/Async_Event_Loop/AsyncEventLoop.cpp:21:6:virtual void Async_Event_Loop::setBeginning(QueueableClass*)	16	static
../Drivers/Async_Event_Loop/AsyncEventLoop.cpp:25:17:virtual QueueableClass* Async_Event_Loop::getBeginning()	16	static
../Drivers/Async_Event_Loop/AsyncEventLoop.cpp:29:6:virtual void Async_Event_Loop::setPrevious(QueueableClass*)	16	static
../Drivers/Async_Event_Loop/AsyncEventLoop.cpp:33:17:virtual QueueableClass* Async_Event_Loop::getPrevious()	16	static
../Drivers/Async_Event_Loop/AsyncEventLoop.cpp:37:6:virtual void Async_Event_Loop::setEnd(QueueableClass*)	16	static
../Drivers/Async_Event_Loop/AsyncEventLoop.cpp:41:17:virtual QueueableClass* Async_Event_Loop::getEnd()	16	static
../Drivers/Async_Event_Loop/AsyncEventLoop.cpp:45:6:virtual void Async_Event_Loop::enqueue(QueueableClass*)	16	static
../Drivers/Async_Event_Loop/AsyncEventLoop.cpp:65:6:virtual void Async_Event_Loop::dequeue(QueueableClass*)	24	static
../Drivers/Async_Event_Loop/AsyncEventLoop.cpp:81:6:virtual void Async_Event_Loop::ASYNC_LOOP()	32	static
